ROSTER: none (this PDF is not in the catalog)
GATHER
  rungs: labels text_layer=on surya=off (not installed) tesseract=off | directions OMR_DIRECTION_TEXT=0 surya=off (not installed) tesseract=off
  gather detections cell/1/0/0/0: 11
  gather detections cell/1/0/0/1: 4
  gather detections cell/1/0/0/2: 3
  gather detections cell/1/0/0/3: 3
  gather detections cell/1/0/0/4: 2
  gather detections cell/1/0/0/5: 3
  gather detections cell/1/0/0/6: 27
  gather detections cell/1/0/0/7: 10
  gather detections cell/1/0/0/8: 8
  gather detections cell/1/0/0/9: 9
  gather detections cell/1/0/1/0: 12
  gather detections cell/1/0/1/1: 7
  gather detections cell/1/0/1/2: 8
  gather detections cell/1/0/1/3: 2
  gather detections cell/1/0/1/4: 1
  gather detections cell/1/0/1/5: 1
  gather detections cell/1/0/1/6: 22
  gather detections cell/1/0/1/7: 8
  gather detections cell/1/0/1/8: 8
  gather detections cell/1/0/1/9: 10
  gather detections cell/1/0/2/0: 9
  gather detections cell/1/0/2/1: 7
  gather detections cell/1/0/2/2: 6
  gather detections cell/1/0/2/3: 1
  gather detections cell/1/0/2/4: 1
  gather detections cell/1/0/2/6: 13
  gather detections cell/1/0/2/7: 8
  gather detections cell/1/0/2/8: 7
  gather detections cell/1/0/2/9: 11
  gather detections cell/1/0/3/0: 9
  gather detections cell/1/0/3/1: 4
  gather detections cell/1/0/3/2: 1
  gather detections cell/1/0/3/3: 5
  gather detections cell/1/0/3/4: 4
  gather detections cell/1/0/3/5: 3
  gather detections cell/1/0/3/6: 16
  gather detections cell/1/0/3/7: 5
  gather detections cell/1/0/3/8: 1
  gather detections cell/1/0/3/9: 8
  gather detections cell/1/0/4/0: 8
  gather detections cell/1/0/4/1: 1
  gather detections cell/1/0/4/2: 5
  gather detections cell/1/0/4/3: 9
  gather detections cell/1/0/4/4: 10
  gather detections cell/1/0/4/5: 4
  gather detections cell/1/0/4/6: 9
  gather detections cell/1/0/4/7: 7
  gather detections cell/1/0/4/8: 6
  gather detections cell/1/0/4/9: 8
  gather detections cell/1/0/5/0: 5
  gather detections cell/1/0/5/1: 3
  gather detections cell/1/0/5/2: 8
  gather detections cell/1/0/5/3: 10
  gather detections cell/1/0/5/4: 10
  gather detections cell/1/0/5/5: 2
  gather detections cell/1/0/5/6: 26
  gather detections cell/1/0/5/7: 10
  gather detections cell/1/0/5/8: 9
  gather detections cell/1/0/5/9: 11
  gather detections cell/1/0/6/0: 5
  gather detections cell/1/0/6/1: 2
  gather detections cell/1/0/6/2: 5
  gather detections cell/1/0/6/3: 6
  gather detections cell/1/0/6/4: 5
  gather detections cell/1/0/6/5: 3
  gather detections cell/1/0/6/6: 16
  gather detections cell/1/0/6/7: 6
  gather detections cell/1/0/6/8: 5
  gather detections cell/1/0/6/9: 7
  gather detections cell/1/0/7/0: 14
  gather detections cell/1/0/7/1: 4
  gather detections cell/1/0/7/2: 9
  gather detections cell/1/0/7/3: 10
  gather detections cell/1/0/7/4: 9
  gather detections cell/1/0/7/5: 6
  gather detections cell/1/0/7/6: 9
  gather detections cell/1/0/7/7: 8
  gather detections cell/1/0/7/8: 10
  gather detections cell/1/0/7/9: 9
  gather detections cell/1/0/8/0: 11
  gather detections cell/1/0/8/1: 5
  gather detections cell/1/0/8/2: 8
  gather detections cell/1/0/8/3: 10
  gather detections cell/1/0/8/4: 11
  gather detections cell/1/0/8/5: 10
  gather detections cell/1/0/8/6: 15
  gather detections cell/1/0/8/7: 8
  gather detections cell/1/0/8/8: 12
  gather detections cell/1/0/8/9: 20
  gather detections cell/1/0/9/0: 23
  gather detections cell/1/0/9/1: 8
  gather detections cell/1/0/9/2: 15
  gather detections cell/1/0/9/3: 10
  gather detections cell/1/0/9/4: 14
  gather detections cell/1/0/9/5: 13
  gather detections cell/1/0/9/6: 15
  gather detections cell/1/0/9/7: 10
  gather detections cell/1/0/9/8: 16
  gather detections cell/1/0/9/9: 15
  gather detections cell/1/0/10/0: 13
  gather detections cell/1/0/10/1: 7
  gather detections cell/1/0/10/2: 12
  gather detections cell/1/0/10/3: 8
  gather detections cell/1/0/10/4: 7
  gather detections cell/1/0/10/5: 10
  gather detections cell/1/0/10/6: 11
  gather detections cell/1/0/10/7: 8
  gather detections cell/1/0/10/8: 8
  gather detections cell/1/0/10/9: 14
  gather detections cell/1/0/11/0: 13
  gather detections cell/1/0/11/1: 3
  gather detections cell/1/0/11/2: 7
  gather detections cell/1/0/11/3: 7
  gather detections cell/1/0/11/4: 4
  gather detections cell/1/0/11/5: 6
  gather detections cell/1/0/11/6: 8
  gather detections cell/1/0/11/7: 7
  gather detections cell/1/0/11/8: 4
  gather detections cell/1/0/11/9: 15
  gather detections cell/1/1/0/0: 19
  gather detections cell/1/1/0/1: 6
  gather detections cell/1/1/0/2: 5
  gather detections cell/1/1/0/3: 4
  gather detections cell/1/1/0/5: 3
  gather detections cell/1/1/0/6: 1
  gather detections cell/1/1/0/7: 7
  gather detections cell/1/1/0/8: 1
  gather detections cell/1/1/0/10: 5
  gather detections cell/1/1/1/0: 16
  gather detections cell/1/1/1/1: 3
  gather detections cell/1/1/1/2: 7
  gather detections cell/1/1/1/3: 2
  gather detections cell/1/1/1/4: 2
  gather detections cell/1/1/1/5: 2
  gather detections cell/1/1/1/6: 1
  gather detections cell/1/1/1/7: 6
  gather detections cell/1/1/1/8: 8
  gather detections cell/1/1/1/9: 4
  gather detections cell/1/1/1/10: 7
  gather detections cell/1/1/2/0: 15
  gather detections cell/1/1/2/1: 3
  gather detections cell/1/1/2/2: 7
  gather detections cell/1/1/2/3: 8
  gather detections cell/1/1/2/4: 3
  gather detections cell/1/1/2/5: 7
  gather detections cell/1/1/2/6: 8
  gather detections cell/1/1/2/7: 4
  gather detections cell/1/1/2/8: 10
  gather detections cell/1/1/2/9: 9
  gather detections cell/1/1/2/10: 7
  gather detections cell/1/1/3/0: 15
  gather detections cell/1/1/3/1: 9
  gather detections cell/1/1/3/2: 13
  gather detections cell/1/1/3/3: 8
  gather detections cell/1/1/3/4: 8
  gather detections cell/1/1/3/5: 7
  gather detections cell/1/1/3/6: 7
  gather detections cell/1/1/3/7: 6
  gather detections cell/1/1/3/8: 8
  gather detections cell/1/1/3/9: 7
  gather detections cell/1/1/3/10: 10
  gather detections cell/1/1/4/0: 14
  gather detections cell/1/1/4/1: 6
  gather detections cell/1/1/4/2: 4
  gather detections cell/1/1/4/3: 7
  gather detections cell/1/1/4/4: 7
  gather detections cell/1/1/4/5: 6
  gather detections cell/1/1/4/6: 6
  gather detections cell/1/1/4/7: 5
  gather detections cell/1/1/4/8: 6
  gather detections cell/1/1/4/9: 6
  gather detections cell/1/1/4/10: 10
  gather detections cell/1/1/5/0: 27
  gather detections cell/1/1/5/1: 6
  gather detections cell/1/1/5/2: 4
  gather detections cell/1/1/5/3: 11
  gather detections cell/1/1/5/4: 13
  gather detections cell/1/1/5/5: 8
  gather detections cell/1/1/5/6: 5
  gather detections cell/1/1/5/7: 12
  gather detections cell/1/1/5/8: 10
  gather detections cell/1/1/5/9: 8
  gather detections cell/1/1/5/10: 6
  gather detections cell/1/1/6/0: 22
  gather detections cell/1/1/6/1: 7
  gather detections cell/1/1/6/2: 5
  gather detections cell/1/1/6/3: 10
  gather detections cell/1/1/6/4: 19
  gather detections cell/1/1/6/5: 15
  gather detections cell/1/1/6/6: 12
  gather detections cell/1/1/6/7: 9
  gather detections cell/1/1/6/8: 10
  gather detections cell/1/1/6/9: 16
  gather detections cell/1/1/6/10: 12
  gather detections cell/1/1/7/0: 23
  gather detections cell/1/1/7/1: 14
  gather detections cell/1/1/7/2: 9
  gather detections cell/1/1/7/3: 12
  gather detections cell/1/1/7/4: 13
  gather detections cell/1/1/7/5: 14
  gather detections cell/1/1/7/6: 11
  gather detections cell/1/1/7/7: 11
  gather detections cell/1/1/7/8: 13
  gather detections cell/1/1/7/9: 15
  gather detections cell/1/1/7/10: 10
  gather detections cell/1/1/8/0: 19
  gather detections cell/1/1/8/1: 13
  gather detections cell/1/1/8/2: 2
  gather detections cell/1/1/8/3: 6
  gather detections cell/1/1/8/4: 4
  gather detections cell/1/1/8/5: 5
  gather detections cell/1/1/8/6: 10
  gather detections cell/1/1/8/7: 12
  gather detections cell/1/1/8/8: 10
  gather detections cell/1/1/8/9: 8
  gather detections cell/1/1/8/10: 16
  gather detections cell/2/0/0/0: 6
  gather detections cell/2/0/0/1: 4
  gather detections cell/2/0/0/2: 8
  gather detections cell/2/0/0/3: 9
  gather detections cell/2/0/0/4: 8
  gather detections cell/2/0/0/5: 15
  gather detections cell/2/0/0/6: 16
  gather detections cell/2/0/0/7: 24
  gather detections cell/2/0/0/8: 13
  gather detections cell/2/0/1/0: 13
  gather detections cell/2/0/1/1: 9
  gather detections cell/2/0/1/2: 9
  gather detections cell/2/0/1/3: 12
  gather detections cell/2/0/1/4: 10
  gather detections cell/2/0/1/5: 16
  gather detections cell/2/0/1/6: 13
  gather detections cell/2/0/1/7: 15
  gather detections cell/2/0/1/8: 12
  gather detections cell/2/0/2/0: 11
  gather detections cell/2/0/2/1: 2
  gather detections cell/2/0/2/2: 10
  gather detections cell/2/0/2/3: 8
  gather detections cell/2/0/2/4: 7
  gather detections cell/2/0/2/5: 16
  gather detections cell/2/0/2/6: 11
  gather detections cell/2/0/2/7: 9
  gather detections cell/2/0/2/8: 8
  gather detections cell/2/0/3/0: 7
  gather detections cell/2/0/3/1: 8
  gather detections cell/2/0/3/2: 8
  gather detections cell/2/0/3/3: 8
  gather detections cell/2/0/3/4: 5
  gather detections cell/2/0/3/5: 19
  gather detections cell/2/0/3/6: 10
  gather detections cell/2/0/3/7: 10
  gather detections cell/2/0/3/8: 10
  gather detections cell/2/0/4/0: 13
  gather detections cell/2/0/4/1: 10
  gather detections cell/2/0/4/2: 9
  gather detections cell/2/0/4/3: 5
  gather detections cell/2/0/4/4: 3
  gather detections cell/2/0/4/5: 14
  gather detections cell/2/0/4/6: 11
  gather detections cell/2/0/4/7: 13
  gather detections cell/2/0/4/8: 15
  gather detections cell/2/0/5/0: 19
  gather detections cell/2/0/5/1: 7
  gather detections cell/2/0/5/2: 16
  gather detections cell/2/0/5/3: 7
  gather detections cell/2/0/5/4: 10
  gather detections cell/2/0/5/5: 28
  gather detections cell/2/0/5/6: 15
  gather detections cell/2/0/5/7: 13
  gather detections cell/2/0/5/8: 15
  gather detections cell/2/0/6/0: 14
  gather detections cell/2/0/6/1: 8
  gather detections cell/2/0/6/2: 15
  gather detections cell/2/0/6/3: 8
  gather detections cell/2/0/6/4: 9
  gather detections cell/2/0/6/5: 24
  gather detections cell/2/0/6/6: 14
  gather detections cell/2/0/6/7: 15
  gather detections cell/2/0/6/8: 13
  gather detections cell/2/0/7/0: 11
  gather detections cell/2/0/7/1: 7
  gather detections cell/2/0/7/2: 6
  gather detections cell/2/0/7/3: 11
  gather detections cell/2/0/7/4: 10
  gather detections cell/2/0/7/5: 22
  gather detections cell/2/0/7/6: 16
  gather detections cell/2/0/7/7: 11
  gather detections cell/2/0/7/8: 19
  gather detections cell/2/0/8/0: 11
  gather detections cell/2/0/8/1: 6
  gather detections cell/2/0/8/2: 7
  gather detections cell/2/0/8/3: 10
  gather detections cell/2/0/8/4: 6
  gather detections cell/2/0/8/5: 20
  gather detections cell/2/0/8/6: 9
  gather detections cell/2/0/8/7: 9
  gather detections cell/2/0/8/8: 10
  gather detections cell/2/1/0/0: 13
  gather detections cell/2/1/0/1: 20
  gather detections cell/2/1/0/2: 15
  gather detections cell/2/1/0/3: 18
  gather detections cell/2/1/0/4: 12
  gather detections cell/2/1/0/5: 14
  gather detections cell/2/1/0/6: 15
  gather detections cell/2/1/0/7: 16
  gather detections cell/2/1/0/8: 24
  gather detections cell/2/1/0/9: 22
  gather detections cell/2/1/1/0: 14
  gather detections cell/2/1/1/1: 14
  gather detections cell/2/1/1/2: 14
  gather detections cell/2/1/1/3: 14
  gather detections cell/2/1/1/4: 12
  gather detections cell/2/1/1/5: 17
  gather detections cell/2/1/1/6: 17
  gather detections cell/2/1/1/7: 16
  gather detections cell/2/1/1/8: 11
  gather detections cell/2/1/1/9: 19
  gather detections cell/2/1/2/0: 16
  gather detections cell/2/1/2/1: 14
  gather detections cell/2/1/2/2: 8
  gather detections cell/2/1/2/3: 13
  gather detections cell/2/1/2/4: 5
  gather detections cell/2/1/2/5: 15
  gather detections cell/2/1/2/6: 6
  gather detections cell/2/1/2/7: 12
  gather detections cell/2/1/2/8: 16
  gather detections cell/2/1/2/9: 19
  gather detections cell/2/1/3/0: 14
  gather detections cell/2/1/3/1: 19
  gather detections cell/2/1/3/2: 11
  gather detections cell/2/1/3/3: 11
  gather detections cell/2/1/3/4: 8
  gather detections cell/2/1/3/5: 15
  gather detections cell/2/1/3/6: 8
  gather detections cell/2/1/3/7: 9
  gather detections cell/2/1/3/8: 14
  gather detections cell/2/1/3/9: 14
  gather detections cell/2/1/4/0: 12
  gather detections cell/2/1/4/1: 19
  gather detections cell/2/1/4/2: 7
  gather detections cell/2/1/4/3: 10
  gather detections cell/2/1/4/4: 10
  gather detections cell/2/1/4/5: 17
  gather detections cell/2/1/4/6: 8
  gather detections cell/2/1/4/7: 10
  gather detections cell/2/1/4/8: 11
  gather detections cell/2/1/4/9: 16
  gather detections cell/2/1/5/0: 13
  gather detections cell/2/1/5/1: 11
  gather detections cell/2/1/5/2: 4
  gather detections cell/2/1/5/3: 6
  gather detections cell/2/1/5/4: 10
  gather detections cell/2/1/5/5: 10
  gather detections cell/2/1/5/6: 8
  gather detections cell/2/1/5/7: 6
  gather detections cell/2/1/5/8: 8
  gather detections cell/2/1/5/9: 18
  gather detections cell/2/1/6/0: 15
  gather detections cell/2/1/6/1: 14
  gather detections cell/2/1/6/2: 5
  gather detections cell/2/1/6/3: 3
  gather detections cell/2/1/6/4: 8
  gather detections cell/2/1/6/5: 16
  gather detections cell/2/1/6/6: 4
  gather detections cell/2/1/6/7: 8
  gather detections cell/2/1/6/8: 10
  gather detections cell/2/1/6/9: 18
  gather detections cell/2/1/7/0: 20
  gather detections cell/2/1/7/1: 18
  gather detections cell/2/1/7/2: 11
  gather detections cell/2/1/7/3: 8
  gather detections cell/2/1/7/4: 9
  gather detections cell/2/1/7/5: 19
  gather detections cell/2/1/7/6: 13
  gather detections cell/2/1/7/7: 16
  gather detections cell/2/1/7/8: 14
  gather detections cell/2/1/7/9: 16
  gather detections cell/2/1/8/0: 17
  gather detections cell/2/1/8/1: 16
  gather detections cell/2/1/8/2: 14
  gather detections cell/2/1/8/3: 13
  gather detections cell/2/1/8/4: 21
  gather detections cell/2/1/8/5: 15
  gather detections cell/2/1/8/6: 12
  gather detections cell/2/1/8/7: 14
  gather detections cell/2/1/8/8: 16
  gather detections cell/2/1/8/9: 13
  gather detections cell/2/1/9/0: 18
  gather detections cell/2/1/9/1: 21
  gather detections cell/2/1/9/2: 19
  gather detections cell/2/1/9/3: 18
  gather detections cell/2/1/9/4: 18
  gather detections cell/2/1/9/5: 15
  gather detections cell/2/1/9/6: 16
  gather detections cell/2/1/9/7: 19
  gather detections cell/2/1/9/8: 20
  gather detections cell/2/1/9/9: 23
  gather detections cell/2/1/10/0: 9
  gather detections cell/2/1/10/1: 19
  gather detections cell/2/1/10/2: 14
  gather detections cell/2/1/10/3: 16
  gather detections cell/2/1/10/4: 18
  gather detections cell/2/1/10/5: 19
  gather detections cell/2/1/10/6: 12
  gather detections cell/2/1/10/7: 20
  gather detections cell/2/1/10/8: 21
  gather detections cell/2/1/10/9: 24
  gather detections cell/3/0/0/0: 18
  gather detections cell/3/0/0/1: 10
  gather detections cell/3/0/0/2: 12
  gather detections cell/3/0/0/3: 12
  gather detections cell/3/0/0/4: 2
  gather detections cell/3/0/0/5: 4
  gather detections cell/3/0/0/6: 5
  gather detections cell/3/0/0/7: 3
  gather detections cell/3/0/0/8: 2
  gather detections cell/3/0/0/10: 2
  gather detections cell/3/0/0/11: 5
  gather detections cell/3/0/1/0: 13
  gather detections cell/3/0/1/1: 11
  gather detections cell/3/0/1/2: 9
  gather detections cell/3/0/1/3: 13
  gather detections cell/3/0/1/4: 2
  gather detections cell/3/0/1/5: 7
  gather detections cell/3/0/1/6: 3
  gather detections cell/3/0/1/7: 2
  gather detections cell/3/0/1/8: 3
  gather detections cell/3/0/1/9: 1
  gather detections cell/3/0/1/10: 2
  gather detections cell/3/0/1/11: 3
  gather detections cell/3/0/2/0: 17
  gather detections cell/3/0/2/1: 16
  gather detections cell/3/0/2/2: 5
  gather detections cell/3/0/2/3: 12
  gather detections cell/3/0/2/4: 8
  gather detections cell/3/0/2/5: 6
  gather detections cell/3/0/2/6: 6
  gather detections cell/3/0/2/7: 1
  gather detections cell/3/0/2/8: 6
  gather detections cell/3/0/2/9: 4
  gather detections cell/3/0/2/10: 2
  gather detections cell/3/0/2/11: 4
  gather detections cell/3/0/3/0: 11
  gather detections cell/3/0/3/1: 10
  gather detections cell/3/0/3/2: 7
  gather detections cell/3/0/3/3: 7
  gather detections cell/3/0/3/4: 2
  gather detections cell/3/0/3/5: 5
  gather detections cell/3/0/3/6: 9
  gather detections cell/3/0/3/7: 1
  gather detections cell/3/0/3/8: 3
  gather detections cell/3/0/3/9: 2
  gather detections cell/3/0/3/10: 3
  gather detections cell/3/0/3/11: 2
  gather detections cell/3/0/4/0: 14
  gather detections cell/3/0/4/1: 11
  gather detections cell/3/0/4/2: 7
  gather detections cell/3/0/4/3: 8
  gather detections cell/3/0/4/4: 2
  gather detections cell/3/0/4/5: 7
  gather detections cell/3/0/4/6: 7
  gather detections cell/3/0/4/7: 3
  gather detections cell/3/0/4/8: 2
  gather detections cell/3/0/4/9: 6
  gather detections cell/3/0/4/10: 3
  gather detections cell/3/0/4/11: 6
  gather detections cell/3/0/5/0: 18
  gather detections cell/3/0/5/1: 9
  gather detections cell/3/0/5/2: 6
  gather detections cell/3/0/5/3: 6
  gather detections cell/3/0/5/4: 3
  gather detections cell/3/0/5/5: 3
  gather detections cell/3/0/5/6: 8
  gather detections cell/3/0/5/7: 1
  gather detections cell/3/0/5/8: 3
  gather detections cell/3/0/5/9: 4
  gather detections cell/3/0/5/10: 5
  gather detections cell/3/0/5/11: 6
  gather detections cell/3/0/6/0: 16
  gather detections cell/3/0/6/1: 14
  gather detections cell/3/0/6/2: 13
  gather detections cell/3/0/6/3: 7
  gather detections cell/3/0/6/4: 1
  gather detections cell/3/0/6/5: 3
  gather detections cell/3/0/6/6: 8
  gather detections cell/3/0/6/7: 1
  gather detections cell/3/0/6/8: 1
  gather detections cell/3/0/6/10: 4
  gather detections cell/3/0/6/11: 5
  gather detections cell/3/0/7/0: 16
  gather detections cell/3/0/7/1: 9
  gather detections cell/3/0/7/2: 21
  gather detections cell/3/0/7/3: 7
  gather detections cell/3/0/7/4: 3
  gather detections cell/3/0/7/5: 9
  gather detections cell/3/0/7/6: 7
  gather detections cell/3/0/7/7: 2
  gather detections cell/3/0/7/8: 1
  gather detections cell/3/0/7/9: 1
  gather detections cell/3/0/7/10: 5
  gather detections cell/3/0/7/11: 8
  gather detections cell/3/0/8/0: 19
  gather detections cell/3/0/8/1: 9
  gather detections cell/3/0/8/2: 18
  gather detections cell/3/0/8/3: 8
  gather detections cell/3/0/8/4: 1
  gather detections cell/3/0/8/5: 10
  gather detections cell/3/0/8/6: 5
  gather detections cell/3/0/8/7: 1
  gather detections cell/3/0/8/8: 3
  gather detections cell/3/0/8/9: 1
  gather detections cell/3/0/8/10: 9
  gather detections cell/3/0/8/11: 5
  gather detections cell/3/0/9/0: 23
  gather detections cell/3/0/9/1: 13
  gather detections cell/3/0/9/2: 21
  gather detections cell/3/0/9/3: 12
  gather detections cell/3/0/9/4: 4
  gather detections cell/3/0/9/5: 7
  gather detections cell/3/0/9/6: 9
  gather detections cell/3/0/9/7: 2
  gather detections cell/3/0/9/8: 2
  gather detections cell/3/0/9/9: 1
  gather detections cell/3/0/9/10: 5
  gather detections cell/3/0/9/11: 6
  gather detections cell/3/0/10/0: 22
  gather detections cell/3/0/10/1: 17
  gather detections cell/3/0/10/2: 21
  gather detections cell/3/0/10/3: 7
  gather detections cell/3/0/10/4: 2
  gather detections cell/3/0/10/5: 7
  gather detections cell/3/0/10/6: 5
  gather detections cell/3/0/10/7: 4
  gather detections cell/3/0/10/8: 1
  gather detections cell/3/0/10/9: 1
  gather detections cell/3/0/10/10: 7
  gather detections cell/3/0/10/11: 5
  gather detections cell/3/1/0/0: 12
  gather detections cell/3/1/0/1: 3
  gather detections cell/3/1/0/2: 5
  gather detections cell/3/1/0/3: 3
  gather detections cell/3/1/0/4: 7
  gather detections cell/3/1/0/5: 3
  gather detections cell/3/1/0/6: 10
  gather detections cell/3/1/0/7: 11
  gather detections cell/3/1/0/8: 7
  gather detections cell/3/1/0/9: 7
  gather detections cell/3/1/0/10: 4
  gather detections cell/3/1/0/11: 1
  gather detections cell/3/1/1/0: 11
  gather detections cell/3/1/1/1: 3
  gather detections cell/3/1/1/2: 11
  gather detections cell/3/1/1/3: 10
  gather detections cell/3/1/1/4: 9
  gather detections cell/3/1/1/5: 9
  gather detections cell/3/1/1/6: 7
  gather detections cell/3/1/1/7: 3
  gather detections cell/3/1/1/8: 9
  gather detections cell/3/1/1/9: 3
  gather detections cell/3/1/1/10: 6
  gather detections cell/3/1/1/11: 9
  gather detections cell/3/1/2/0: 12
  gather detections cell/3/1/2/1: 4
  gather detections cell/3/1/2/2: 13
  gather detections cell/3/1/2/3: 4
  gather detections cell/3/1/2/4: 6
  gather detections cell/3/1/2/6: 8
  gather detections cell/3/1/2/7: 2
  gather detections cell/3/1/2/8: 10
  gather detections cell/3/1/2/9: 1
  gather detections cell/3/1/2/10: 13
  gather detections cell/3/1/2/11: 2
  gather detections cell/3/1/3/0: 9
  gather detections cell/3/1/3/1: 7
  gather detections cell/3/1/3/2: 3
  gather detections cell/3/1/3/3: 8
  gather detections cell/3/1/3/4: 9
  gather detections cell/3/1/3/5: 3
  gather detections cell/3/1/3/6: 1
  gather detections cell/3/1/3/7: 6
  gather detections cell/3/1/3/8: 11
  gather detections cell/3/1/3/9: 1
  gather detections cell/3/1/3/10: 2
  gather detections cell/3/1/3/11: 4
  gather detections cell/3/1/4/0: 20
  gather detections cell/3/1/4/1: 7
  gather detections cell/3/1/4/2: 7
  gather detections cell/3/1/4/3: 1
  gather detections cell/3/1/4/4: 13
  gather detections cell/3/1/4/5: 4
  gather detections cell/3/1/4/6: 6
  gather detections cell/3/1/4/7: 7
  gather detections cell/3/1/4/8: 9
  gather detections cell/3/1/4/9: 8
  gather detections cell/3/1/4/10: 4
  gather detections cell/3/1/4/11: 11
  gather detections cell/3/1/5/0: 16
  gather detections cell/3/1/5/1: 3
  gather detections cell/3/1/5/2: 8
  gather detections cell/3/1/5/3: 1
  gather detections cell/3/1/5/4: 11
  gather detections cell/3/1/5/5: 1
  gather detections cell/3/1/5/6: 8
  gather detections cell/3/1/5/7: 2
  gather detections cell/3/1/5/8: 8
  gather detections cell/3/1/5/9: 4
  gather detections cell/3/1/5/10: 4
  gather detections cell/3/1/5/11: 2
  gather detections cell/3/1/6/0: 15
  gather detections cell/3/1/6/1: 6
  gather detections cell/3/1/6/2: 6
  gather detections cell/3/1/6/3: 6
  gather detections cell/3/1/6/4: 7
  gather detections cell/3/1/6/5: 5
  gather detections cell/3/1/6/6: 4
  gather detections cell/3/1/6/7: 5
  gather detections cell/3/1/6/8: 9
  gather detections cell/3/1/6/9: 5
  gather detections cell/3/1/6/10: 5
  gather detections cell/3/1/6/11: 6
  gather detections cell/3/1/7/0: 13
  gather detections cell/3/1/7/1: 5
  gather detections cell/3/1/7/2: 1
  gather detections cell/3/1/7/3: 1
  gather detections cell/3/1/7/4: 11
  gather detections cell/3/1/7/5: 4
  gather detections cell/3/1/7/6: 4
  gather detections cell/3/1/7/7: 3
  gather detections cell/3/1/7/8: 5
  gather detections cell/3/1/7/9: 1
  gather detections cell/3/1/7/10: 2
  gather detections cell/3/1/7/11: 1
  gather detections cell/4/0/0/0: 8
  gather detections cell/4/0/0/1: 3
  gather detections cell/4/0/0/2: 6
  gather detections cell/4/0/0/3: 6
  gather detections cell/4/0/0/4: 8
  gather detections cell/4/0/0/5: 6
  gather detections cell/4/0/0/6: 7
  gather detections cell/4/0/0/7: 12
  gather detections cell/4/0/0/8: 5
  gather detections cell/4/0/0/9: 15
  gather detections cell/4/0/0/10: 9
  gather detections cell/4/0/1/0: 9
  gather detections cell/4/0/1/1: 5
  gather detections cell/4/0/1/2: 15
  gather detections cell/4/0/1/3: 12
  gather detections cell/4/0/1/4: 10
  gather detections cell/4/0/1/5: 9
  gather detections cell/4/0/1/6: 12
  gather detections cell/4/0/1/7: 10
  gather detections cell/4/0/1/8: 8
  gather detections cell/4/0/1/9: 15
  gather detections cell/4/0/1/10: 7
  gather detections cell/4/0/2/0: 10
  gather detections cell/4/0/2/1: 3
  gather detections cell/4/0/2/2: 9
  gather detections cell/4/0/2/3: 2
  gather detections cell/4/0/2/4: 13
  gather detections cell/4/0/2/5: 11
  gather detections cell/4/0/2/6: 5
  gather detections cell/4/0/2/7: 17
  gather detections cell/4/0/2/8: 6
  gather detections cell/4/0/2/9: 14
  gather detections cell/4/0/2/10: 4
  gather detections cell/4/0/3/0: 2
  gather detections cell/4/0/3/1: 1
  gather detections cell/4/0/3/2: 3
  gather detections cell/4/0/3/3: 1
  gather detections cell/4/0/3/4: 4
  gather detections cell/4/0/3/5: 6
  gather detections cell/4/0/3/6: 8
  gather detections cell/4/0/3/7: 12
  gather detections cell/4/0/3/8: 7
  gather detections cell/4/0/3/9: 15
  gather detections cell/4/0/3/10: 7
  gather detections cell/4/0/4/0: 9
  gather detections cell/4/0/4/1: 6
  gather detections cell/4/0/4/2: 13
  gather detections cell/4/0/4/3: 6
  gather detections cell/4/0/4/4: 10
  gather detections cell/4/0/4/5: 7
  gather detections cell/4/0/4/6: 6
  gather detections cell/4/0/4/7: 11
  gather detections cell/4/0/4/8: 8
  gather detections cell/4/0/4/9: 12
  gather detections cell/4/0/4/10: 8
  gather detections cell/4/0/5/0: 12
  gather detections cell/4/0/5/1: 1
  gather detections cell/4/0/5/2: 5
  gather detections cell/4/0/5/3: 3
  gather detections cell/4/0/5/4: 11
  gather detections cell/4/0/5/5: 5
  gather detections cell/4/0/5/6: 9
  gather detections cell/4/0/5/7: 9
  gather detections cell/4/0/5/8: 9
  gather detections cell/4/0/5/9: 8
  gather detections cell/4/0/5/10: 7
  gather detections cell/4/0/6/0: 17
  gather detections cell/4/0/6/1: 3
  gather detections cell/4/0/6/2: 2
  gather detections cell/4/0/6/3: 5
  gather detections cell/4/0/6/4: 8
  gather detections cell/4/0/6/5: 12
  gather detections cell/4/0/6/6: 12
  gather detections cell/4/0/6/7: 11
  gather detections cell/4/0/6/8: 11
  gather detections cell/4/0/6/9: 13
  gather detections cell/4/0/6/10: 9
  gather detections cell/4/0/7/0: 17
  gather detections cell/4/0/7/1: 3
  gather detections cell/4/0/7/2: 4
  gather detections cell/4/0/7/3: 5
  gather detections cell/4/0/7/4: 9
  gather detections cell/4/0/7/5: 9
  gather detections cell/4/0/7/6: 7
  gather detections cell/4/0/7/7: 12
  gather detections cell/4/0/7/8: 10
  gather detections cell/4/0/7/9: 13
  gather detections cell/4/0/7/10: 10
  gather detections cell/4/0/8/0: 15
  gather detections cell/4/0/8/1: 4
  gather detections cell/4/0/8/2: 4
  gather detections cell/4/0/8/3: 1
  gather detections cell/4/0/8/4: 14
  gather detections cell/4/0/8/5: 9
  gather detections cell/4/0/8/6: 6
  gather detections cell/4/0/8/7: 14
  gather detections cell/4/0/8/8: 8
  gather detections cell/4/0/8/9: 7
  gather detections cell/4/0/8/10: 4
  gather detections cell/4/1/0/0: 13
  gather detections cell/4/1/0/1: 2
  gather detections cell/4/1/0/2: 11
  gather detections cell/4/1/0/3: 13
  gather detections cell/4/1/0/4: 20
  gather detections cell/4/1/0/5: 24
  gather detections cell/4/1/0/6: 17
  gather detections cell/4/1/0/7: 24
  gather detections cell/4/1/0/8: 19
  gather detections cell/4/1/0/9: 8
  gather detections cell/4/1/1/0: 15
  gather detections cell/4/1/1/1: 7
  gather detections cell/4/1/1/2: 15
  gather detections cell/4/1/1/3: 5
  gather detections cell/4/1/1/4: 13
  gather detections cell/4/1/1/5: 15
  gather detections cell/4/1/1/6: 22
  gather detections cell/4/1/1/7: 7
  gather detections cell/4/1/1/8: 13
  gather detections cell/4/1/1/9: 8
  gather detections cell/4/1/2/0: 19
  gather detections cell/4/1/2/1: 12
  gather detections cell/4/1/2/2: 14
  gather detections cell/4/1/2/3: 9
  gather detections cell/4/1/2/4: 13
  gather detections cell/4/1/2/5: 15
  gather detections cell/4/1/2/6: 22
  gather detections cell/4/1/2/7: 14
  gather detections cell/4/1/2/8: 9
  gather detections cell/4/1/2/9: 13
  gather detections cell/4/1/3/0: 20
  gather detections cell/4/1/3/1: 8
  gather detections cell/4/1/3/2: 13
  gather detections cell/4/1/3/3: 13
  gather detections cell/4/1/3/4: 11
  gather detections cell/4/1/3/5: 14
  gather detections cell/4/1/3/6: 15
  gather detections cell/4/1/3/7: 9
  gather detections cell/4/1/3/8: 6
  gather detections cell/4/1/3/9: 8
  gather detections cell/4/1/4/0: 12
  gather detections cell/4/1/4/1: 6
  gather detections cell/4/1/4/2: 10
  gather detections cell/4/1/4/3: 4
  gather detections cell/4/1/4/4: 10
  gather detections cell/4/1/4/5: 10
  gather detections cell/4/1/4/6: 7
  gather detections cell/4/1/4/7: 7
  gather detections cell/4/1/4/8: 11
  gather detections cell/4/1/4/9: 4
  gather detections cell/4/1/5/0: 10
  gather detections cell/4/1/5/1: 8
  gather detections cell/4/1/5/2: 8
  gather detections cell/4/1/5/3: 6
  gather detections cell/4/1/5/4: 13
  gather detections cell/4/1/5/5: 11
  gather detections cell/4/1/5/6: 12
  gather detections cell/4/1/5/7: 18
  gather detections cell/4/1/5/8: 8
  gather detections cell/4/1/5/9: 4
  gather detections cell/4/1/6/0: 16
  gather detections cell/4/1/6/1: 8
  gather detections cell/4/1/6/2: 10
  gather detections cell/4/1/6/3: 4
  gather detections cell/4/1/6/4: 6
  gather detections cell/4/1/6/5: 9
  gather detections cell/4/1/6/6: 13
  gather detections cell/4/1/6/7: 27
  gather detections cell/4/1/6/8: 22
  gather detections cell/4/1/6/9: 9
  gather detections cell/4/1/7/0: 8
  gather detections cell/4/1/7/1: 8
  gather detections cell/4/1/7/2: 6
  gather detections cell/4/1/7/3: 4
  gather detections cell/4/1/7/4: 11
  gather detections cell/4/1/7/5: 8
  gather detections cell/4/1/7/6: 8
  gather detections cell/4/1/7/7: 20
  gather detections cell/4/1/7/8: 19
  gather detections cell/4/1/7/9: 13
  gather detections cell/4/1/8/0: 19
  gather detections cell/4/1/8/1: 15
  gather detections cell/4/1/8/2: 13
  gather detections cell/4/1/8/3: 5
  gather detections cell/4/1/8/4: 17
  gather detections cell/4/1/8/5: 17
  gather detections cell/4/1/8/6: 13
  gather detections cell/4/1/8/7: 9
  gather detections cell/4/1/8/8: 15
  gather detections cell/4/1/8/9: 6
  gather detections cell/4/1/9/0: 20
  gather detections cell/4/1/9/1: 10
  gather detections cell/4/1/9/2: 13
  gather detections cell/4/1/9/3: 7
  gather detections cell/4/1/9/4: 18
  gather detections cell/4/1/9/5: 13
  gather detections cell/4/1/9/6: 12
  gather detections cell/4/1/9/7: 15
  gather detections cell/4/1/9/8: 9
  gather detections cell/4/1/9/9: 10
  gather detections cell/4/1/10/0: 16
  gather detections cell/4/1/10/1: 7
  gather detections cell/4/1/10/2: 11
  gather detections cell/4/1/10/3: 3
  gather detections cell/4/1/10/4: 9
  gather detections cell/4/1/10/5: 11
  gather detections cell/4/1/10/6: 12
  gather detections cell/4/1/10/7: 9
  gather detections cell/4/1/10/8: 7
  gather detections cell/4/1/10/9: 6
ADJUDICATE
  adjudicate system_membership: 8 verdicts so far
  adjudicate staff_group: 88 verdicts so far
  adjudicate measure_partition: 168 verdicts so far
  adjudicate staff_ordinal: 248 verdicts so far
  adjudicate system_staff_count: 256 verdicts so far
  adjudicate instrument: 336 verdicts so far
  adjudicate slot_index: 416 verdicts so far
  adjudicate part_partition: 417 verdicts so far
  adjudicate group_symbol: 425 verdicts so far
  adjudicate clef: 505 verdicts so far
  adjudicate key_signature: 585 verdicts so far
  adjudicate glyph_owner: 2786 verdicts so far
