record provenance: {"commit": "dbc9962b641e0259763efb45acc204e4e78ffd55", "dirty": true, "settings": {"env_overrides": {"OMR_DIRECTION_TEXT_SCAN_GATE": "1", "OMR_SURYA_KEEP_ALIVE": "0"}, "args": {"against": null, "conf": 0.25, "dpi": 600, "imgsz": null, "ink_rows": false, "no_roster": false, "no_weight_routing": false
replayed 174521 gather rows
ADJUDICATE
  adjudicate system_membership: 31 verdicts so far
  adjudicate staff_group: 362 verdicts so far
  adjudicate measure_partition: 693 verdicts so far
  adjudicate staff_ordinal: 1024 verdicts so far
  adjudicate system_staff_count: 1055 verdicts so far
  adjudicate instrument: 1386 verdicts so far
  adjudicate slot_index: 1717 verdicts so far
  adjudicate part_partition: 1718 verdicts so far
  adjudicate group_symbol: 1749 verdicts so far
  adjudicate clef: 2080 verdicts so far
  adjudicate system_key: 2111 verdicts so far
  adjudicate key_signature: 2442 verdicts so far
  adjudicate notehead_is_not_a_notehead: 14090 verdicts so far
  adjudicate glyph_owner: 20103 verdicts so far
  adjudicate arc_owner: 22759 verdicts so far
  adjudicate arc_kind: 25415 verdicts so far
  adjudicate articulation_owner: 25879 verdicts so far
  adjudicate fermata_owner: 26059 verdicts so far
  adjudicate ornament_owner: 26062 verdicts so far
  adjudicate stem_direction: 37710 verdicts so far
  adjudicate notehead_is_a_whole_rest: 49358 verdicts so far
  adjudicate tuplet_ratio: 49372 verdicts so far
  adjudicate duration: 63918 verdicts so far
  adjudicate event: 68843 verdicts so far
  adjudicate voices: 74113 verdicts so far
  adjudicate onset_column: 74144 verdicts so far
  adjudicate wedge_anchor: 74150 verdicts so far
  adjudicate meter: 74181 verdicts so far
  adjudicate dynamic: 79451 verdicts so far
  adjudicate direction: 84721 verdicts so far
GROUPS
  groups meter_across_staves: 31 facts, 4 disagree
  groups measure_count_across_staves: 31 facts, 0 disagree
  groups instrument_across_systems: 60 facts, 0 disagree
  groups clef_across_systems: 60 facts, 4 disagree
  groups staff_group_across_systems: 60 facts, 0 disagree
  groups key_signature_across_systems: 60 facts, 22 disagree
EVALUATE
  evaluate name_part: 200 fired so far
  evaluate restate_pitch: 10818 fired so far
  evaluate respell_accidental: 12526 fired so far
  evaluate move_glyph: 15213 fired so far
  evaluate size_measure_rest: 16184 fired so far
  evaluate reconcile_duration: 16460 fired so far
INFER
  infer collapse_duration_by_column: 20 inferred
  infer collapse_duration_to_barline: 52 inferred
  infer collapse_slot_index_to_family_block: 28 inferred
  infer fill_clef_gap: 9 inferred
EVALUATE (bounded, over the inferred values)
  evaluate name_part: 0 fired so far
  evaluate restate_pitch: 302 fired so far
  evaluate respell_accidental: 302 fired so far
  evaluate move_glyph: 391 fired so far
  evaluate size_measure_rest: 391 fired so far
  evaluate reconcile_duration: 391 fired so far

═══ CONTROL — did the replay reproduce the record? ══════════════
   97624 of 98353 standing verdicts identical, 729 differ, 715 absent from the rebuild, 991 new

═══ THE SIDECAR ═════════════════════════════════════════════════
   actions              68
   rows_filed           127
   actions_refused      0
   frames_refused       0
   grids_refused        0

═══ VERDICTS THAT CHANGED ═══════════════════════════════════════
   [INFER] clef                       staff/2/1/9
        abstained/None (no_candidates)  ->  decided/'alto' (clef_from_other_systems)
   [INFER] clef                       staff/3/0/9
        abstained/None (no_candidates)  ->  decided/'alto' (clef_from_other_systems)
   [INFER] clef                       staff/5/0/7
        abstained/None (no_candidates)  ->  decided/'alto' (clef_from_other_systems)
   [INFER] clef                       staff/5/1/5
        abstained/None (no_candidates)  ->  decided/'alto' (clef_from_other_systems)
   [INFER] clef                       staff/7/0/9
        abstained/None (no_candidates)  ->  decided/'alto' (clef_from_other_systems)
   [INFER] clef                       staff/7/1/9
        abstained/None (no_candidates)  ->  decided/'alto' (clef_from_other_systems)
   [INFER] clef                       staff/14/0/11
        abstained/None (no_candidates)  ->  decided/'bass' (clef_from_other_systems)
   [INFER] clef                       staff/15/0/9
        abstained/None (no_candidates)  ->  decided/'alto' (clef_from_other_systems)
   [INFER] clef                       staff/16/1/9
        abstained/None (no_candidates)  ->  decided/'alto' (clef_from_other_systems)
   [ADJUDICATE] key_signature              staff/1/0/0
        decided/-3 (fitted_by_template)  ->  decided/-3 (markers)
   [ADJUDICATE] key_signature              staff/1/0/1
        decided/-3 (fitted_by_template)  ->  decided/-2 (markers)
   [ADJUDICATE] key_signature              staff/1/0/2
        decided/-1 (fitted)  ->  decided/-1 (fitted_no_markers)
   [ADJUDICATE] key_signature              staff/1/0/3
        decided/-3 (fitted_by_template)  ->  decided/-1 (markers)
   [ADJUDICATE] key_signature              staff/1/0/4
        decided/0 (fitted_by_template)  ->  decided/0 (fitted_no_markers)
   [ADJUDICATE] key_signature              staff/1/0/5
        decided/0 (fitted_by_template)  ->  decided/0 (fitted_no_markers)
   [ADJUDICATE] key_signature              staff/1/0/6
        decided/0 (fitted_by_template)  ->  decided/0 (fitted_no_markers)
   [ADJUDICATE] key_signature              staff/1/0/7
        decided/-3 (fitted_by_template)  ->  decided/-3 (markers)
   [ADJUDICATE] key_signature              staff/1/0/8
        decided/-3 (fitted)  ->  decided/-2 (markers)
   [ADJUDICATE] key_signature              staff/1/0/9
        decided/-1 (fitted)  ->  decided/-2 (markers)
   [ADJUDICATE] key_signature              staff/1/0/10
        decided/-3 (fitted)  ->  decided/-2 (markers)
   [ADJUDICATE] key_signature              staff/1/0/11
        decided/-3 (fitted_by_template)  ->  decided/-1 (markers)
   [ADJUDICATE] key_signature              staff/2/0/0
        decided/-3 (fitted_by_template)  ->  decided/-3 (markers)
   [ADJUDICATE] key_signature              staff/2/0/1
        decided/-3 (fitted)  ->  abstained/None (disagrees_with_system)
   [ADJUDICATE] key_signature              staff/2/0/2
        decided/-1 (fitted)  ->  decided/-1 (markers)
   [ADJUDICATE] key_signature              staff/2/0/3
        decided/-3 (fitted)  ->  decided/-3 (markers)
   [ADJUDICATE] key_signature              staff/2/0/4
        decided/0 (fitted_by_template)  ->  decided/0 (fitted_no_markers)
   [ADJUDICATE] key_signature              staff/2/0/5
        decided/0 (fitted_by_template)  ->  decided/0 (fitted_no_markers)
   [ADJUDICATE] key_signature              staff/2/0/6
        decided/0 (fitted_by_template)  ->  decided/0 (fitted_no_markers)
   [ADJUDICATE] key_signature              staff/2/0/7
        decided/-3 (fitted)  ->  decided/-3 (fitted_no_markers)
   [ADJUDICATE] key_signature              staff/2/0/8
        decided/1 (fitted)  ->  decided/-1 (markers)
   [ADJUDICATE] key_signature              staff/2/0/10
        decided/-1 (fitted)  ->  decided/-2 (markers)
   [ADJUDICATE] key_signature              staff/2/1/0
        decided/-2 (fitted_by_template)  ->  abstained/None (disagrees_with_system)
   [ADJUDICATE] key_signature              staff/2/1/1
        abstained/None (markers_without_a_run)  ->  abstained/None (disagrees_with_system)
   [ADJUDICATE] key_signature              staff/2/1/2
        abstained/None (markers_without_a_run)  ->  decided/-1 (markers)
   [ADJUDICATE] key_signature              staff/2/1/6
        decided/0 (fitted_by_template)  ->  decided/0 (fitted_no_markers)
   [ADJUDICATE] key_signature              staff/2/1/7
        decided/-3 (fitted_by_template)  ->  decided/-1 (markers)
   [ADJUDICATE] key_signature              staff/2/1/8
        decided/-3 (fitted_by_template)  ->  abstained/None (mixed_marker_kinds)
   [ADJUDICATE] key_signature              staff/2/1/10
        abstained/None (markers_without_a_run)  ->  decided/-2 (markers)
   [ADJUDICATE] key_signature              staff/3/0/0
        decided/-2 (fitted)  ->  decided/-1 (markers)
   [ADJUDICATE] key_signature              staff/3/0/1
        abstained/None (markers_without_a_run)  ->  decided/-1 (markers)
   [ADJUDICATE] key_signature              staff/3/0/2
        decided/-1 (fitted)  ->  decided/-1 (markers)
   [ADJUDICATE] key_signature              staff/3/0/3
        decided/-1 (fitted)  ->  decided/-1 (fitted_no_markers)
   [ADJUDICATE] key_signature              staff/3/0/7
        decided/-3 (fitted)  ->  decided/-3 (markers)
   [ADJUDICATE] key_signature              staff/3/0/8
        decided/1 (fitted)  ->  decided/1 (fitted_no_markers)
   [ADJUDICATE] key_signature              staff/3/0/10
        decided/-3 (fitted)  ->  decided/-3 (markers)
   [ADJUDICATE] key_signature              staff/3/1/0
        decided/-3 (fitted_by_template)  ->  decided/-3 (markers)
   [ADJUDICATE] key_signature              staff/3/1/1
        decided/-1 (fitted_by_template)  ->  decided/-1 (markers)
   [ADJUDICATE] key_signature              staff/3/1/2
        decided/-1 (fitted)  ->  decided/-3 (markers)
   [ADJUDICATE] key_signature              staff/3/1/4
        decided/-3 (fitted)  ->  decided/-3 (markers)
   [ADJUDICATE] key_signature              staff/3/1/5
        abstained/None (markers_without_a_run)  ->  decided/-3 (markers)
   [ADJUDICATE] key_signature              staff/3/1/6
        decided/7 (fitted)  ->  decided/-3 (markers)
   [ADJUDICATE] key_signature              staff/3/1/7
        decided/-3 (fitted)  ->  abstained/None (mixed_marker_kinds)
   [ADJUDICATE] key_signature              staff/4/0/0
        abstained/None (markers_without_a_run)  ->  abstained/None (disagrees_with_system)
   [ADJUDICATE] key_signature              staff/4/0/1
        abstained/None (run_fits_no_slot_table)  ->  abstained/None (disagrees_with_system)
   [ADJUDICATE] key_signature              staff/4/0/2
        decided/-1 (fitted)  ->  decided/-1 (markers)
   [ADJUDICATE] key_signature              staff/4/0/5
        decided/1 (fitted)  ->  decided/1 (fitted_no_markers)
   [ADJUDICATE] key_signature              staff/4/0/6
        decided/-2 (fitted_by_template)  ->  decided/-2 (fitted_no_markers)
   [ADJUDICATE] key_signature              staff/4/0/7
        abstained/None (markers_without_a_run)  ->  decided/-1 (markers)
   [ADJUDICATE] key_signature              staff/4/0/10
        decided/-3 (fitted_by_template)  ->  decided/-2 (markers)
   [ADJUDICATE] key_signature              staff/4/1/0
        decided/-3 (fitted)  ->  decided/-2 (markers)
   ... 669 more

═══ VERDICTS WHOSE EVIDENCE NAMES A HUMAN ROW ═══════════════════
   ⚠️ `used` = the decision WEIGHED it; `basis`/`considered` = it was handed it and did not say it weighed it.
   [ADJUDICATE|used] arc_kind                   glyph/3/0/9/0/8
        decided/'tie' (tie) by adjudicate_arc_kind; human rows ['act-0001:obs:174395->obs:174395', 'act-0004:obs:174400->obs:174400', 'act-0005:obs:174402->obs:174402', 'act-0007:obs:174405->obs:174405', 'act-0007:obs:174407->obs:174407']
   [ADJUDICATE|used] duration                   glyph/3/0/9/0/400003
        decided/"{'beats': 2.0, 'written': 2.0, 'dots': 0, 'beam_levels': 0}" (head_and_marks) by adjudicate_duration; human rows ['act-0001:obs:174395->obs:174395', 'act-0004:obs:174400->obs:174400', 'act-0005:obs:174402->obs:174402', 'act-0007:obs:174405->obs:174405', 'act-0007:obs:174406->obs:174406']
   [ADJUDICATE|used] duration                   glyph/3/0/9/1/400000
        decided/"{'beats': 2.0, 'written': 2.0, 'dots': 0, 'beam_levels': 0}" (head_and_marks) by adjudicate_duration; human rows ['act-0012:obs:174413->obs:174413', 'act-0012:obs:174414->obs:174414', 'act-0013:obs:174416->obs:174416', 'act-0013:obs:174417->obs:174417']
   [ADJUDICATE|used] duration                   glyph/3/0/9/1/400001
        decided/"{'beats': 2.0, 'written': 2.0, 'dots': 0, 'beam_levels': 0}" (head_and_marks) by adjudicate_duration; human rows ['act-0012:obs:174413->obs:174413', 'act-0012:obs:174414->obs:174414', 'act-0013:obs:174416->obs:174416', 'act-0013:obs:174417->obs:174417']
   [ADJUDICATE|used] duration                   glyph/3/0/9/15/400000
        decided/"{'beats': 2.0, 'written': 2.0, 'dots': 0, 'beam_levels': 0}" (head_and_marks) by adjudicate_duration; human rows ['act-0067:obs:174514->obs:174514', 'act-0067:obs:174515->obs:174515', 'act-0068:obs:174518->obs:174518', 'act-0068:obs:174519->obs:174519']
   [ADJUDICATE|used] duration                   glyph/3/0/9/15/400001
        decided/"{'beats': 2.0, 'written': 2.0, 'dots': 0, 'beam_levels': 0}" (head_and_marks) by adjudicate_duration; human rows ['act-0067:obs:174514->obs:174514', 'act-0067:obs:174515->obs:174515', 'act-0068:obs:174518->obs:174518', 'act-0068:obs:174519->obs:174519']
   [ADJUDICATE|used] duration                   glyph/3/0/9/2/400002
        narrowed/'None' (beams_ambiguous) by adjudicate_duration; human rows ['act-0014:obs:174419->obs:174419', 'act-0015:obs:174421->obs:174421', 'act-0018:obs:174425->obs:174425', 'act-0018:obs:174426->obs:174426', 'act-0020:obs:174430->obs:174430', 'act-0020:obs:174431->obs:174431']
   [ADJUDICATE|used] duration                   glyph/3/0/9/2/400003
        narrowed/'None' (beams_ambiguous) by adjudicate_duration; human rows ['act-0014:obs:174419->obs:174419', 'act-0015:obs:174421->obs:174421', 'act-0018:obs:174425->obs:174425', 'act-0018:obs:174426->obs:174426', 'act-0020:obs:174430->obs:174430', 'act-0020:obs:174431->obs:174431']
   [ADJUDICATE|used] duration                   glyph/3/0/9/3/400002
        decided/"{'beats': 0.5, 'written': 0.5, 'dots': 0, 'beam_levels': 1}" (head_and_marks) by adjudicate_duration; human rows ['act-0021:obs:174434->obs:174434', 'act-0022:obs:174436->obs:174436', 'act-0023:obs:174438->obs:174438', 'act-0023:obs:174439->obs:174439', 'act-0024:obs:174441->obs:174441']
   [ADJUDICATE|used] duration                   glyph/3/0/9/4/400001
        decided/"{'beats': 2.0, 'written': 2.0, 'dots': 0, 'beam_levels': 0}" (head_and_marks) by adjudicate_duration; human rows ['act-0025:obs:174442->obs:174442', 'act-0026:obs:174443->obs:174443', 'act-0026:obs:174444->obs:174444', 'act-0027:obs:174446->obs:174446']
   [ADJUDICATE|used] duration                   glyph/3/0/9/5/400003
        decided/"{'beats': 1.0, 'written': 1.0, 'dots': 0, 'beam_levels': 0}" (head_and_marks) by adjudicate_duration; human rows ['act-0028:obs:174447->obs:174447', 'act-0029:obs:174449->obs:174449', 'act-0030:obs:174451->obs:174451', 'act-0033:obs:174455->obs:174455', 'act-0033:obs:174456->obs:174456', 'act-0034:obs:174459->obs:174459', 'act-0034:obs:174460->obs:174460', 'act-0035:obs:174463->obs:174463', 'act-0035:obs:174464->obs:174464', 'act-0036:obs:174467->obs:174467', 'act-0036:obs:174468->obs:174468', 'act-0037:obs:174471->obs:174471', 'act-0037:obs:174472->obs:174472', 'act-0038:obs:174475->obs:174475']
   [ADJUDICATE|used] duration                   glyph/3/0/9/5/400004
        decided/"{'beats': 1.0, 'written': 1.0, 'dots': 0, 'beam_levels': 0}" (head_and_marks) by adjudicate_duration; human rows ['act-0028:obs:174447->obs:174447', 'act-0029:obs:174449->obs:174449', 'act-0030:obs:174451->obs:174451', 'act-0033:obs:174455->obs:174455', 'act-0033:obs:174456->obs:174456', 'act-0034:obs:174459->obs:174459', 'act-0034:obs:174460->obs:174460', 'act-0035:obs:174463->obs:174463', 'act-0035:obs:174464->obs:174464', 'act-0036:obs:174467->obs:174467', 'act-0036:obs:174468->obs:174468', 'act-0037:obs:174471->obs:174471', 'act-0037:obs:174472->obs:174472', 'act-0038:obs:174475->obs:174475']
   [ADJUDICATE|used] duration                   glyph/3/0/9/5/400005
        decided/"{'beats': 1.0, 'written': 1.0, 'dots': 0, 'beam_levels': 0}" (head_and_marks) by adjudicate_duration; human rows ['act-0028:obs:174447->obs:174447', 'act-0029:obs:174449->obs:174449', 'act-0030:obs:174451->obs:174451', 'act-0033:obs:174455->obs:174455', 'act-0033:obs:174456->obs:174456', 'act-0034:obs:174459->obs:174459', 'act-0034:obs:174460->obs:174460', 'act-0035:obs:174463->obs:174463', 'act-0035:obs:174464->obs:174464', 'act-0036:obs:174467->obs:174467', 'act-0036:obs:174468->obs:174468', 'act-0037:obs:174471->obs:174471', 'act-0037:obs:174472->obs:174472', 'act-0038:obs:174475->obs:174475']
   [ADJUDICATE|used] duration                   glyph/3/0/9/5/400006
        decided/"{'beats': 1.0, 'written': 1.0, 'dots': 0, 'beam_levels': 0}" (head_and_marks) by adjudicate_duration; human rows ['act-0028:obs:174447->obs:174447', 'act-0029:obs:174449->obs:174449', 'act-0030:obs:174451->obs:174451', 'act-0033:obs:174455->obs:174455', 'act-0033:obs:174456->obs:174456', 'act-0034:obs:174459->obs:174459', 'act-0034:obs:174460->obs:174460', 'act-0035:obs:174463->obs:174463', 'act-0035:obs:174464->obs:174464', 'act-0036:obs:174467->obs:174467', 'act-0036:obs:174468->obs:174468', 'act-0037:obs:174471->obs:174471', 'act-0037:obs:174472->obs:174472', 'act-0038:obs:174475->obs:174475']
   [ADJUDICATE|used] duration                   glyph/3/0/9/5/400007
        decided/"{'beats': 1.0, 'written': 1.0, 'dots': 0, 'beam_levels': 0}" (head_and_marks) by adjudicate_duration; human rows ['act-0028:obs:174447->obs:174447', 'act-0029:obs:174449->obs:174449', 'act-0030:obs:174451->obs:174451', 'act-0033:obs:174455->obs:174455', 'act-0033:obs:174456->obs:174456', 'act-0034:obs:174459->obs:174459', 'act-0034:obs:174460->obs:174460', 'act-0035:obs:174463->obs:174463', 'act-0035:obs:174464->obs:174464', 'act-0036:obs:174467->obs:174467', 'act-0036:obs:174468->obs:174468', 'act-0037:obs:174471->obs:174471', 'act-0037:obs:174472->obs:174472', 'act-0038:obs:174475->obs:174475']
   [ADJUDICATE|used] duration                   glyph/3/0/9/6/400001
        decided/"{'beats': 1.0, 'written': 1.0, 'dots': 0, 'beam_levels': 0}" (head_and_marks) by adjudicate_duration; human rows ['act-0039:obs:174477->obs:174477', 'act-0040:obs:174478->obs:174478', 'act-0040:obs:174479->obs:174479', 'act-0041:obs:174482->obs:174482', 'act-0041:obs:174483->obs:174483', 'act-0042:obs:174486->obs:174486']
   [ADJUDICATE|used] duration                   glyph/3/0/9/6/400002
        decided/"{'beats': 1.0, 'written': 1.0, 'dots': 0, 'beam_levels': 0}" (head_and_marks) by adjudicate_duration; human rows ['act-0039:obs:174477->obs:174477', 'act-0040:obs:174478->obs:174478', 'act-0040:obs:174479->obs:174479', 'act-0041:obs:174482->obs:174482', 'act-0041:obs:174483->obs:174483', 'act-0042:obs:174486->obs:174486']
   [ADJUDICATE|used] event                      cell/3/0/9/0
        decided/"{'events': [{'glyphs': [1, 6], 'x': 374.0, 'kind': 'chord'}, {'glyphs': [2, 5, 7, 9, 12, 4" (x_clustered) by adjudicate_event; human rows ['act-0001:obs:174395->obs:174395', 'act-0004:obs:174400->obs:174400', 'act-0005:obs:174402->obs:174402', 'act-0007:obs:174405->obs:174405', 'act-0007:obs:174406->obs:174406']
   [ADJUDICATE|used] event                      cell/3/0/9/1
        decided/"{'events': [{'glyphs': [3, 400000, 400001], 'x': 369.36, 'kind': 'chord'}, {'glyphs': [2, " (x_clustered) by adjudicate_event; human rows ['act-0012:obs:174413->obs:174413', 'act-0012:obs:174414->obs:174414', 'act-0013:obs:174416->obs:174416', 'act-0013:obs:174417->obs:174417']
   [ADJUDICATE|used] event                      cell/3/0/9/15
        decided/"{'events': [{'glyphs': [1, 2, 400000, 400001], 'x': 134.24, 'kind': 'chord'}]}" (x_clustered) by adjudicate_event; human rows ['act-0067:obs:174514->obs:174514', 'act-0067:obs:174515->obs:174515', 'act-0068:obs:174518->obs:174518', 'act-0068:obs:174519->obs:174519']
   [ADJUDICATE|used] event                      cell/3/0/9/2
        decided/"{'events': [{'glyphs': [4, 7, 19, 400002, 400003], 'x': 315.71, 'kind': 'chord'}, {'glyphs" (x_clustered) by adjudicate_event; human rows ['act-0014:obs:174419->obs:174419', 'act-0015:obs:174421->obs:174421', 'act-0018:obs:174425->obs:174425', 'act-0018:obs:174426->obs:174426', 'act-0020:obs:174430->obs:174430', 'act-0020:obs:174431->obs:174431']
   [ADJUDICATE|used] event                      cell/3/0/9/3
        decided/"{'events': [{'glyphs': [5, 11], 'x': 278.0, 'kind': 'chord'}, {'glyphs': [7, 400002], 'x':" (x_clustered) by adjudicate_event; human rows ['act-0021:obs:174434->obs:174434', 'act-0022:obs:174436->obs:174436', 'act-0023:obs:174438->obs:174438', 'act-0023:obs:174439->obs:174439', 'act-0024:obs:174441->obs:174441']
   [ADJUDICATE|used] event                      cell/3/0/9/4
        decided/"{'events': [{'glyphs': [0, 400001], 'x': 265.94, 'kind': 'chord'}]}" (x_clustered) by adjudicate_event; human rows ['act-0025:obs:174442->obs:174442', 'act-0026:obs:174443->obs:174443', 'act-0026:obs:174444->obs:174444', 'act-0027:obs:174446->obs:174446']
   [ADJUDICATE|used] event                      cell/3/0/9/5
        decided/"{'events': [{'glyphs': [1, 2, 5, 400003, 400004, 400005, 400006, 400007], 'x': 351.15, 'ki" (x_clustered) by adjudicate_event; human rows ['act-0028:obs:174447->obs:174447', 'act-0029:obs:174449->obs:174449', 'act-0030:obs:174451->obs:174451', 'act-0033:obs:174455->obs:174455', 'act-0033:obs:174456->obs:174456', 'act-0034:obs:174459->obs:174459', 'act-0034:obs:174460->obs:174460', 'act-0035:obs:174463->obs:174463', 'act-0035:obs:174464->obs:174464', 'act-0036:obs:174467->obs:174467', 'act-0036:obs:174468->obs:174468', 'act-0037:obs:174471->obs:174471', 'act-0037:obs:174472->obs:174472', 'act-0038:obs:174475->obs:174475']
   [ADJUDICATE|used] event                      cell/3/0/9/6
        decided/"{'events': [{'glyphs': [5, 6, 7, 400001, 400002], 'x': 304.92, 'kind': 'chord'}, {'glyphs'" (x_clustered) by adjudicate_event; human rows ['act-0039:obs:174477->obs:174477', 'act-0040:obs:174478->obs:174478', 'act-0040:obs:174479->obs:174479', 'act-0041:obs:174482->obs:174482', 'act-0041:obs:174483->obs:174483', 'act-0042:obs:174486->obs:174486']
   [ADJUDICATE|used] glyph_owner                glyph/3/0/9/1/1
        decided/'staff/3/0/8' (human_owner) by adjudicate_glyph_owner; human rows ['act-0009:obs:174410->obs:174410', 'act-0011:obs:174412->obs:174412']
   [ADJUDICATE|used] glyph_owner                glyph/3/0/9/14/2
        decided/'staff/3/0/8' (human_owner) by adjudicate_glyph_owner; human rows ['act-0063:obs:174510->obs:174510']
   [ADJUDICATE|used] glyph_owner                glyph/3/0/9/6/2
        decided/'staff/3/0/8' (human_owner) by adjudicate_glyph_owner; human rows ['act-0043:obs:174488->obs:174488']
   [ADJUDICATE|used] notehead_is_a_whole_rest   glyph/3/0/9/0/400003
        decided/'False' (not_rest_shaped) by adjudicate_notehead_is_a_whole_rest; human rows ['act-0007:obs:174405->obs:174405']
   [ADJUDICATE|used] notehead_is_a_whole_rest   glyph/3/0/9/1/400000
        decided/'False' (not_rest_shaped) by adjudicate_notehead_is_a_whole_rest; human rows ['act-0012:obs:174413->obs:174413']
   [ADJUDICATE|used] notehead_is_a_whole_rest   glyph/3/0/9/1/400001
        decided/'False' (not_rest_shaped) by adjudicate_notehead_is_a_whole_rest; human rows ['act-0013:obs:174416->obs:174416']
   [ADJUDICATE|used] notehead_is_a_whole_rest   glyph/3/0/9/15/400000
        decided/'False' (not_rest_shaped) by adjudicate_notehead_is_a_whole_rest; human rows ['act-0067:obs:174514->obs:174514']
   [ADJUDICATE|used] notehead_is_a_whole_rest   glyph/3/0/9/15/400001
        decided/'False' (not_rest_shaped) by adjudicate_notehead_is_a_whole_rest; human rows ['act-0068:obs:174518->obs:174518']
   [ADJUDICATE|used] notehead_is_a_whole_rest   glyph/3/0/9/2/400002
        decided/'False' (not_rest_shaped) by adjudicate_notehead_is_a_whole_rest; human rows ['act-0018:obs:174425->obs:174425']
   [ADJUDICATE|used] notehead_is_a_whole_rest   glyph/3/0/9/2/400003
        decided/'False' (not_rest_shaped) by adjudicate_notehead_is_a_whole_rest; human rows ['act-0020:obs:174430->obs:174430']
   [ADJUDICATE|used] notehead_is_a_whole_rest   glyph/3/0/9/3/400002
        decided/'False' (not_rest_shaped) by adjudicate_notehead_is_a_whole_rest; human rows ['act-0023:obs:174438->obs:174438']
   [ADJUDICATE|used] notehead_is_a_whole_rest   glyph/3/0/9/4/400001
        decided/'False' (not_rest_shaped) by adjudicate_notehead_is_a_whole_rest; human rows ['act-0026:obs:174443->obs:174443']
   [ADJUDICATE|used] notehead_is_a_whole_rest   glyph/3/0/9/5/400003
        decided/'False' (not_rest_shaped) by adjudicate_notehead_is_a_whole_rest; human rows ['act-0033:obs:174455->obs:174455']
   [ADJUDICATE|used] notehead_is_a_whole_rest   glyph/3/0/9/5/400004
        decided/'False' (not_rest_shaped) by adjudicate_notehead_is_a_whole_rest; human rows ['act-0034:obs:174459->obs:174459']
   [ADJUDICATE|used] notehead_is_a_whole_rest   glyph/3/0/9/5/400005
        decided/'False' (not_rest_shaped) by adjudicate_notehead_is_a_whole_rest; human rows ['act-0035:obs:174463->obs:174463']

═══ HUMAN ROWS THAT REACHED NO VERDICT ══════════════════════════
   ⚠️ reported, never hidden — a witness that changed nothing is the finding, not a gap in the report.
   act-0003     obs:174399 (replayed as obs:174399)
   act-0004     obs:174401 (replayed as obs:174401)
   act-0008     obs:174409 (replayed as obs:174409)
   act-0010     obs:174411 (replayed as obs:174411)
   act-0014     obs:174420 (replayed as obs:174420)
   act-0015     obs:174422 (replayed as obs:174422)
   act-0016     obs:174423 (replayed as obs:174423)
   act-0017     obs:174424 (replayed as obs:174424)
   act-0021     obs:174435 (replayed as obs:174435)
   act-0022     obs:174437 (replayed as obs:174437)
   act-0028     obs:174448 (replayed as obs:174448)
   act-0029     obs:174450 (replayed as obs:174450)
   act-0030     obs:174452 (replayed as obs:174452)
   act-0031     obs:174453 (replayed as obs:174453)
   act-0032     obs:174454 (replayed as obs:174454)
   act-0045     obs:174490 (replayed as obs:174490)
   act-0047     obs:174492 (replayed as obs:174492)
   act-0048     obs:174493 (replayed as obs:174493)
   act-0049     obs:174494 (replayed as obs:174494)
   act-0050     obs:174495 (replayed as obs:174495)
   act-0051     obs:174496 (replayed as obs:174496)
   act-0052     obs:174497 (replayed as obs:174497)
   act-0053     obs:174498 (replayed as obs:174498)
   act-0054     obs:174499 (replayed as obs:174499)
   act-0055     obs:174501 (replayed as obs:174501)
   act-0056     obs:174503 (replayed as obs:174503)
   act-0057     obs:174504 (replayed as obs:174504)
   act-0058     obs:174505 (replayed as obs:174505)
   act-0059     obs:174506 (replayed as obs:174506)
   act-0061     obs:174508 (replayed as obs:174508)
   act-0062     obs:174509 (replayed as obs:174509)
   act-0064     obs:174511 (replayed as obs:174511)
   act-0065     obs:174512 (replayed as obs:174512)

═══ EXPORT ══════════════════════════════════════════════════════
   <note> elements  8588 -> 8777 (+189)
   MusicXML identical to the parent's: False
   staff census before {"staff": "staff/3/0/9", "refused": {"no_pitch": 40, "not_a_notehead:clipped_fragment": 3, "ink_is_a_whole_rest": 1, "not_a_notehead:too_narrow": 1, "owned_by_another_staff": 3}, "written": {"rest": 7}, "refused_total": 48, "written_total": 7}
   staff census after  {"staff": "staff/3/0/9", "refused": {"not_a_notehead:human_not_a_symbol": 8, "not_a_notehead:clipped_fragment": 3, "ink_is_a_whole_rest": 1, "duration_narrowed": 4, "owned_by_another_staff": 3}, "written": {"notehead": 45, "rest": 7}, "refused_total": 19, "written_total": 52}

═══ PER STAGE ═══════════════════════════════════════════════════
{
 "human_rows_no_stage_read": 33,
 "human_rows_read": 94
}
   ADJUDICATE   {'verdicts_naming_a_human_row': 377, 'verdicts_that_WEIGHED_one': 78, 'distinct_human_rows_named': 79, 'distinct_human_rows_weighed': 67}
   EVALUATE     {'verdicts_naming_a_human_row': 16, 'verdicts_that_WEIGHED_one': 0, 'distinct_human_rows_named': 16, 'distinct_human_rows_weighed': 0}

wrote benchmarks/omr-stage-review-2026-09/out/sean-viola-p3/diff.json, benchmarks/omr-stage-review-2026-09/out/sean-viola-p3/feedback.json ({'actions': 68, 'human_rows': 127, 'actions_refused': 0, 'actions_that_reached_nothing': 23, 'verdicts_naming_a_human_row': 7899, 'verdicts_changed': 729, 'notes_before': 8588, 'notes_after': 8777})
