brahms1-p006: windows {4.0: 184, 6.0: 184, 8.0: 184}
brahms1-p022: windows {4.0: 253, 6.0: 253, 8.0: 253}
brahms1-p042: windows {4.0: 208, 6.0: 208, 8.0: 208}
brahms1-p043: windows {4.0: 187, 6.0: 187, 8.0: 187}
brahms1-p044: windows {4.0: 229, 6.0: 229, 8.0: 229}
brahms1-p045: windows {4.0: 112, 6.0: 112, 8.0: 112}
beet5lit-p056: windows {4.0: 100, 6.0: 100, 8.0: 100}
beet5lit-p057: windows {4.0: 104, 6.0: 104, 8.0: 104}
beet5lit-p063: windows {4.0: 145, 6.0: 145, 8.0: 145}
beet5lit-p086: windows {4.0: 90, 6.0: 90, 8.0: 90}

the reader's own floor (`min_score`): 0.5
 spaces  windows  answered     rate  cols>=2 agree  cols>=3
    4.0     1612        16   0.0099              2        0
    6.0     1612        25   0.0155              4        0
    8.0     1612        40   0.0248              5        1

empty-window score distribution at 4.0 spaces (n=1612): max 0.6141 p99 0.4968 median 0.3280

top empty-window answers:
   0.6141    C  brahms1-p043 sys0 st1 cell8
   0.5408    C  brahms1-p043 sys0 st7 cell2
   0.5387    C  beet5lit-p057 sys1 st19 cell1
   0.5352    C  beet5lit-p086 sys0 st3 cell2
   0.5322    C  brahms1-p022 sys1 st21 cell6
   0.5264    C  brahms1-p043 sys1 st21 cell1
   0.5210    C  beet5lit-p086 sys0 st4 cell1
   0.5195    C  brahms1-p043 sys0 st10 cell6
   0.5176    C  brahms1-p043 sys0 st10 cell8
   0.5148    C  brahms1-p043 sys0 st10 cell7

POSITIVE CONTROL (a real Bravura 3/4 stamped into the SAME windows): tried 225, answered 225, right meter 225, scores 0.542..0.993
wrote benchmarks/omr-meter-template-changes-2026-09/out/empty-window.json
EXIT=0
