start Mon Jul 13 09:32:15 MST 2026
transcribe: Mahler_5_.pdf (245 pages, processing 1)
  weights:  omr-weights/deepscoresv2-yolov8l-imgsz2048-ft-30ep.pt
  clef:     omr-weights/deepscoresv2-yolov8l-clef-ft-boxfix-2026-07-13.pt (specialist, conf 0.3)
  conf:     0.25, iou: 0.5, agnostic_nms: True, imgsz: 1280
  page 11: 3 systems, 26 staves, 221 measures, 4878 detections (2506/2506 pitched, 2506/2506 durations)

wrote benchmarks/omr-clef-demo/mahler_p11_decoupled.omr.json
  pages=1  systems=3  staves=26  measures=221  detections=4878
  noteheads=2506  pitched=2506  (100% pitch coverage)
  with_duration=2506  (100% rhythm coverage)  rests=11/1845
  runtime: phase1=5.55s  yolo=231.69s  total=237.25s
  page 11: 221 measures, 0 phase1_warnings, 0 rhythm_sum_warnings
DONE decoupled Mon Jul 13 09:35:04 MST 2026
transcribe: Mahler_5_.pdf (245 pages, processing 1)
  weights:  omr-weights/deepscoresv2-yolov8l-imgsz2048-ft-30ep.pt
  clef:     omr-weights/deepscoresv2-yolov8l-clef-ft-boxfix-2026-07-13.pt (specialist, conf 0.3)
  conf:     0.25, iou: 0.5, agnostic_nms: True, imgsz: 1280
  page 11: 3 systems, 26 staves, 221 measures, 4878 detections (2506/2506 pitched, 2506/2506 durations)

wrote benchmarks/omr-clef-demo/mahler_p11_decoupled.omr.json
  pages=1  systems=3  staves=26  measures=221  detections=4878
  noteheads=2506  pitched=2506  (100% pitch coverage)
  with_duration=2506  (100% rhythm coverage)  rests=11/1845
  runtime: phase1=6.2s  yolo=230.65s  total=236.86s
  page 11: 221 measures, 0 phase1_warnings, 0 rhythm_sum_warnings
DONE decoupled Mon Jul 13 09:36:13 MST 2026
