[brahms1-breitkopf-mvt1-whole-20260923.record.json] POPULATION FIRST: 7818 ledgerLine boxes, 0 Q.LEDGER_INK_UNDER rows
[brahms1-breitkopf-mvt1-whole-20260923.record.json] base (3.4g-2 rule from 8226aa93) ...
[brahms1-breitkopf-mvt1-whole-20260923.record.json] CONTROL base == 3.4g-2's recorded arm: True (7818 of 7818)
[brahms1-breitkopf-mvt1-whole-20260923.record.json] arm  (3.4g-3, this tree) ...
{
 "record": "brahms1-breitkopf-mvt1-whole-20260923.record.json",
 "base_ref": "8226aa93",
 "ledger_boxes_on_the_record": 7818,
 "ledger_ink_rows_on_the_record": 0,
 "control": {
  "prior_file": "benchmarks/omr-family-refusals-2026-09/out/ledger-g2-arm-brahms1-breitkopf-mvt1-whole-20260923.json",
  "prior_3_4g2_arm": {
   "kept": 6274,
   "refused:inside_the_staff": 1222,
   "refused:no_head_on_the_rung": 38,
   "refused:on_a_staff_line": 284
  },
  "base_here": {
   "kept": 6274,
   "refused:inside_the_staff": 1222,
   "refused:no_head_on_the_rung": 38,
   "refused:on_a_staff_line": 284
  },
  "agrees": true,
  "agreeing_boxes": "7818 of 7818"
 },
 "base": {
  "kept": 6274,
  "refused:inside_the_staff": 1222,
  "refused:no_head_on_the_rung": 38,
  "refused:on_a_staff_line": 284
 },
 "arm": {
  "ABSTAINED:rung_without_boxed_head": 38,
  "kept": 6274,
  "refused:inside_the_staff": 1222,
  "refused:on_a_staff_line": 284
 },
 "transitions": {
  "counts": {
   "kept -> kept": 6274,
   "refused:inside_the_staff -> refused:inside_the_staff": 1222,
   "refused:no_head_on_the_rung -> ABSTAINED:rung_without_boxed_head": 38,
   "refused:on_a_staff_line -> refused:on_a_staff_line": 284
  },
  "named": {
   "refused:no_head_on_the_rung -> ABSTAINED:rung_without_boxed_head": [
    "glyph/1/1/5/0/5",
    "glyph/11/0/3/7/5",
    "glyph/11/0/3/7/9",
    "glyph/12/0/5/8/13",
    "glyph/12/1/5/6/3",
    "glyph/12/1/7/3/3",
    "glyph/12/1/8/2/11",
    "glyph/12/1/8/3/7",
    "glyph/13/0/9/1/10",
    "glyph/13/0/9/1/6",
    "glyph/13/0/9/1/7",
    "glyph/13/0/9/1/9"
   ]
  }
 },
 "verdicts_moved_by_quantity": {
  "ledger_is_not_a_ledger": 38
 },
 "unladdered_signal_base": {
  "ledger_found_hist": {
   "0": 2138,
   "1": 243,
   "2": 117,
   "3": 33,
   "4": 3,
   "None": 598
  },
  "would_fire": 2138
 },
 "unladdered_signal_arm": {
  "ledger_found_hist": {
   "0": 2138,
   "1": 243,
   "2": 117,
   "3": 33,
   "4": 3,
   "None": 598
  },
  "would_fire": 2138
 },
 "notes_base": 7872,
 "notes_arm": 7872,
 "notes_not_written_identical": true,
 "census_arm": {
  "unaccounted": [],
  "balanced": true
 },
 "family_refusals_ledger_arm": {
  "refused": {
   "inside_the_staff": 1222,
   "on_a_staff_line": 284
  },
  "refused_total": 1506,
  "kept": 6274,
  "abstained": 38,
  "abstained_reasons": {
   "rung_without_boxed_head": 38
  },
  "verdicts": 7818,
  "balanced": true
 }
}
wrote benchmarks/omr-family-refusals-2026-09/out/ledger-g3-arm-brahms1-breitkopf-mvt1-whole-20260923.json
