[beethoven5-p1-p4.record.json] POPULATION FIRST: 1878 ledgerLine boxes
[beethoven5-p1-p4.record.json] base (3.4g rule from origin/main) ...
[beethoven5-p1-p4.record.json] CONTROL base == 3.4g's recorded arm: True (1878 of 1878)
[beethoven5-p1-p4.record.json] arm  (3.4g-2 rule, this tree) ...
{
 "record": "beethoven5-p1-p4.record.json",
 "base_ref": "origin/main",
 "ledger_boxes_on_the_record": 1878,
 "control": {
  "prior_file": "benchmarks/omr-family-refusals-2026-09/out/ledger-arm-beethoven5-p1-p4.json",
  "prior_3_4g_arm": {
   "refused:on_a_staff_line": 1214,
   "kept": 657,
   "refused:tall_not_a_rung": 7
  },
  "base_here": {
   "kept": 657,
   "refused:on_a_staff_line": 1214,
   "refused:tall_not_a_rung": 7
  },
  "agrees": true,
  "agreeing_boxes": "1878 of 1878"
 },
 "base": {
  "kept": 657,
  "refused:on_a_staff_line": 1214,
  "refused:tall_not_a_rung": 7
 },
 "arm": {
  "kept": 333,
  "refused:inside_the_staff": 1370,
  "refused:no_head_on_the_rung": 18,
  "refused:on_a_staff_line": 156,
  "refused:tall_not_a_rung": 1
 },
 "transitions": {
  "counts": {
   "kept -> kept": 328,
   "kept -> refused:inside_the_staff": 311,
   "kept -> refused:no_head_on_the_rung": 18,
   "refused:on_a_staff_line -> refused:inside_the_staff": 1058,
   "refused:on_a_staff_line -> refused:on_a_staff_line": 156,
   "refused:tall_not_a_rung -> kept": 5,
   "refused:tall_not_a_rung -> refused:inside_the_staff": 1,
   "refused:tall_not_a_rung -> refused:tall_not_a_rung": 1
  },
  "named": {
   "refused:on_a_staff_line -> refused:inside_the_staff": [
    "glyph/1/0/0/0/7",
    "glyph/1/0/0/15/3",
    "glyph/1/0/0/15/4",
    "glyph/1/0/0/4/2",
    "glyph/1/0/0/8/1",
    "glyph/1/0/1/3/1",
    "glyph/1/0/1/4/2",
    "glyph/1/0/1/4/4",
    "glyph/1/0/1/8/1",
    "glyph/1/0/1/8/2",
    "glyph/1/0/10/1/4",
    "glyph/1/0/10/1/5"
   ],
   "kept -> refused:no_head_on_the_rung": [
    "glyph/1/0/3/14/0",
    "glyph/2/0/2/2/12",
    "glyph/2/0/3/2/13",
    "glyph/2/1/0/12/5",
    "glyph/2/1/0/12/6",
    "glyph/2/1/10/14/9",
    "glyph/3/1/0/5/8",
    "glyph/3/1/0/6/11",
    "glyph/3/1/0/6/12",
    "glyph/3/1/2/17/3",
    "glyph/3/1/4/0/15",
    "glyph/3/1/7/10/1"
   ],
   "kept -> refused:inside_the_staff": [
    "glyph/2/0/0/1/19",
    "glyph/2/0/0/1/21",
    "glyph/2/0/0/2/12",
    "glyph/2/0/0/3/6",
    "glyph/2/0/1/1/10",
    "glyph/2/0/1/1/12",
    "glyph/2/0/1/1/13",
    "glyph/2/0/1/1/8",
    "glyph/2/0/1/1/9",
    "glyph/2/0/1/2/11",
    "glyph/2/0/2/1/11",
    "glyph/2/0/2/1/15"
   ],
   "refused:tall_not_a_rung -> kept": [
    "glyph/4/0/1/6/8",
    "glyph/4/0/4/4/8",
    "glyph/4/1/0/6/13",
    "glyph/4/1/2/12/16",
    "glyph/4/1/2/5/14"
   ],
   "refused:tall_not_a_rung -> refused:inside_the_staff": [
    "glyph/4/1/9/11/17"
   ]
  }
 },
 "glyph_owner_verdicts": {
  "base": 1386,
  "arm": 1386
 },
 "glyph_owner_moved": 0,
 "unladdered_signal_base": {
  "ledger_found_hist": {
   "0": 282,
   "1": 55,
   "2": 12,
   "3": 6,
   "None": 133
  },
  "would_fire": 282
 },
 "unladdered_signal_arm": {
  "ledger_found_hist": {
   "0": 278,
   "1": 59,
   "2": 12,
   "3": 6,
   "None": 133
  },
  "would_fire": 278
 },
 "notes_base": 1769,
 "notes_arm": 1769,
 "notes_not_written_identical": true,
 "census_base": {
  "unaccounted": [],
  "balanced": true
 },
 "census_arm": {
  "unaccounted": [],
  "balanced": true
 },
 "family_refusals_ledger_arm": {
  "refused": {
   "inside_the_staff": 1370,
   "on_a_staff_line": 156,
   "no_head_on_the_rung": 18,
   "tall_not_a_rung": 1
  },
  "refused_total": 1545,
  "kept": 333,
  "abstained": 0,
  "verdicts": 1878,
  "balanced": true
 }
}
wrote benchmarks/omr-family-refusals-2026-09/out/ledger-g2-arm-beethoven5-p1-p4.json
