  same  editions/bach/brandenburg-concerto-3-in-g-major-bwv1048/bach--brandenburg-concerto-3-in-g-major-bwv1048--edition-peters-nr-4412--imslp468678.pdf p0  blind=[1]  grouped off=[True, True] on=[True, True]
  same  editions/bach/brandenburg-concerto-3-in-g-major-bwv1048/bach--brandenburg-concerto-3-in-g-major-bwv1048--edition-peters-nr-4412--imslp468678.pdf p1  blind=[]  grouped off=[True, True] on=[True, True]
  same  editions/bach/brandenburg-concerto-3-in-g-major-bwv1048/bach--brandenburg-concerto-3-in-g-major-bwv1048--edition-peters-nr-4412--imslp468678.pdf p2  blind=[]  grouped off=[True, True] on=[True, True]
  same  editions/bach/brandenburg-concerto-3-in-g-major-bwv1048/bach--brandenburg-concerto-3-in-g-major-bwv1048--edition-peters-nr-4412--imslp468678.pdf p3  blind=[]  grouped off=[True, True] on=[True, True]
  same  editions/bach/brandenburg-concerto-3-in-g-major-bwv1048/bach--brandenburg-concerto-3-in-g-major-bwv1048--edition-peters-nr-4412--imslp468678.pdf p4  blind=[]  grouped off=[True, True] on=[True, True]
  same  editions/bach/brandenburg-concerto-3-in-g-major-bwv1048/bach--brandenburg-concerto-3-in-g-major-bwv1048--edition-peters-nr-4412--imslp468678.pdf p5  blind=[]  grouped off=[True, True] on=[True, True]
  same  editions/bach/brandenburg-concerto-3-in-g-major-bwv1048/bach--brandenburg-concerto-3-in-g-major-bwv1048--edition-peters-nr-4412--imslp468678.pdf p6  blind=[]  grouped off=[True, True] on=[True, True]
  same  editions/bach/brandenburg-concerto-3-in-g-major-bwv1048/bach--brandenburg-concerto-3-in-g-major-bwv1048--edition-peters-nr-4412--imslp468678.pdf p7  blind=[]  grouped off=[True, True] on=[True, True]
  same  editions/bach/brandenburg-concerto-3-in-g-major-bwv1048/bach--brandenburg-concerto-3-in-g-major-bwv1048--edition-peters-nr-4412--imslp468678.pdf p8  blind=[]  grouped off=[True, True] on=[True, True]
  same  editions/bach/brandenburg-concerto-3-in-g-major-bwv1048/bach--brandenburg-concerto-3-in-g-major-bwv1048--edition-peters-nr-4412--imslp468678.pdf p9  blind=[]  grouped off=[True, True] on=[True, True]
  same  editions/bach/brandenburg-concerto-3-in-g-major-bwv1048/bach--brandenburg-concerto-3-in-g-major-bwv1048--edition-peters-nr-4412--imslp468678.pdf p10  blind=[]  grouped off=[True, True] on=[True, True]
  same  editions/bach/brandenburg-concerto-3-in-g-major-bwv1048/bach--brandenburg-concerto-3-in-g-major-bwv1048--edition-peters-nr-4412--imslp468678.pdf p11  blind=[]  grouped off=[True, True] on=[True, True]
  same  editions/bach/brandenburg-concerto-3-in-g-major-bwv1048/bach--brandenburg-concerto-3-in-g-major-bwv1048--edition-peters-nr-4412--imslp468678.pdf p12  blind=[]  grouped off=[True, True] on=[True, True]
  same  editions/bach/brandenburg-concerto-3-in-g-major-bwv1048/bach--brandenburg-concerto-3-in-g-major-bwv1048--edition-peters-nr-4412--imslp468678.pdf p13  blind=[]  grouped off=[False] on=[False]
  same  editions/bach/brandenburg-concerto-3-in-g-major-bwv1048/bach--brandenburg-concerto-3-in-g-major-bwv1048--edition-peters-nr-4412--imslp468678.pdf p14  blind=[]  grouped off=[True, True] on=[True, True]
  same  editions/bach/brandenburg-concerto-3-in-g-major-bwv1048/bach--brandenburg-concerto-3-in-g-major-bwv1048--edition-peters-nr-4412--imslp468678.pdf p15  blind=[]  grouped off=[True, True] on=[True, True]
  same  editions/bach/brandenburg-concerto-3-in-g-major-bwv1048/bach--brandenburg-concerto-3-in-g-major-bwv1048--edition-peters-nr-4412--imslp468678.pdf p16  blind=[1]  grouped off=[True, True] on=[True, True]
  same  editions/bach/brandenburg-concerto-3-in-g-major-bwv1048/bach--brandenburg-concerto-3-in-g-major-bwv1048--edition-peters-nr-4412--imslp468678.pdf p17  blind=[]  grouped off=[True, True] on=[True, True]
  same  editions/bach/brandenburg-concerto-3-in-g-major-bwv1048/bach--brandenburg-concerto-3-in-g-major-bwv1048--edition-peters-nr-4412--imslp468678.pdf p18  blind=[]  grouped off=[True, True] on=[True, True]
  same  editions/bach/brandenburg-concerto-3-in-g-major-bwv1048/bach--brandenburg-concerto-3-in-g-major-bwv1048--edition-peters-nr-4412--imslp468678.pdf p19  blind=[]  grouped off=[True, True] on=[True, True]
  same  editions/bach/brandenburg-concerto-3-in-g-major-bwv1048/bach--brandenburg-concerto-3-in-g-major-bwv1048--edition-peters-nr-4412--imslp468678.pdf p20  blind=[]  grouped off=[True, True] on=[True, True]
  same  editions/bach/brandenburg-concerto-3-in-g-major-bwv1048/bach--brandenburg-concerto-3-in-g-major-bwv1048--edition-peters-nr-4412--imslp468678.pdf p21  blind=[]  grouped off=[True, True] on=[True, True]
  same  editions/bach/brandenburg-concerto-3-in-g-major-bwv1048/bach--brandenburg-concerto-3-in-g-major-bwv1048--edition-peters-nr-4412--imslp468678.pdf p22  blind=[]  grouped off=[True, True] on=[True, True]
  same  editions/bach/brandenburg-concerto-3-in-g-major-bwv1048/bach--brandenburg-concerto-3-in-g-major-bwv1048--edition-peters-nr-4412--imslp468678.pdf p23  blind=[]  grouped off=[True, True] on=[True, True]
  same  editions/beethoven/symphony-5-op67/beethoven--symphony-5-op67--henry-litolff-s-verlag-1870--imslp575951.pdf p0  blind=[]  grouped off=[True] on=[True]
  same  editions/beethoven/symphony-5-op67/beethoven--symphony-5-op67--henry-litolff-s-verlag-1870--imslp575951.pdf p1  blind=[]  grouped off=[True, True] on=[True, True]
  same  editions/beethoven/symphony-5-op67/beethoven--symphony-5-op67--henry-litolff-s-verlag-1870--imslp575951.pdf p2  blind=[]  grouped off=[True, True] on=[True, True]
  same  editions/beethoven/symphony-5-op67/beethoven--symphony-5-op67--henry-litolff-s-verlag-1870--imslp575951.pdf p3  blind=[]  grouped off=[True, True] on=[True, True]
  same  editions/beethoven/symphony-5-op67/beethoven--symphony-5-op67--henry-litolff-s-verlag-1870--imslp575951.pdf p4  blind=[]  grouped off=[True, True] on=[True, True]
  same  editions/beethoven/symphony-5-op67/beethoven--symphony-5-op67--henry-litolff-s-verlag-1870--imslp575951.pdf p5  blind=[]  grouped off=[True, True] on=[True, True]
  same  editions/beethoven/symphony-5-op67/beethoven--symphony-5-op67--henry-litolff-s-verlag-1870--imslp575951.pdf p6  blind=[]  grouped off=[True, True] on=[True, True]
  same  editions/beethoven/symphony-5-op67/beethoven--symphony-5-op67--henry-litolff-s-verlag-1870--imslp575951.pdf p7  blind=[]  grouped off=[True, True] on=[True, True]
  same  editions/beethoven/symphony-5-op67/beethoven--symphony-5-op67--henry-litolff-s-verlag-1870--imslp575951.pdf p8  blind=[]  grouped off=[True, True] on=[True, True]
  same  editions/beethoven/symphony-5-op67/beethoven--symphony-5-op67--henry-litolff-s-verlag-1870--imslp575951.pdf p9  blind=[]  grouped off=[True, True] on=[True, True]
  same  editions/beethoven/symphony-5-op67/beethoven--symphony-5-op67--henry-litolff-s-verlag-1870--imslp575951.pdf p10  blind=[]  grouped off=[True, True] on=[True, True]
  same  editions/beethoven/symphony-5-op67/beethoven--symphony-5-op67--henry-litolff-s-verlag-1870--imslp575951.pdf p11  blind=[]  grouped off=[True, True] on=[True, True]
  same  editions/beethoven/symphony-5-op67/beethoven--symphony-5-op67--henry-litolff-s-verlag-1870--imslp575951.pdf p12  blind=[]  grouped off=[True, True] on=[True, True]
  same  editions/beethoven/symphony-5-op67/beethoven--symphony-5-op67--henry-litolff-s-verlag-1870--imslp575951.pdf p13  blind=[]  grouped off=[True, True] on=[True, True]
  same  editions/beethoven/symphony-5-op67/beethoven--symphony-5-op67--henry-litolff-s-verlag-1870--imslp575951.pdf p14  blind=[]  grouped off=[True, True] on=[True, True]
  same  editions/beethoven/symphony-5-op67/beethoven--symphony-5-op67--henry-litolff-s-verlag-1870--imslp575951.pdf p15  blind=[]  grouped off=[True, True] on=[True, True]
  same  editions/beethoven/symphony-5-op67/beethoven--symphony-5-op67--henry-litolff-s-verlag-1870--imslp575951.pdf p16  blind=[]  grouped off=[True, False, False] on=[True, False, False]
  CUE-C DIFF  editions/beethoven/symphony-5-op67/beethoven--symphony-5-op67--henry-litolff-s-verlag-1870--imslp575951.pdf p17  blind=[]  grouped off=[True, False] on=[True, True]
  same  editions/beethoven/symphony-5-op67/beethoven--symphony-5-op67--henry-litolff-s-verlag-1870--imslp575951.pdf p18  blind=[]  grouped off=[True, True] on=[True, True]
  same  editions/beethoven/symphony-5-op67/beethoven--symphony-5-op67--henry-litolff-s-verlag-1870--imslp575951.pdf p19  blind=[]  grouped off=[True, True] on=[True, True]
  same  editions/beethoven/symphony-5-op67/beethoven--symphony-5-op67--henry-litolff-s-verlag-1870--imslp575951.pdf p20  blind=[]  grouped off=[True, True] on=[True, True]
  same  editions/beethoven/symphony-5-op67/beethoven--symphony-5-op67--henry-litolff-s-verlag-1870--imslp575951.pdf p21  blind=[]  grouped off=[True, True] on=[True, True]
  same  editions/beethoven/symphony-5-op67/beethoven--symphony-5-op67--henry-litolff-s-verlag-1870--imslp575951.pdf p22  blind=[]  grouped off=[True, True] on=[True, True]
  CUE-C DIFF  editions/beethoven/symphony-5-op67/beethoven--symphony-5-op67--henry-litolff-s-verlag-1870--imslp575951.pdf p23  blind=[]  grouped off=[False, True] on=[True, True]
  same  editions/beethoven/symphony-5-op67/beethoven--symphony-5-op67--henry-litolff-s-verlag-1870--imslp984073.pdf p0  blind=[]  grouped off=[] on=[]
  same  editions/beethoven/symphony-5-op67/beethoven--symphony-5-op67--henry-litolff-s-verlag-1870--imslp984073.pdf p1  blind=[]  grouped off=[True] on=[True]
  same  editions/beethoven/symphony-5-op67/beethoven--symphony-5-op67--henry-litolff-s-verlag-1870--imslp984073.pdf p2  blind=[]  grouped off=[True, True] on=[True, True]
  same  editions/beethoven/symphony-5-op67/beethoven--symphony-5-op67--henry-litolff-s-verlag-1870--imslp984073.pdf p3  blind=[]  grouped off=[True, True] on=[True, True]
  same  editions/beethoven/symphony-5-op67/beethoven--symphony-5-op67--henry-litolff-s-verlag-1870--imslp984073.pdf p4  blind=[]  grouped off=[True, True] on=[True, True]
  same  editions/beethoven/symphony-5-op67/beethoven--symphony-5-op67--henry-litolff-s-verlag-1870--imslp984073.pdf p5  blind=[]  grouped off=[True, True] on=[True, True]
  same  editions/beethoven/symphony-5-op67/beethoven--symphony-5-op67--henry-litolff-s-verlag-1870--imslp984073.pdf p6  blind=[]  grouped off=[True, True] on=[True, True]
  same  editions/beethoven/symphony-5-op67/beethoven--symphony-5-op67--henry-litolff-s-verlag-1870--imslp984073.pdf p7  blind=[]  grouped off=[True, True] on=[True, True]
  same  editions/beethoven/symphony-5-op67/beethoven--symphony-5-op67--henry-litolff-s-verlag-1870--imslp984073.pdf p8  blind=[]  grouped off=[True, True] on=[True, True]
  same  editions/beethoven/symphony-5-op67/beethoven--symphony-5-op67--henry-litolff-s-verlag-1870--imslp984073.pdf p9  blind=[]  grouped off=[True, True] on=[True, True]
  same  editions/beethoven/symphony-5-op67/beethoven--symphony-5-op67--henry-litolff-s-verlag-1870--imslp984073.pdf p10  blind=[]  grouped off=[True, True] on=[True, True]
  same  editions/beethoven/symphony-5-op67/beethoven--symphony-5-op67--henry-litolff-s-verlag-1870--imslp984073.pdf p11  blind=[]  grouped off=[True, True] on=[True, True]
  same  editions/beethoven/symphony-5-op67/beethoven--symphony-5-op67--henry-litolff-s-verlag-1870--imslp984073.pdf p12  blind=[]  grouped off=[True, True] on=[True, True]
  same  editions/beethoven/symphony-5-op67/beethoven--symphony-5-op67--henry-litolff-s-verlag-1870--imslp984073.pdf p13  blind=[]  grouped off=[True, True] on=[True, True]
  same  editions/beethoven/symphony-5-op67/beethoven--symphony-5-op67--henry-litolff-s-verlag-1870--imslp984073.pdf p14  blind=[]  grouped off=[True, True] on=[True, True]
  same  editions/beethoven/symphony-5-op67/beethoven--symphony-5-op67--henry-litolff-s-verlag-1870--imslp984073.pdf p15  blind=[]  grouped off=[True, True] on=[True, True]
  same  editions/beethoven/symphony-5-op67/beethoven--symphony-5-op67--henry-litolff-s-verlag-1870--imslp984073.pdf p16  blind=[]  grouped off=[True, True] on=[True, True]
  same  editions/beethoven/symphony-5-op67/beethoven--symphony-5-op67--henry-litolff-s-verlag-1870--imslp984073.pdf p17  blind=[]  grouped off=[True, False, False] on=[True, False, False]
  same  editions/beethoven/symphony-5-op67/beethoven--symphony-5-op67--henry-litolff-s-verlag-1870--imslp984073.pdf p18  blind=[]  grouped off=[True, True] on=[True, True]
  same  editions/beethoven/symphony-5-op67/beethoven--symphony-5-op67--henry-litolff-s-verlag-1870--imslp984073.pdf p19  blind=[]  grouped off=[True, True] on=[True, True]
  same  editions/beethoven/symphony-5-op67/beethoven--symphony-5-op67--henry-litolff-s-verlag-1870--imslp984073.pdf p20  blind=[]  grouped off=[True, True] on=[True, True]
  same  editions/beethoven/symphony-5-op67/beethoven--symphony-5-op67--henry-litolff-s-verlag-1870--imslp984073.pdf p21  blind=[]  grouped off=[True, True] on=[True, True]
  CUE-C DIFF  editions/beethoven/symphony-5-op67/beethoven--symphony-5-op67--henry-litolff-s-verlag-1870--imslp984073.pdf p22  blind=[]  grouped off=[True, False] on=[True, True]
  same  editions/beethoven/symphony-5-op67/beethoven--symphony-5-op67--henry-litolff-s-verlag-1870--imslp984073.pdf p23  blind=[]  grouped off=[True, True] on=[True, True]
  same  editions/brahms/symphony-1-op68/brahms--symphony-1-op68--breitkopf-hartel-brahms--imslp317803.pdf p0  blind=[]  grouped off=[True] on=[True]
  same  editions/brahms/symphony-1-op68/brahms--symphony-1-op68--breitkopf-hartel-brahms--imslp317803.pdf p1  blind=[]  grouped off=[True, True] on=[True, True]
  same  editions/brahms/symphony-1-op68/brahms--symphony-1-op68--breitkopf-hartel-brahms--imslp317803.pdf p2  blind=[]  grouped off=[True, True] on=[True, True]
  CUE-C DIFF  editions/brahms/symphony-1-op68/brahms--symphony-1-op68--breitkopf-hartel-brahms--imslp317803.pdf p3  blind=[]  grouped off=[True, False] on=[True, True]
  same  editions/brahms/symphony-1-op68/brahms--symphony-1-op68--breitkopf-hartel-brahms--imslp317803.pdf p4  blind=[]  grouped off=[True, True] on=[True, True]
  CUE-C DIFF  editions/brahms/symphony-1-op68/brahms--symphony-1-op68--breitkopf-hartel-brahms--imslp317803.pdf p5  blind=[]  grouped off=[True, False] on=[True, True]
  same  editions/brahms/symphony-1-op68/brahms--symphony-1-op68--breitkopf-hartel-brahms--imslp317803.pdf p6  blind=[]  grouped off=[True, True] on=[True, True]
  same  editions/brahms/symphony-1-op68/brahms--symphony-1-op68--breitkopf-hartel-brahms--imslp317803.pdf p7  blind=[]  grouped off=[True, True] on=[True, True]
  same  editions/brahms/symphony-1-op68/brahms--symphony-1-op68--breitkopf-hartel-brahms--imslp317803.pdf p8  blind=[]  grouped off=[True, True] on=[True, True]
  same  editions/brahms/symphony-1-op68/brahms--symphony-1-op68--breitkopf-hartel-brahms--imslp317803.pdf p9  blind=[]  grouped off=[True, True] on=[True, True]
  same  editions/brahms/symphony-1-op68/brahms--symphony-1-op68--breitkopf-hartel-brahms--imslp317803.pdf p10  blind=[]  grouped off=[True, True] on=[True, True]
  same  editions/brahms/symphony-1-op68/brahms--symphony-1-op68--breitkopf-hartel-brahms--imslp317803.pdf p11  blind=[]  grouped off=[True, True] on=[True, True]
  same  editions/brahms/symphony-1-op68/brahms--symphony-1-op68--breitkopf-hartel-brahms--imslp317803.pdf p12  blind=[]  grouped off=[True, True] on=[True, True]
  same  editions/brahms/symphony-1-op68/brahms--symphony-1-op68--breitkopf-hartel-brahms--imslp317803.pdf p13  blind=[]  grouped off=[True, True] on=[True, True]
  same  editions/brahms/symphony-1-op68/brahms--symphony-1-op68--breitkopf-hartel-brahms--imslp317803.pdf p14  blind=[]  grouped off=[True, True] on=[True, True]
  same  editions/brahms/symphony-1-op68/brahms--symphony-1-op68--breitkopf-hartel-brahms--imslp317803.pdf p15  blind=[]  grouped off=[True, True] on=[True, True]
  same  editions/brahms/symphony-1-op68/brahms--symphony-1-op68--breitkopf-hartel-brahms--imslp317803.pdf p16  blind=[]  grouped off=[True, True] on=[True, True]
  same  editions/brahms/symphony-1-op68/brahms--symphony-1-op68--breitkopf-hartel-brahms--imslp317803.pdf p17  blind=[]  grouped off=[True, True] on=[True, True]
  same  editions/brahms/symphony-1-op68/brahms--symphony-1-op68--breitkopf-hartel-brahms--imslp317803.pdf p18  blind=[]  grouped off=[True, True] on=[True, True]
  same  editions/brahms/symphony-1-op68/brahms--symphony-1-op68--breitkopf-hartel-brahms--imslp317803.pdf p19  blind=[]  grouped off=[True, True] on=[True, True]
  same  editions/brahms/symphony-1-op68/brahms--symphony-1-op68--breitkopf-hartel-brahms--imslp317803.pdf p20  blind=[]  grouped off=[True, True] on=[True, True]
  same  editions/brahms/symphony-1-op68/brahms--symphony-1-op68--breitkopf-hartel-brahms--imslp317803.pdf p21  blind=[]  grouped off=[True, True] on=[True, True]
  same  editions/brahms/symphony-1-op68/brahms--symphony-1-op68--breitkopf-hartel-brahms--imslp317803.pdf p22  blind=[]  grouped off=[True, True] on=[True, True]
  same  editions/brahms/symphony-1-op68/brahms--symphony-1-op68--breitkopf-hartel-brahms--imslp317803.pdf p23  blind=[]  grouped off=[True, True] on=[True, True]
  same  editions/dvorak/symphony-9-op95/dvorak--symphony-9-op95--simrock-1894--imslp405834.pdf p0  blind=[]  grouped off=[] on=[]
  same  editions/dvorak/symphony-9-op95/dvorak--symphony-9-op95--simrock-1894--imslp405834.pdf p1  blind=[]  grouped off=[] on=[]
  same  editions/dvorak/symphony-9-op95/dvorak--symphony-9-op95--simrock-1894--imslp405834.pdf p2  blind=[]  grouped off=[] on=[]
  same  editions/dvorak/symphony-9-op95/dvorak--symphony-9-op95--simrock-1894--imslp405834.pdf p3  blind=[]  grouped off=[] on=[]
  same  editions/dvorak/symphony-9-op95/dvorak--symphony-9-op95--simrock-1894--imslp405834.pdf p4  blind=[]  grouped off=[True] on=[True]
  same  editions/dvorak/symphony-9-op95/dvorak--symphony-9-op95--simrock-1894--imslp405834.pdf p5  blind=[]  grouped off=[True] on=[True]
  same  editions/dvorak/symphony-9-op95/dvorak--symphony-9-op95--simrock-1894--imslp405834.pdf p6  blind=[]  grouped off=[True, True] on=[True, True]
  same  editions/dvorak/symphony-9-op95/dvorak--symphony-9-op95--simrock-1894--imslp405834.pdf p7  blind=[]  grouped off=[True, True] on=[True, True]
  same  editions/dvorak/symphony-9-op95/dvorak--symphony-9-op95--simrock-1894--imslp405834.pdf p8  blind=[]  grouped off=[True, True] on=[True, True]
  same  editions/dvorak/symphony-9-op95/dvorak--symphony-9-op95--simrock-1894--imslp405834.pdf p9  blind=[]  grouped off=[True, True] on=[True, True]
  same  editions/dvorak/symphony-9-op95/dvorak--symphony-9-op95--simrock-1894--imslp405834.pdf p10  blind=[]  grouped off=[True, True] on=[True, True]
  same  editions/dvorak/symphony-9-op95/dvorak--symphony-9-op95--simrock-1894--imslp405834.pdf p11  blind=[]  grouped off=[True, True] on=[True, True]
  same  editions/dvorak/symphony-9-op95/dvorak--symphony-9-op95--simrock-1894--imslp405834.pdf p12  blind=[]  grouped off=[True, True] on=[True, True]
  same  editions/dvorak/symphony-9-op95/dvorak--symphony-9-op95--simrock-1894--imslp405834.pdf p13  blind=[]  grouped off=[True, True] on=[True, True]
  same  editions/dvorak/symphony-9-op95/dvorak--symphony-9-op95--simrock-1894--imslp405834.pdf p14  blind=[]  grouped off=[True] on=[True]
  same  editions/dvorak/symphony-9-op95/dvorak--symphony-9-op95--simrock-1894--imslp405834.pdf p15  blind=[]  grouped off=[True, True] on=[True, True]
  same  editions/dvorak/symphony-9-op95/dvorak--symphony-9-op95--simrock-1894--imslp405834.pdf p16  blind=[]  grouped off=[True, True] on=[True, True]
  same  editions/dvorak/symphony-9-op95/dvorak--symphony-9-op95--simrock-1894--imslp405834.pdf p17  blind=[]  grouped off=[True] on=[True]
  same  editions/dvorak/symphony-9-op95/dvorak--symphony-9-op95--simrock-1894--imslp405834.pdf p18  blind=[]  grouped off=[True, True] on=[True, True]
  same  editions/dvorak/symphony-9-op95/dvorak--symphony-9-op95--simrock-1894--imslp405834.pdf p19  blind=[]  grouped off=[True, True] on=[True, True]
  same  editions/dvorak/symphony-9-op95/dvorak--symphony-9-op95--simrock-1894--imslp405834.pdf p20  blind=[]  grouped off=[True, True] on=[True, True]
  same  editions/dvorak/symphony-9-op95/dvorak--symphony-9-op95--simrock-1894--imslp405834.pdf p21  blind=[]  grouped off=[True, True] on=[True, True]
  same  editions/dvorak/symphony-9-op95/dvorak--symphony-9-op95--simrock-1894--imslp405834.pdf p22  blind=[]  grouped off=[True, True] on=[True, True]
  same  editions/dvorak/symphony-9-op95/dvorak--symphony-9-op95--simrock-1894--imslp405834.pdf p23  blind=[]  grouped off=[True, True] on=[True, True]
  same  editions/mahler/symphony-5/mahler--symphony-5--unidentified-scan-2016--local.pdf p0  blind=[]  grouped off=[] on=[]
  same  editions/mahler/symphony-5/mahler--symphony-5--unidentified-scan-2016--local.pdf p1  blind=[]  grouped off=[True] on=[True]
  same  editions/mahler/symphony-5/mahler--symphony-5--unidentified-scan-2016--local.pdf p2  blind=[]  grouped off=[True] on=[True]
  same  editions/mahler/symphony-5/mahler--symphony-5--unidentified-scan-2016--local.pdf p3  blind=[]  grouped off=[True] on=[True]
  same  editions/mahler/symphony-5/mahler--symphony-5--unidentified-scan-2016--local.pdf p4  blind=[]  grouped off=[True] on=[True]
  same  editions/mahler/symphony-5/mahler--symphony-5--unidentified-scan-2016--local.pdf p5  blind=[]  grouped off=[True, True] on=[True, True]
  same  editions/mahler/symphony-5/mahler--symphony-5--unidentified-scan-2016--local.pdf p6  blind=[]  grouped off=[True] on=[True]
  same  editions/mahler/symphony-5/mahler--symphony-5--unidentified-scan-2016--local.pdf p7  blind=[]  grouped off=[True] on=[True]
  same  editions/mahler/symphony-5/mahler--symphony-5--unidentified-scan-2016--local.pdf p8  blind=[]  grouped off=[True] on=[True]
  same  editions/mahler/symphony-5/mahler--symphony-5--unidentified-scan-2016--local.pdf p9  blind=[]  grouped off=[True] on=[True]
  same  editions/mahler/symphony-5/mahler--symphony-5--unidentified-scan-2016--local.pdf p10  blind=[]  grouped off=[True] on=[True]
  same  editions/mahler/symphony-5/mahler--symphony-5--unidentified-scan-2016--local.pdf p11  blind=[]  grouped off=[True, True] on=[True, True]
  same  editions/mahler/symphony-5/mahler--symphony-5--unidentified-scan-2016--local.pdf p12  blind=[]  grouped off=[True] on=[True]
  same  editions/mahler/symphony-5/mahler--symphony-5--unidentified-scan-2016--local.pdf p13  blind=[]  grouped off=[True] on=[True]
  same  editions/mahler/symphony-5/mahler--symphony-5--unidentified-scan-2016--local.pdf p14  blind=[]  grouped off=[True] on=[True]
  same  editions/mahler/symphony-5/mahler--symphony-5--unidentified-scan-2016--local.pdf p15  blind=[]  grouped off=[True] on=[True]
  same  editions/mahler/symphony-5/mahler--symphony-5--unidentified-scan-2016--local.pdf p16  blind=[]  grouped off=[True] on=[True]
  same  editions/mahler/symphony-5/mahler--symphony-5--unidentified-scan-2016--local.pdf p17  blind=[]  grouped off=[True] on=[True]
  same  editions/mahler/symphony-5/mahler--symphony-5--unidentified-scan-2016--local.pdf p18  blind=[]  grouped off=[True] on=[True]
  same  editions/mahler/symphony-5/mahler--symphony-5--unidentified-scan-2016--local.pdf p19  blind=[]  grouped off=[True] on=[True]
  same  editions/mahler/symphony-5/mahler--symphony-5--unidentified-scan-2016--local.pdf p20  blind=[]  grouped off=[True] on=[True]
  same  editions/mahler/symphony-5/mahler--symphony-5--unidentified-scan-2016--local.pdf p21  blind=[]  grouped off=[True] on=[True]
  same  editions/mahler/symphony-5/mahler--symphony-5--unidentified-scan-2016--local.pdf p22  blind=[]  grouped off=[True] on=[True]
  same  editions/mahler/symphony-5/mahler--symphony-5--unidentified-scan-2016--local.pdf p23  blind=[]  grouped off=[True] on=[True]

cue C input identical on 139 pages, different on 5
