  editions/bach/brandenburg-concerto-3-in-g-major-bwv1048/bach--brandenburg-concerto-3-in-g-major-bwv1048--edition-peters-nr-4412--imslp468678.pdf p0: 12st 5g 000111222344 | 12st 5g 000111222344
  editions/bach/brandenburg-concerto-3-in-g-major-bwv1048/bach--brandenburg-concerto-3-in-g-major-bwv1048--edition-peters-nr-4412--imslp468678.pdf p1: 12st 5g 000111222344 | 12st 5g 000111222344
  editions/bach/brandenburg-concerto-3-in-g-major-bwv1048/bach--brandenburg-concerto-3-in-g-major-bwv1048--edition-peters-nr-4412--imslp468678.pdf p2: 12st 5g 000111222344 | 12st 5g 000111222344
  editions/bach/brandenburg-concerto-3-in-g-major-bwv1048/bach--brandenburg-concerto-3-in-g-major-bwv1048--edition-peters-nr-4412--imslp468678.pdf p3: 12st 5g 000111222344 | 12st 5g 000111222344
  editions/bach/brandenburg-concerto-3-in-g-major-bwv1048/bach--brandenburg-concerto-3-in-g-major-bwv1048--edition-peters-nr-4412--imslp468678.pdf p4: 12st 5g 000111222344 | 12st 5g 000111222344
  editions/bach/brandenburg-concerto-3-in-g-major-bwv1048/bach--brandenburg-concerto-3-in-g-major-bwv1048--edition-peters-nr-4412--imslp468678.pdf p5: 12st 5g 000111222344 | 12st 5g 000111222344
  editions/bach/brandenburg-concerto-3-in-g-major-bwv1048/bach--brandenburg-concerto-3-in-g-major-bwv1048--edition-peters-nr-4412--imslp468678.pdf p6: 12st 5g 000111222344 | 12st 5g 000111222344
  editions/bach/brandenburg-concerto-3-in-g-major-bwv1048/bach--brandenburg-concerto-3-in-g-major-bwv1048--edition-peters-nr-4412--imslp468678.pdf p7: 12st 5g 000111222344 | 12st 5g 000111222344
  editions/bach/brandenburg-concerto-3-in-g-major-bwv1048/bach--brandenburg-concerto-3-in-g-major-bwv1048--edition-peters-nr-4412--imslp468678.pdf p8: 12st 5g 000111222344 | 12st 5g 000111222344
  editions/bach/brandenburg-concerto-3-in-g-major-bwv1048/bach--brandenburg-concerto-3-in-g-major-bwv1048--edition-peters-nr-4412--imslp468678.pdf p9: 12st 5g 000111222344 | 12st 5g 000111222344
  editions/bach/brandenburg-concerto-3-in-g-major-bwv1048/bach--brandenburg-concerto-3-in-g-major-bwv1048--edition-peters-nr-4412--imslp468678.pdf p10: 12st 5g 000111222344 | 12st 5g 000111222344
  editions/bach/brandenburg-concerto-3-in-g-major-bwv1048/bach--brandenburg-concerto-3-in-g-major-bwv1048--edition-peters-nr-4412--imslp468678.pdf p11: 12st 5g 000111222344 | 12st 5g 000111222344
  editions/bach/brandenburg-concerto-3-in-g-major-bwv1048/bach--brandenburg-concerto-3-in-g-major-bwv1048--edition-peters-nr-4412--imslp468678.pdf p12: 12st 5g 000111222344 | 12st 4g 000111222333
  editions/bach/brandenburg-concerto-3-in-g-major-bwv1048/bach--brandenburg-concerto-3-in-g-major-bwv1048--edition-peters-nr-4412--imslp468678.pdf p13: 1st 1g 0
  editions/bach/brandenburg-concerto-3-in-g-major-bwv1048/bach--brandenburg-concerto-3-in-g-major-bwv1048--edition-peters-nr-4412--imslp468678.pdf p14: 12st 5g 000111222344 | 12st 5g 000111222344
  editions/bach/brandenburg-concerto-3-in-g-major-bwv1048/bach--brandenburg-concerto-3-in-g-major-bwv1048--edition-peters-nr-4412--imslp468678.pdf p15: 12st 5g 000111222344 | 12st 5g 000111222344
  editions/bach/brandenburg-concerto-3-in-g-major-bwv1048/bach--brandenburg-concerto-3-in-g-major-bwv1048--edition-peters-nr-4412--imslp468678.pdf p16: 12st 5g 000111222344 | 12st 5g 000111222344
  editions/bach/brandenburg-concerto-3-in-g-major-bwv1048/bach--brandenburg-concerto-3-in-g-major-bwv1048--edition-peters-nr-4412--imslp468678.pdf p17: 12st 5g 000111222344 | 12st 5g 000111222344
  editions/bach/brandenburg-concerto-3-in-g-major-bwv1048/bach--brandenburg-concerto-3-in-g-major-bwv1048--edition-peters-nr-4412--imslp468678.pdf p18: 12st 5g 000111222344 | 12st 5g 000111222344
  editions/bach/brandenburg-concerto-3-in-g-major-bwv1048/bach--brandenburg-concerto-3-in-g-major-bwv1048--edition-peters-nr-4412--imslp468678.pdf p19: 12st 5g 000111222344 | 12st 5g 000111222344
  editions/bach/brandenburg-concerto-3-in-g-major-bwv1048/bach--brandenburg-concerto-3-in-g-major-bwv1048--edition-peters-nr-4412--imslp468678.pdf p20: 12st 5g 000111222344 | 12st 5g 000111222344
  editions/bach/brandenburg-concerto-3-in-g-major-bwv1048/bach--brandenburg-concerto-3-in-g-major-bwv1048--edition-peters-nr-4412--imslp468678.pdf p21: 12st 5g 000111222344 | 12st 5g 000111222344
  editions/bach/brandenburg-concerto-3-in-g-major-bwv1048/bach--brandenburg-concerto-3-in-g-major-bwv1048--edition-peters-nr-4412--imslp468678.pdf p22: 12st 5g 000111222344 | 12st 5g 000111222344
  editions/bach/brandenburg-concerto-3-in-g-major-bwv1048/bach--brandenburg-concerto-3-in-g-major-bwv1048--edition-peters-nr-4412--imslp468678.pdf p23: 12st 5g 000111222344 | 12st 5g 000111222344
  editions/beethoven/symphony-5-op67/beethoven--symphony-5-op67--henry-litolff-s-verlag-1870--imslp575951.pdf p0: 12st 3g 000011122222
  editions/beethoven/symphony-5-op67/beethoven--symphony-5-op67--henry-litolff-s-verlag-1870--imslp575951.pdf p1: 11st 3g 00001112222 | 11st 3g 00001112222
  editions/beethoven/symphony-5-op67/beethoven--symphony-5-op67--henry-litolff-s-verlag-1870--imslp575951.pdf p2: 11st 3g 00001112222 | 8st 3g 00012222
  editions/beethoven/symphony-5-op67/beethoven--symphony-5-op67--henry-litolff-s-verlag-1870--imslp575951.pdf p3: 11st 3g 00001122222 | 11st 3g 00001112222
  editions/beethoven/symphony-5-op67/beethoven--symphony-5-op67--henry-litolff-s-verlag-1870--imslp575951.pdf p4: 9st 3g 000012222 | 7st 3g 0012222
  editions/beethoven/symphony-5-op67/beethoven--symphony-5-op67--henry-litolff-s-verlag-1870--imslp575951.pdf p5: 10st 3g 0000122222 | 12st 3g 000011122222
  editions/beethoven/symphony-5-op67/beethoven--symphony-5-op67--henry-litolff-s-verlag-1870--imslp575951.pdf p6: 11st 3g 00001112222 | 11st 3g 00001112222
  editions/beethoven/symphony-5-op67/beethoven--symphony-5-op67--henry-litolff-s-verlag-1870--imslp575951.pdf p7: 9st 3g 000012222 | 11st 3g 00001122222
  editions/beethoven/symphony-5-op67/beethoven--symphony-5-op67--henry-litolff-s-verlag-1870--imslp575951.pdf p8: 12st 3g 000011122222 | 10st 3g 0000112222
  editions/beethoven/symphony-5-op67/beethoven--symphony-5-op67--henry-litolff-s-verlag-1870--imslp575951.pdf p9: 11st 3g 00001112222 | 11st 3g 00001112222
  editions/beethoven/symphony-5-op67/beethoven--symphony-5-op67--henry-litolff-s-verlag-1870--imslp575951.pdf p10: 9st 3g 000112222 | 11st 3g 00001122222
  editions/beethoven/symphony-5-op67/beethoven--symphony-5-op67--henry-litolff-s-verlag-1870--imslp575951.pdf p11: 12st 3g 000011122222 | 11st 3g 00001112222
  editions/beethoven/symphony-5-op67/beethoven--symphony-5-op67--henry-litolff-s-verlag-1870--imslp575951.pdf p12: 11st 3g 00001112222 | 11st 3g 00001112222
  editions/beethoven/symphony-5-op67/beethoven--symphony-5-op67--henry-litolff-s-verlag-1870--imslp575951.pdf p13: 12st 3g 000011122222 | 11st 3g 00001112222
  editions/beethoven/symphony-5-op67/beethoven--symphony-5-op67--henry-litolff-s-verlag-1870--imslp575951.pdf p14: 11st 3g 00001112222 | 11st 3g 00001112222
  editions/beethoven/symphony-5-op67/beethoven--symphony-5-op67--henry-litolff-s-verlag-1870--imslp575951.pdf p15: 11st 3g 00001112222 | 11st 3g 00001112222
  editions/beethoven/symphony-5-op67/beethoven--symphony-5-op67--henry-litolff-s-verlag-1870--imslp575951.pdf p16: 12st 3g 000011122222 | 4st 2g 0011 | 4st 2g 0001
  editions/beethoven/symphony-5-op67/beethoven--symphony-5-op67--henry-litolff-s-verlag-1870--imslp575951.pdf p17: 11st 3g 00001112222 | 8st 3g 01112222
  editions/beethoven/symphony-5-op67/beethoven--symphony-5-op67--henry-litolff-s-verlag-1870--imslp575951.pdf p18: 11st 3g 00011122222 | 9st 2g 000011111
  editions/beethoven/symphony-5-op67/beethoven--symphony-5-op67--henry-litolff-s-verlag-1870--imslp575951.pdf p19: 8st 2g 00001111 | 8st 2g 00001111
  editions/beethoven/symphony-5-op67/beethoven--symphony-5-op67--henry-litolff-s-verlag-1870--imslp575951.pdf p20: 11st 3g 00001112222 | 9st 3g 001112222
  editions/beethoven/symphony-5-op67/beethoven--symphony-5-op67--henry-litolff-s-verlag-1870--imslp575951.pdf p21: 9st 2g 000011111 | 8st 2g 00011111
  editions/beethoven/symphony-5-op67/beethoven--symphony-5-op67--henry-litolff-s-verlag-1870--imslp575951.pdf p22: 9st 2g 000011111 | 12st 3g 000011122222
  editions/beethoven/symphony-5-op67/beethoven--symphony-5-op67--henry-litolff-s-verlag-1870--imslp575951.pdf p23: 11st 3g 00001112222 | 11st 3g 00001112222
  editions/beethoven/symphony-5-op67/beethoven--symphony-5-op67--henry-litolff-s-verlag-1870--imslp984073.pdf p0: 
  editions/beethoven/symphony-5-op67/beethoven--symphony-5-op67--henry-litolff-s-verlag-1870--imslp984073.pdf p1: 12st 3g 000011122222
  editions/beethoven/symphony-5-op67/beethoven--symphony-5-op67--henry-litolff-s-verlag-1870--imslp984073.pdf p2: 11st 3g 00001112222 | 11st 3g 00001112222
  editions/beethoven/symphony-5-op67/beethoven--symphony-5-op67--henry-litolff-s-verlag-1870--imslp984073.pdf p3: 11st 3g 00001112222 | 8st 3g 00012222
  editions/beethoven/symphony-5-op67/beethoven--symphony-5-op67--henry-litolff-s-verlag-1870--imslp984073.pdf p4: 11st 3g 00001122222 | 11st 3g 00001112222
  editions/beethoven/symphony-5-op67/beethoven--symphony-5-op67--henry-litolff-s-verlag-1870--imslp984073.pdf p5: 9st 3g 000012222 | 7st 3g 0012222
  editions/beethoven/symphony-5-op67/beethoven--symphony-5-op67--henry-litolff-s-verlag-1870--imslp984073.pdf p6: 10st 3g 0000122222 | 12st 3g 000011122222
  editions/beethoven/symphony-5-op67/beethoven--symphony-5-op67--henry-litolff-s-verlag-1870--imslp984073.pdf p7: 11st 3g 00001112222 | 11st 3g 00001112222
  editions/beethoven/symphony-5-op67/beethoven--symphony-5-op67--henry-litolff-s-verlag-1870--imslp984073.pdf p8: 9st 3g 000012222 | 11st 3g 00001122222
  editions/beethoven/symphony-5-op67/beethoven--symphony-5-op67--henry-litolff-s-verlag-1870--imslp984073.pdf p9: 12st 3g 000011122222 | 10st 3g 0000112222
  editions/beethoven/symphony-5-op67/beethoven--symphony-5-op67--henry-litolff-s-verlag-1870--imslp984073.pdf p10: 11st 3g 00001112222 | 11st 3g 00001112222
  editions/beethoven/symphony-5-op67/beethoven--symphony-5-op67--henry-litolff-s-verlag-1870--imslp984073.pdf p11: 9st 3g 000112222 | 11st 3g 00001122222
  editions/beethoven/symphony-5-op67/beethoven--symphony-5-op67--henry-litolff-s-verlag-1870--imslp984073.pdf p12: 12st 3g 000011122222 | 11st 3g 00001112222
  editions/beethoven/symphony-5-op67/beethoven--symphony-5-op67--henry-litolff-s-verlag-1870--imslp984073.pdf p13: 11st 3g 00001112222 | 11st 3g 00001112222
  editions/beethoven/symphony-5-op67/beethoven--symphony-5-op67--henry-litolff-s-verlag-1870--imslp984073.pdf p14: 12st 3g 000011122222 | 11st 3g 00001112222
  editions/beethoven/symphony-5-op67/beethoven--symphony-5-op67--henry-litolff-s-verlag-1870--imslp984073.pdf p15: 11st 3g 00001112222 | 11st 3g 00001112222
  editions/beethoven/symphony-5-op67/beethoven--symphony-5-op67--henry-litolff-s-verlag-1870--imslp984073.pdf p16: 11st 3g 00001112222 | 11st 3g 00001112222
  editions/beethoven/symphony-5-op67/beethoven--symphony-5-op67--henry-litolff-s-verlag-1870--imslp984073.pdf p17: 12st 3g 000011122222 | 4st 2g 0011 | 4st 2g 0001
  editions/beethoven/symphony-5-op67/beethoven--symphony-5-op67--henry-litolff-s-verlag-1870--imslp984073.pdf p18: 11st 3g 00001112222 | 8st 3g 01112222
  editions/beethoven/symphony-5-op67/beethoven--symphony-5-op67--henry-litolff-s-verlag-1870--imslp984073.pdf p19: 11st 3g 00011122222 | 9st 2g 000011111
  editions/beethoven/symphony-5-op67/beethoven--symphony-5-op67--henry-litolff-s-verlag-1870--imslp984073.pdf p20: 8st 2g 00001111 | 8st 2g 00001111
  editions/beethoven/symphony-5-op67/beethoven--symphony-5-op67--henry-litolff-s-verlag-1870--imslp984073.pdf p21: 11st 3g 00001112222 | 9st 3g 001112222
  editions/beethoven/symphony-5-op67/beethoven--symphony-5-op67--henry-litolff-s-verlag-1870--imslp984073.pdf p22: 9st 2g 000011111 | 8st 2g 00011111
  editions/beethoven/symphony-5-op67/beethoven--symphony-5-op67--henry-litolff-s-verlag-1870--imslp984073.pdf p23: 9st 2g 000011111 | 12st 3g 000011122222
  editions/brahms/symphony-1-op68/brahms--symphony-1-op68--breitkopf-hartel-brahms--imslp317803.pdf p0: 14st 2g 00000000011111
  editions/brahms/symphony-1-op68/brahms--symphony-1-op68--breitkopf-hartel-brahms--imslp317803.pdf p1: 14st 2g 00000000011111 | 13st 2g 0000000011111
  editions/brahms/symphony-1-op68/brahms--symphony-1-op68--breitkopf-hartel-brahms--imslp317803.pdf p2: 14st 2g 00000000011111 | 14st 2g 00000000011111
  editions/brahms/symphony-1-op68/brahms--symphony-1-op68--breitkopf-hartel-brahms--imslp317803.pdf p3: 14st 2g 00000000011111 | 14st 2g 00000000011111
  editions/brahms/symphony-1-op68/brahms--symphony-1-op68--breitkopf-hartel-brahms--imslp317803.pdf p4: 14st 2g 00000000011111 | 14st 2g 00000000011111
  editions/brahms/symphony-1-op68/brahms--symphony-1-op68--breitkopf-hartel-brahms--imslp317803.pdf p5: 14st 2g 00000000011111 | 14st 2g 00000000011111
  editions/brahms/symphony-1-op68/brahms--symphony-1-op68--breitkopf-hartel-brahms--imslp317803.pdf p6: 12st 2g 000000011111 | 11st 2g 00000011111
  editions/brahms/symphony-1-op68/brahms--symphony-1-op68--breitkopf-hartel-brahms--imslp317803.pdf p7: 11st 2g 00000011111 | 11st 2g 00000011111
  editions/brahms/symphony-1-op68/brahms--symphony-1-op68--breitkopf-hartel-brahms--imslp317803.pdf p8: 11st 2g 00000011111 | 11st 2g 00000011111
  editions/brahms/symphony-1-op68/brahms--symphony-1-op68--breitkopf-hartel-brahms--imslp317803.pdf p9: 12st 2g 000000011111 | 13st 2g 0000000011111
  editions/brahms/symphony-1-op68/brahms--symphony-1-op68--breitkopf-hartel-brahms--imslp317803.pdf p10: 13st 2g 0000000011111 | 14st 2g 00000000011111
  editions/brahms/symphony-1-op68/brahms--symphony-1-op68--breitkopf-hartel-brahms--imslp317803.pdf p11: 14st 2g 00000000011111 | 14st 2g 00000000011111
  editions/brahms/symphony-1-op68/brahms--symphony-1-op68--breitkopf-hartel-brahms--imslp317803.pdf p12: 14st 2g 00000000011111 | 14st 2g 00000000011111
  editions/brahms/symphony-1-op68/brahms--symphony-1-op68--breitkopf-hartel-brahms--imslp317803.pdf p13: 14st 2g 00000000011111 | 14st 2g 00000000011111
  editions/brahms/symphony-1-op68/brahms--symphony-1-op68--breitkopf-hartel-brahms--imslp317803.pdf p14: 14st 2g 00000000011111 | 12st 2g 000000011111
  editions/brahms/symphony-1-op68/brahms--symphony-1-op68--breitkopf-hartel-brahms--imslp317803.pdf p15: 12st 2g 000000011111 | 13st 2g 0000000011111
  editions/brahms/symphony-1-op68/brahms--symphony-1-op68--breitkopf-hartel-brahms--imslp317803.pdf p16: 14st 2g 00000000011111 | 14st 2g 00000000011111
  editions/brahms/symphony-1-op68/brahms--symphony-1-op68--breitkopf-hartel-brahms--imslp317803.pdf p17: 14st 2g 00000000011111 | 14st 2g 00000000011111
  editions/brahms/symphony-1-op68/brahms--symphony-1-op68--breitkopf-hartel-brahms--imslp317803.pdf p18: 14st 2g 00000000011111 | 14st 2g 00000000011111
  editions/brahms/symphony-1-op68/brahms--symphony-1-op68--breitkopf-hartel-brahms--imslp317803.pdf p19: 14st 2g 00000000011111 | 13st 2g 0000000011111
  editions/brahms/symphony-1-op68/brahms--symphony-1-op68--breitkopf-hartel-brahms--imslp317803.pdf p20: 13st 2g 0000000011111 | 11st 2g 00000011111
  editions/brahms/symphony-1-op68/brahms--symphony-1-op68--breitkopf-hartel-brahms--imslp317803.pdf p21: 11st 2g 00000011111 | 11st 2g 00000011111
  editions/brahms/symphony-1-op68/brahms--symphony-1-op68--breitkopf-hartel-brahms--imslp317803.pdf p22: 11st 2g 00000011111 | 11st 2g 00000011111
  editions/brahms/symphony-1-op68/brahms--symphony-1-op68--breitkopf-hartel-brahms--imslp317803.pdf p23: 12st 2g 000000011111 | 13st 2g 0000000011111
  editions/dvorak/symphony-9-op95/dvorak--symphony-9-op95--simrock-1894--imslp405834.pdf p0: 
  editions/dvorak/symphony-9-op95/dvorak--symphony-9-op95--simrock-1894--imslp405834.pdf p1: 
  editions/dvorak/symphony-9-op95/dvorak--symphony-9-op95--simrock-1894--imslp405834.pdf p2: 
  editions/dvorak/symphony-9-op95/dvorak--symphony-9-op95--simrock-1894--imslp405834.pdf p3: 
  editions/dvorak/symphony-9-op95/dvorak--symphony-9-op95--simrock-1894--imslp405834.pdf p4: 15st 3g 000011111122222
  editions/dvorak/symphony-9-op95/dvorak--symphony-9-op95--simrock-1894--imslp405834.pdf p5: 15st 3g 000011111122222
  editions/dvorak/symphony-9-op95/dvorak--symphony-9-op95--simrock-1894--imslp405834.pdf p6: 15st 3g 000011111122222 | 15st 3g 000011111122222
  editions/dvorak/symphony-9-op95/dvorak--symphony-9-op95--simrock-1894--imslp405834.pdf p7: 15st 3g 000011111122222 | 15st 3g 000011111122222
  editions/dvorak/symphony-9-op95/dvorak--symphony-9-op95--simrock-1894--imslp405834.pdf p8: 15st 3g 000011111122222 | 15st 3g 000011111122222
  editions/dvorak/symphony-9-op95/dvorak--symphony-9-op95--simrock-1894--imslp405834.pdf p9: 15st 3g 000011111122222 | 15st 3g 000011111122222
  editions/dvorak/symphony-9-op95/dvorak--symphony-9-op95--simrock-1894--imslp405834.pdf p10: 15st 3g 000011111122222 | 15st 3g 000011111122222
  editions/dvorak/symphony-9-op95/dvorak--symphony-9-op95--simrock-1894--imslp405834.pdf p11: 15st 3g 000011111122222 | 15st 3g 000011111122222
  editions/dvorak/symphony-9-op95/dvorak--symphony-9-op95--simrock-1894--imslp405834.pdf p12: 15st 3g 000011111122222 | 15st 3g 000011111122222
  editions/dvorak/symphony-9-op95/dvorak--symphony-9-op95--simrock-1894--imslp405834.pdf p13: 15st 3g 000011111122222 | 15st 3g 000011111122222
  editions/dvorak/symphony-9-op95/dvorak--symphony-9-op95--simrock-1894--imslp405834.pdf p14: 30st 5g 000000000011111222233333344444
  editions/dvorak/symphony-9-op95/dvorak--symphony-9-op95--simrock-1894--imslp405834.pdf p15: 15st 3g 000011111122222 | 15st 3g 000011111122222
  editions/dvorak/symphony-9-op95/dvorak--symphony-9-op95--simrock-1894--imslp405834.pdf p16: 15st 3g 000011111122222 | 15st 3g 000011111122222
  editions/dvorak/symphony-9-op95/dvorak--symphony-9-op95--simrock-1894--imslp405834.pdf p17: 27st 4g 000000011111222233333333333
  editions/dvorak/symphony-9-op95/dvorak--symphony-9-op95--simrock-1894--imslp405834.pdf p18: 15st 3g 000011111122222 | 15st 3g 000011111122222
  editions/dvorak/symphony-9-op95/dvorak--symphony-9-op95--simrock-1894--imslp405834.pdf p19: 15st 3g 000011111122222 | 15st 3g 000011111122222
  editions/dvorak/symphony-9-op95/dvorak--symphony-9-op95--simrock-1894--imslp405834.pdf p20: 15st 3g 000011111122222 | 15st 3g 000011111122222
  editions/dvorak/symphony-9-op95/dvorak--symphony-9-op95--simrock-1894--imslp405834.pdf p21: 15st 3g 000011111122222 | 15st 3g 000011111122222
  editions/dvorak/symphony-9-op95/dvorak--symphony-9-op95--simrock-1894--imslp405834.pdf p22: 15st 3g 000011111122222 | 15st 3g 000011111122222
  editions/dvorak/symphony-9-op95/dvorak--symphony-9-op95--simrock-1894--imslp405834.pdf p23: 15st 3g 000011111122222 | 15st 3g 000011111122222
  editions/mahler/symphony-5/mahler--symphony-5--unidentified-scan-2016--local.pdf p0: 
  editions/mahler/symphony-5/mahler--symphony-5--unidentified-scan-2016--local.pdf p1: 19st 4g 0000011111122233333
  editions/mahler/symphony-5/mahler--symphony-5--unidentified-scan-2016--local.pdf p2: 15st 4g 001111112233333
  editions/mahler/symphony-5/mahler--symphony-5--unidentified-scan-2016--local.pdf p3: 21st 4g 000011111122223333333
  editions/mahler/symphony-5/mahler--symphony-5--unidentified-scan-2016--local.pdf p4: 21st 4g 000111111222223333333
  editions/mahler/symphony-5/mahler--symphony-5--unidentified-scan-2016--local.pdf p5: 14st 4g 00011112233333 | 7st 2g 0011111
  editions/mahler/symphony-5/mahler--symphony-5--unidentified-scan-2016--local.pdf p6: 16st 4g 0001111122233333
  editions/mahler/symphony-5/mahler--symphony-5--unidentified-scan-2016--local.pdf p7: 16st 4g 0001111122233333
  editions/mahler/symphony-5/mahler--symphony-5--unidentified-scan-2016--local.pdf p8: 17st 4g 00001111112233333
  editions/mahler/symphony-5/mahler--symphony-5--unidentified-scan-2016--local.pdf p9: 17st 4g 00001111112233333
  editions/mahler/symphony-5/mahler--symphony-5--unidentified-scan-2016--local.pdf p10: 19st 4g 0000111111223333333
  editions/mahler/symphony-5/mahler--symphony-5--unidentified-scan-2016--local.pdf p11: 13st 4g 0001123333333 | 13st 3g 0000111122222
  editions/mahler/symphony-5/mahler--symphony-5--unidentified-scan-2016--local.pdf p12: 17st 4g 00000111122233333
  editions/mahler/symphony-5/mahler--symphony-5--unidentified-scan-2016--local.pdf p13: 16st 4g 0000011112233333
  editions/mahler/symphony-5/mahler--symphony-5--unidentified-scan-2016--local.pdf p14: 16st 4g 0000011111233333
  editions/mahler/symphony-5/mahler--symphony-5--unidentified-scan-2016--local.pdf p15: 19st 4g 0000001111122233333
  editions/mahler/symphony-5/mahler--symphony-5--unidentified-scan-2016--local.pdf p16: 19st 4g 0000000111122233333
  editions/mahler/symphony-5/mahler--symphony-5--unidentified-scan-2016--local.pdf p17: 14st 4g 00001111222333
  editions/mahler/symphony-5/mahler--symphony-5--unidentified-scan-2016--local.pdf p18: 17st 4g 00000111111233333
  editions/mahler/symphony-5/mahler--symphony-5--unidentified-scan-2016--local.pdf p19: 15st 4g 000011111233333
  editions/mahler/symphony-5/mahler--symphony-5--unidentified-scan-2016--local.pdf p20: 16st 4g 0000011111233333
  editions/mahler/symphony-5/mahler--symphony-5--unidentified-scan-2016--local.pdf p21: 17st 4g 00000111111233333
  editions/mahler/symphony-5/mahler--symphony-5--unidentified-scan-2016--local.pdf p22: 17st 4g 00000111111233333
  editions/mahler/symphony-5/mahler--symphony-5--unidentified-scan-2016--local.pdf p23: 18st 4g 000001111112233333

144 pages in 344s

WITHIN-PAGE  pairs=73  disagreeing=6  rate=0.0822
WITHIN-EDITION editions/bach/brandenburg-concerto-3-in-g-major- 12st n=46 distinct=2 modal_share=0.978
WITHIN-EDITION editions/beethoven/symphony-5-op67/beethoven--sy  8st n= 5 distinct=4 modal_share=0.4
WITHIN-EDITION editions/beethoven/symphony-5-op67/beethoven--sy  9st n= 7 distinct=4 modal_share=0.429
WITHIN-EDITION editions/beethoven/symphony-5-op67/beethoven--sy 11st n=24 distinct=3 modal_share=0.833
WITHIN-EDITION editions/beethoven/symphony-5-op67/beethoven--sy 12st n= 7 distinct=1 modal_share=1.0
WITHIN-EDITION editions/beethoven/symphony-5-op67/beethoven--sy  8st n= 5 distinct=4 modal_share=0.4
WITHIN-EDITION editions/beethoven/symphony-5-op67/beethoven--sy  9st n= 7 distinct=4 modal_share=0.429
WITHIN-EDITION editions/beethoven/symphony-5-op67/beethoven--sy 11st n=22 distinct=3 modal_share=0.818
WITHIN-EDITION editions/beethoven/symphony-5-op67/beethoven--sy 12st n= 7 distinct=1 modal_share=1.0
WITHIN-EDITION editions/brahms/symphony-1-op68/brahms--symphony 11st n=10 distinct=1 modal_share=1.0
WITHIN-EDITION editions/brahms/symphony-1-op68/brahms--symphony 12st n= 5 distinct=1 modal_share=1.0
WITHIN-EDITION editions/brahms/symphony-1-op68/brahms--symphony 13st n= 7 distinct=1 modal_share=1.0
WITHIN-EDITION editions/brahms/symphony-1-op68/brahms--symphony 14st n=25 distinct=1 modal_share=1.0
WITHIN-EDITION editions/dvorak/symphony-9-op95/dvorak--symphony 15st n=34 distinct=1 modal_share=1.0
WITHIN-EDITION editions/mahler/symphony-5/mahler--symphony-5--u 16st n= 5 distinct=3 modal_share=0.4
WITHIN-EDITION editions/mahler/symphony-5/mahler--symphony-5--u 17st n= 6 distinct=3 modal_share=0.5
WITHIN-EDITION editions/mahler/symphony-5/mahler--symphony-5--u 19st n= 4 distinct=4 modal_share=0.25
