REACH  crop staves=11  map staves=11
REACH  crop bars=15  map bars=15
REACH  underfull lone-pitched bars on this system=13
    P1 m85   staff 0  bar 3   ours=D5   quarter  step=6    | print: 1 blob(s)  REST-SHAPED
        h=0.77  w=1.6   aspect=2.08  step=4.29   px=281
    P1 m88   staff 0  bar 6   ours=D5   quarter  step=6    | print: 2 blob(s)  REST-SHAPED; other ink
        h=0.77  w=1.47  aspect=1.92  step=5.06   px=245
        h=2.62  w=0.13  aspect=0.05  step=1.54   px=48
    P1 m89   staff 0  bar 7   ours=D5   quarter  step=6    | print: 2 blob(s)  REST-SHAPED; other ink
        h=0.77  w=1.47  aspect=1.92  step=5.18   px=252
        h=4.42  w=0.19  aspect=0.04  step=3.33   px=150
    P2 m87   staff 1  bar 5   ours=A5   quarter  step=10   | print: 4 blob(s)  REST-SHAPED; other ink; notehead-shaped
        h=0.77  w=1.35  aspect=1.75  step=0.71   px=226
        h=1.74  w=0.84  aspect=0.48  step=7.61   px=202
        h=0.71  w=0.58  aspect=0.82  step=8.65   px=83
    P3 m82   staff 2  bar 0   ours=F5   quarter  step=8    | print: 6 blob(s)  other ink; other ink; other ink
        h=4.89  w=3.05  aspect=0.62  step=3.81   px=1883
        h=4.32  w=1.78  aspect=0.41  step=3.24   px=1016
        h=3.3   w=1.14  aspect=0.35  step=2.98   px=415
    P6 m93   staff 5  bar 11  ours=F5   quarter  step=8    | print: 5 blob(s)  other ink; other ink; other ink
        h=3.87  w=1.23  aspect=0.32  step=5.48   px=441
        h=1.74  w=1.55  aspect=0.89  step=0.65   px=348
        h=1.68  w=1.61  aspect=0.96  step=0.58   px=342
    P7 m86   staff 6  bar 4   ours=E5   eighth   step=7    | print: 3 blob(s)  other ink; other ink; other ink
        h=4.27  w=1.51  aspect=0.35  step=3.22   px=687
        h=4.34  w=1.45  aspect=0.33  step=4.34   px=619
        h=2.96  w=0.13  aspect=0.04  step=3.09   px=66
    P7 m88   staff 6  bar 6   ours=E5   eighth   step=7    | print: 3 blob(s)  other ink; other ink; other ink
        h=4.47  w=1.58  aspect=0.35  step=3.42   px=674
        h=4.27  w=1.58  aspect=0.37  step=4.67   px=653
        h=1.78  w=0.13  aspect=0.07  step=4.41   px=41
    P8 m82   staff 7  bar 0   ours=F4   eighth   step=1    | print: 7 blob(s)  other ink; other ink; other ink
        h=5.21  w=3.47  aspect=0.67  step=4.16   px=1800
        h=5.14  w=2.17  aspect=0.42  step=4.24   px=771
        h=5.21  w=0.51  aspect=0.1   step=4.16   px=504
    P8 m84   staff 7  bar 2   ours=E4   eighth   step=0    | print: 3 blob(s)  other ink; other ink; other ink
        h=4.05  w=1.52  aspect=0.38  step=3.01   px=452
        h=3.18  w=0.65  aspect=0.2   step=2.14   px=258
        h=5.21  w=0.22  aspect=0.04  step=4.16   px=121
    P8 m86   staff 7  bar 4   ours=E4   eighth   step=0    | print: 2 blob(s)  other ink; other ink
        h=4.34  w=1.66  aspect=0.38  step=3.3    px=562
        h=3.47  w=0.65  aspect=0.19  step=2.43   px=280
    P8 m87   staff 7  bar 5   ours=F4   eighth   step=1    | print: 3 blob(s)  other ink; other ink; other ink
        h=4.7   w=1.74  aspect=0.37  step=3.66   px=638
        h=4.41  w=1.59  aspect=0.36  step=3.37   px=541
        h=3.18  w=1.3   aspect=0.41  step=2.14   px=389
    P8 m93   staff 7  bar 11  ours=B4   quarter  step=4    | print: 3 blob(s)  other ink; notehead-shaped; notehead-shaped
        h=5.21  w=2.03  aspect=0.39  step=4.16   px=818
        h=0.87  w=0.65  aspect=0.75  step=0.84   px=86
        h=0.8   w=0.58  aspect=0.73  step=-0.25  px=85

bars whose PRINT holds exactly ONE blob and it is REST-SHAPED: 1 of 13
bars whose PRINT holds two or more blobs               : 12 of 13
