/Users/seanjohnson/Library/Python/3.9/lib/python/site-packages/urllib3/__init__.py:35: NotOpenSSLWarning: urllib3 v2 only supports OpenSSL 1.1.1+, currently the 'ssl' module is compiled with 'LibreSSL 2.8.3'. See: https://github.com/urllib3/urllib3/issues/3020
  warnings.warn(
work                    bars       parts   measures        notes  recall   prec    dur  dossier
/Users/seanjohnson/Library/Python/3.9/lib/python/site-packages/music21/musicxml/xmlToM21.py:4081: MusicXMLWarning: Line <dashes> stop without start
  warnings.warn('Line <' + mxObj.tag + '> stop without start', MusicXMLWarning)
/Users/seanjohnson/Library/Python/3.9/lib/python/site-packages/music21/musicxml/xmlToM21.py:5128: MusicXMLWarning: Could not import wedge: Error in getting DynamicWedges
  warnings.warn(f'Could not import {tag}: {excep}', MusicXMLWarning)
musicxml.m21ToXml: WARNING: we are out of midi channels! help!
musicxml.m21ToXml: WARNING: we are out of midi channels! help!
beethoven-sym5-mvt1        8    18/18       8/8        81/81       1.000  1.000  1.000  clean
musicxml.m21ToXml: WARNING: we are out of midi channels! help!
musicxml.m21ToXml: WARNING: we are out of midi channels! help!
musicxml.m21ToXml: WARNING: we are out of midi channels! help!
musicxml.m21ToXml: WARNING: we are out of midi channels! help!
musicxml.m21ToXml: WARNING: we are out of midi channels! help!
musicxml.m21ToXml: WARNING: we are out of midi channels! help!
musicxml.m21ToXml: WARNING: we are out of midi channels! help!
musicxml.m21ToXml: WARNING: we are out of midi channels! help!
musicxml.m21ToXml: WARNING: we are out of midi channels! help!
musicxml.m21ToXml: WARNING: we are out of midi channels! help!
brahms-sym1-mvt1           7    21/21       7/7       506/505      0.956  0.955  0.992  clean
/Users/seanjohnson/Library/Python/3.9/lib/python/site-packages/music21/musicxml/partStaffExporter.py:266: MusicXMLWarning: Got overlapping StaffGroups; will not merge ANY groups.
  warnings.warn(
musicxml.m21ToXml: WARNING: we are out of midi channels! help!
musicxml.m21ToXml: WARNING: we are out of midi channels! help!
musicxml.m21ToXml: WARNING: we are out of midi channels! help!
musicxml.m21ToXml: WARNING: we are out of midi channels! help!
musicxml.m21ToXml: WARNING: we are out of midi channels! help!
musicxml.m21ToXml: WARNING: we are out of midi channels! help!
musicxml.m21ToXml: WARNING: we are out of midi channels! help!
musicxml.m21ToXml: WARNING: we are out of midi channels! help!
musicxml.m21ToXml: WARNING: we are out of midi channels! help!
musicxml.m21ToXml: WARNING: we are out of midi channels! help!
musicxml.m21ToXml: WARNING: we are out of midi channels! help!
musicxml.m21ToXml: WARNING: we are out of midi channels! help!
musicxml.m21ToXml: WARNING: we are out of midi channels! help!
musicxml.m21ToXml: WARNING: we are out of midi channels! help!
musicxml.m21ToXml: WARNING: we are out of midi channels! help!
musicxml.m21ToXml: WARNING: we are out of midi channels! help!
musicxml.m21ToXml: WARNING: we are out of midi channels! help!
musicxml.m21ToXml: WARNING: we are out of midi channels! help!
musicxml.m21ToXml: WARNING: we are out of midi channels! help!
musicxml.m21ToXml: WARNING: we are out of midi channels! help!
musicxml.m21ToXml: WARNING: we are out of midi channels! help!
/Users/seanjohnson/Library/Python/3.9/lib/python/site-packages/music21/musicxml/xmlToM21.py:1730: MusicXMLWarning: 52 does not map to a valid instrument!
  warnings.warn(MusicXMLWarning(mpe))
mahler-sym5-mvt1           8    38/38       8/8        24/24       0.917  0.917  1.000  slot_clef=2
1 margin label(s) read but NOT MATCHED by the lexicon, so they were dropped and this page will behave as if unlabelled there: 'larinetti in B.' — these are the strings to add to tools/omr/instruments.py
mozart-sym40-mvt1          6    11/11       6/6       164/164      0.762  0.762  0.952  clean
musicxml.m21ToXml: WARNING: we are out of midi channels! help!
musicxml.m21ToXml: WARNING: we are out of midi channels! help!
musicxml.m21ToXml: WARNING: we are out of midi channels! help!
2 margin label(s) read but NOT MATCHED by the lexicon, so they were dropped and this page will behave as if unlabelled there: 'A', 'mpani in C-G' — these are the strings to add to tools/omr/instruments.py
mozart-sym41-mvt1          6    17/17       6/6       228/228      0.991  0.991  0.947  clean
/Users/seanjohnson/Library/Python/3.9/lib/python/site-packages/music21/musicxml/xmlToM21.py:4081: MusicXMLWarning: Line <dashes> stop without start
  warnings.warn('Line <' + mxObj.tag + '> stop without start', MusicXMLWarning)
musicxml.m21ToXml: WARNING: we are out of midi channels! help!
musicxml.m21ToXml: WARNING: we are out of midi channels! help!
musicxml.m21ToXml: WARNING: we are out of midi channels! help!
beethoven-sym3-mvt1        8    19/19       8/8        80/80       0.975  0.975  1.000  clean
/Users/seanjohnson/Library/Python/3.9/lib/python/site-packages/music21/musicxml/xmlToM21.py:5128: MusicXMLWarning: Could not import wedge: Error in getting DynamicWedges
  warnings.warn(f'Could not import {tag}: {excep}', MusicXMLWarning)
musicxml.m21ToXml: WARNING: we are out of midi channels! help!
musicxml.m21ToXml: WARNING: we are out of midi channels! help!
musicxml.m21ToXml: WARNING: we are out of midi channels! help!
musicxml.m21ToXml: WARNING: we are out of midi channels! help!
musicxml.m21ToXml: WARNING: we are out of midi channels! help!
musicxml.m21ToXml: WARNING: we are out of midi channels! help!
musicxml.m21ToXml: WARNING: we are out of midi channels! help!
musicxml.m21ToXml: WARNING: we are out of midi channels! help!
musicxml.m21ToXml: WARNING: we are out of midi channels! help!
musicxml.m21ToXml: WARNING: we are out of midi channels! help!
musicxml.m21ToXml: WARNING: we are out of midi channels! help!
musicxml.m21ToXml: WARNING: we are out of midi channels! help!
2 margin label(s) read but NOT MATCHED by the lexicon, so they were dropped and this page will behave as if unlabelled there: 'A', 'C' — these are the strings to add to tools/omr/instruments.py
/Users/seanjohnson/Library/Python/3.9/lib/python/site-packages/music21/musicxml/xmlToM21.py:5128: MusicXMLWarning: Could not import wedge: Error in getting DynamicWedges
  warnings.warn(f'Could not import {tag}: {excep}', MusicXMLWarning)
brahms-sym4-mvt1           6    20/20       6/6       175/172      0.959  0.943  0.933  clean
musicxml.m21ToXml: WARNING: we are out of midi channels! help!
musicxml.m21ToXml: WARNING: we are out of midi channels! help!
musicxml.m21ToXml: WARNING: we are out of midi channels! help!
musicxml.m21ToXml: WARNING: we are out of midi channels! help!
musicxml.m21ToXml: WARNING: we are out of midi channels! help!
musicxml.m21ToXml: WARNING: we are out of midi channels! help!
musicxml.m21ToXml: WARNING: we are out of midi channels! help!
musicxml.m21ToXml: WARNING: we are out of midi channels! help!
musicxml.m21ToXml: WARNING: we are out of midi channels! help!
musicxml.m21ToXml: WARNING: we are out of midi channels! help!
musicxml.m21ToXml: WARNING: we are out of midi channels! help!
musicxml.m21ToXml: WARNING: we are out of midi channels! help!
musicxml.m21ToXml: WARNING: we are out of midi channels! help!
musicxml.m21ToXml: WARNING: we are out of midi channels! help!
musicxml.m21ToXml: WARNING: we are out of midi channels! help!
musicxml.m21ToXml: WARNING: we are out of midi channels! help!
musicxml.m21ToXml: WARNING: we are out of midi channels! help!
musicxml.m21ToXml: WARNING: we are out of midi channels! help!
dvorak-sym9-mvt4           3    18/19       3/3        40/40       0.975  0.975  1.000  clean
musicxml.m21ToXml: WARNING: we are out of midi channels! help!
musicxml.m21ToXml: WARNING: we are out of midi channels! help!
musicxml.m21ToXml: WARNING: we are out of midi channels! help!
musicxml.m21ToXml: WARNING: we are out of midi channels! help!
tchaikovsky-sym4-mvt2      8    20/20       8/8        67/67       0.925  0.925  1.000  clean
/Users/seanjohnson/Library/Python/3.9/lib/python/site-packages/music21/musicxml/xmlToM21.py:5128: MusicXMLWarning: Could not import wedge: Error in getting DynamicWedges
  warnings.warn(f'Could not import {tag}: {excep}', MusicXMLWarning)
musicxml.m21ToXml: WARNING: we are out of midi channels! help!
musicxml.m21ToXml: WARNING: we are out of midi channels! help!
musicxml.m21ToXml: WARNING: we are out of midi channels! help!
musicxml.m21ToXml: WARNING: we are out of midi channels! help!
musicxml.m21ToXml: WARNING: we are out of midi channels! help!
5 margin label(s) read but NOT MATCHED by the lexicon, so they were dropped and this page will behave as if unlabelled there: 'ani in A.D.E.', 'larinetti in A', 'ni in F III IV', 'orni in F I II', '|' — these are the strings to add to tools/omr/instruments.py
tchaikovsky-sym6-mvt2      4    17/17       4/4        87/86       0.756  0.747  0.985  clean
/Users/seanjohnson/Library/Python/3.9/lib/python/site-packages/music21/musicxml/xmlToM21.py:5128: MusicXMLWarning: Could not import wedge: Error in getting DynamicWedges
  warnings.warn(f'Could not import {tag}: {excep}', MusicXMLWarning)
musicxml.m21ToXml: WARNING: we are out of midi channels! help!
musicxml.m21ToXml: WARNING: we are out of midi channels! help!
musicxml.m21ToXml: WARNING: we are out of midi channels! help!
musicxml.m21ToXml: WARNING: we are out of midi channels! help!
musicxml.m21ToXml: WARNING: we are out of midi channels! help!
musicxml.m21ToXml: WARNING: we are out of midi channels! help!
musicxml.m21ToXml: WARNING: we are out of midi channels! help!
musicxml.m21ToXml: WARNING: we are out of midi channels! help!
musicxml.m21ToXml: WARNING: we are out of midi channels! help!
bruckner-sym5-mvt1         8    25/25       8/8       105/105      0.962  0.962  1.000  clean

OMR-NED (pooled over 11 scores): 0.1122   [lower is better; 0 = identical]
  2362 symbol edits over 10665 truth + 10381 predicted symbols

work                            OMR-NED   edits   truth    pred  dominant error
mahler-sym5-mvt1                 0.0209      40     958     957  entire measure insert/delete
beethoven-sym5-mvt1              0.0293      38     655     641  wrong lyric
tchaikovsky-sym4-mvt2            0.0444      69     786     767  wrong note
bruckner-sym5-mvt1               0.0931     185    1007     980  wrong note
brahms-sym1-mvt1                 0.0943     390    2083    2054  wrong note
mozart-sym41-mvt1                0.1025     301    1454    1483  wrong note
beethoven-sym3-mvt1              0.1294     215     882     780  entire measure insert/delete
mozart-sym40-mvt1                0.1415     218     788     753  wrong note
tchaikovsky-sym6-mvt2            0.1855     266     730     704  wrong note
brahms-sym4-mvt1                 0.2136     401     949     928  wrong note
dvorak-sym9-mvt4                 0.3380     239     373     334  wrong note

where the edits are (pooled):
  wrong note                                1258   53.3%
  entire measure insert/delete               351   14.9%
  wrong direction                            220    9.3%
  wrong dynamic                              106    4.5%
  wrong slur                                  93    3.9%
  wrong articulation                          63    2.7%
  (17 more)                                  271   11.5%
