/Users/seanjohnson/Library/Python/3.9/lib/python/site-packages/urllib3/__init__.py:35: NotOpenSSLWarning: urllib3 v2 only supports OpenSSL 1.1.1+, currently the 'ssl' module is compiled with 'LibreSSL 2.8.3'. See: https://github.com/urllib3/urllib3/issues/3020
  warnings.warn(
/Users/seanjohnson/Library/Python/3.9/lib/python/site-packages/music21/musicxml/xmlToM21.py:5128: MusicXMLWarning: Could not import wedge: Error in getting DynamicWedges
  warnings.warn(f'Could not import {tag}: {excep}', MusicXMLWarning)
musicxml.m21ToXml: WARNING: we are out of midi channels! help!
musicxml.m21ToXml: WARNING: we are out of midi channels! help!
musicxml.m21ToXml: WARNING: we are out of midi channels! help!
musicxml.m21ToXml: WARNING: we are out of midi channels! help!
musicxml.m21ToXml: WARNING: we are out of midi channels! help!
5 margin label(s) read but NOT MATCHED by the lexicon, so they were dropped and this page will behave as if unlabelled there: 'ani in A.D.E.', 'larinetti in A', 'ni in F III IV', 'orni in F I II', '|' — these are the strings to add to tools/omr/instruments.py
/Users/seanjohnson/Library/Python/3.9/lib/python/site-packages/music21/musicxml/xmlToM21.py:5128: MusicXMLWarning: Could not import wedge: Error in getting DynamicWedges
  warnings.warn(f'Could not import {tag}: {excep}', MusicXMLWarning)
musicxml.m21ToXml: WARNING: we are out of midi channels! help!
musicxml.m21ToXml: WARNING: we are out of midi channels! help!
musicxml.m21ToXml: WARNING: we are out of midi channels! help!
musicxml.m21ToXml: WARNING: we are out of midi channels! help!
musicxml.m21ToXml: WARNING: we are out of midi channels! help!
musicxml.m21ToXml: WARNING: we are out of midi channels! help!
musicxml.m21ToXml: WARNING: we are out of midi channels! help!
musicxml.m21ToXml: WARNING: we are out of midi channels! help!
musicxml.m21ToXml: WARNING: we are out of midi channels! help!
/Users/seanjohnson/Library/Python/3.9/lib/python/site-packages/music21/musicxml/xmlToM21.py:5128: MusicXMLWarning: Could not import wedge: Error in getting DynamicWedges
  warnings.warn(f'Could not import {tag}: {excep}', MusicXMLWarning)
mahler-sym5-mvt4       FAILED: CalledProcessError: Command '['musicxml2ly', '-o', 'benchmarks/omr-corpus-widening-2026-09/fixtures/mahler-sym5-mvt4.ly', 'benchmarks/omr-corpus-widening-2026-09/fixtures/mahler-sym5-mvt4.musicxml']' returned non-zero exit status 1.
work                    bars       parts   measures        notes  recall   prec    dur  dossier
tchaikovsky-sym6-mvt2      4    17/17       4/4        87/86       0.756  0.747  0.892  clean
bruckner-sym5-mvt1         8    25/25       8/8       105/105      0.962  0.962  1.000  clean

OMR-NED (pooled over 2 scores): 0.1802   [lower is better; 0 = identical]
  612 symbol edits over 1737 truth + 1660 predicted symbols

work                            OMR-NED   edits   truth    pred  dominant error
bruckner-sym5-mvt1               0.1431     284    1007     977  wrong note
tchaikovsky-sym6-mvt2            0.2321     328     730     683  wrong note

where the edits are (pooled):
  wrong note                                 312   51.0%
  wrong direction                             88   14.4%
  wrong timesig                               75   12.3%
  wrong dynamic                               38    6.2%
  entire measure insert/delete                20    3.3%
  wrong accidental                            18    2.9%
  (11 more)                                   61   10.0%

wrote benchmarks/omr-corpus-widening-2026-09/out/batch3.json
