/Users/seanjohnson/Library/Python/3.9/lib/python/site-packages/urllib3/__init__.py:35: NotOpenSSLWarning: urllib3 v2 only supports OpenSSL 1.1.1+, currently the 'ssl' module is compiled with 'LibreSSL 2.8.3'. See: https://github.com/urllib3/urllib3/issues/3020
  warnings.warn(
musicxml.m21ToXml: WARNING: we are out of midi channels! help!
musicxml.m21ToXml: WARNING: we are out of midi channels! help!
musicxml.m21ToXml: WARNING: we are out of midi channels! help!
2 margin label(s) read but NOT MATCHED by the lexicon, so they were dropped and this page will behave as if unlabelled there: 'A', 'mpani in C-G' — these are the strings to add to tools/omr/instruments.py
1 margin label(s) read but NOT MATCHED by the lexicon, so they were dropped and this page will behave as if unlabelled there: 'larinetti in B.' — these are the strings to add to tools/omr/instruments.py
musicxml.m21ToXml: WARNING: we are out of midi channels! help!
musicxml.m21ToXml: WARNING: we are out of midi channels! help!
musicxml.m21ToXml: WARNING: we are out of midi channels! help!
musicxml.m21ToXml: WARNING: we are out of midi channels! help!
musicxml.m21ToXml: WARNING: we are out of midi channels! help!
musicxml.m21ToXml: WARNING: we are out of midi channels! help!
musicxml.m21ToXml: WARNING: we are out of midi channels! help!
musicxml.m21ToXml: WARNING: we are out of midi channels! help!
musicxml.m21ToXml: WARNING: we are out of midi channels! help!
musicxml.m21ToXml: WARNING: we are out of midi channels! help!
musicxml.m21ToXml: WARNING: we are out of midi channels! help!
musicxml.m21ToXml: WARNING: we are out of midi channels! help!
musicxml.m21ToXml: WARNING: we are out of midi channels! help!
musicxml.m21ToXml: WARNING: we are out of midi channels! help!
musicxml.m21ToXml: WARNING: we are out of midi channels! help!
3 margin label(s) read but NOT MATCHED by the lexicon, so they were dropped and this page will behave as if unlabelled there: 'A', 'C', 'D' — these are the strings to add to tools/omr/instruments.py
/Users/seanjohnson/Library/Python/3.9/lib/python/site-packages/music21/musicxml/xmlToM21.py:5128: MusicXMLWarning: Could not import wedge: Error in getting DynamicWedges
  warnings.warn(f'Could not import {tag}: {excep}', MusicXMLWarning)
musicxml.m21ToXml: WARNING: we are out of midi channels! help!
musicxml.m21ToXml: WARNING: we are out of midi channels! help!
musicxml.m21ToXml: WARNING: we are out of midi channels! help!
musicxml.m21ToXml: WARNING: we are out of midi channels! help!
musicxml.m21ToXml: WARNING: we are out of midi channels! help!
musicxml.m21ToXml: WARNING: we are out of midi channels! help!
musicxml.m21ToXml: WARNING: we are out of midi channels! help!
musicxml.m21ToXml: WARNING: we are out of midi channels! help!
musicxml.m21ToXml: WARNING: we are out of midi channels! help!
musicxml.m21ToXml: WARNING: we are out of midi channels! help!
musicxml.m21ToXml: WARNING: we are out of midi channels! help!
musicxml.m21ToXml: WARNING: we are out of midi channels! help!
musicxml.m21ToXml: WARNING: we are out of midi channels! help!
musicxml.m21ToXml: WARNING: we are out of midi channels! help!
musicxml.m21ToXml: WARNING: we are out of midi channels! help!
musicxml.m21ToXml: WARNING: we are out of midi channels! help!
musicxml.m21ToXml: WARNING: we are out of midi channels! help!
musicxml.m21ToXml: WARNING: we are out of midi channels! help!
musicxml.m21ToXml: WARNING: we are out of midi channels! help!
musicxml.m21ToXml: WARNING: we are out of midi channels! help!
musicxml.m21ToXml: WARNING: we are out of midi channels! help!
musicxml.m21ToXml: WARNING: we are out of midi channels! help!
musicxml.m21ToXml: WARNING: we are out of midi channels! help!
musicxml.m21ToXml: WARNING: we are out of midi channels! help!
musicxml.m21ToXml: WARNING: we are out of midi channels! help!
musicxml.m21ToXml: WARNING: we are out of midi channels! help!
musicxml.m21ToXml: WARNING: we are out of midi channels! help!
1 margin label(s) read but NOT MATCHED by the lexicon, so they were dropped and this page will behave as if unlabelled there: 'Oboes' — these are the strings to add to tools/omr/instruments.py
musicxml.m21ToXml: WARNING: we are out of midi channels! help!
musicxml.m21ToXml: WARNING: we are out of midi channels! help!
musicxml.m21ToXml: WARNING: we are out of midi channels! help!
musicxml.m21ToXml: WARNING: we are out of midi channels! help!
musicxml.m21ToXml: WARNING: we are out of midi channels! help!
musicxml.m21ToXml: WARNING: we are out of midi channels! help!
musicxml.m21ToXml: WARNING: we are out of midi channels! help!
musicxml.m21ToXml: WARNING: we are out of midi channels! help!
musicxml.m21ToXml: WARNING: we are out of midi channels! help!
5 margin label(s) read but NOT MATCHED by the lexicon, so they were dropped and this page will behave as if unlabelled there: 'ani in A.D.E.', 'larinetti in A', 'ni in F III IV', 'orni in F I II', '|' — these are the strings to add to tools/omr/instruments.py
musicxml.m21ToXml: WARNING: we are out of midi channels! help!
musicxml.m21ToXml: WARNING: we are out of midi channels! help!
musicxml.m21ToXml: WARNING: we are out of midi channels! help!
musicxml.m21ToXml: WARNING: we are out of midi channels! help!
musicxml.m21ToXml: WARNING: we are out of midi channels! help!
musicxml.m21ToXml: WARNING: we are out of midi channels! help!
musicxml.m21ToXml: WARNING: we are out of midi channels! help!
musicxml.m21ToXml: WARNING: we are out of midi channels! help!
musicxml.m21ToXml: WARNING: we are out of midi channels! help!
musicxml.m21ToXml: WARNING: we are out of midi channels! help!
musicxml.m21ToXml: WARNING: we are out of midi channels! help!
musicxml.m21ToXml: WARNING: we are out of midi channels! help!
musicxml.m21ToXml: WARNING: we are out of midi channels! help!
musicxml.m21ToXml: WARNING: we are out of midi channels! help!
musicxml.m21ToXml: WARNING: we are out of midi channels! help!
musicxml.m21ToXml: WARNING: we are out of midi channels! help!
musicxml.m21ToXml: WARNING: we are out of midi channels! help!
musicxml.m21ToXml: WARNING: we are out of midi channels! help!
musicxml.m21ToXml: WARNING: we are out of midi channels! help!
musicxml.m21ToXml: WARNING: we are out of midi channels! help!
musicxml.m21ToXml: WARNING: we are out of midi channels! help!
musicxml.m21ToXml: WARNING: we are out of midi channels! help!
musicxml.m21ToXml: WARNING: we are out of midi channels! help!
musicxml.m21ToXml: WARNING: we are out of midi channels! help!
musicxml.m21ToXml: WARNING: we are out of midi channels! help!
musicxml.m21ToXml: WARNING: we are out of midi channels! help!
musicxml.m21ToXml: WARNING: we are out of midi channels! help!
musicxml.m21ToXml: WARNING: we are out of midi channels! help!
musicxml.m21ToXml: WARNING: we are out of midi channels! help!
work                    bars       parts   measures        notes  recall   prec    dur  dossier
mozart-sym41-mvt1          6    17/17       6/6       228/228      0.991  0.991  0.947  clean
mozart-sym40-mvt1          6    11/11       6/6       164/164      0.762  0.762  0.952  clean
beethoven-sym3-mvt1        8    19/19       8/8        80/80       0.975  0.975  1.000  clean
brahms-sym4-mvt1           6    20/20       6/6       175/172      0.959  0.943  0.933  clean
bruckner-sym5-mvt1         8    25/25       8/8       105/105      0.962  0.962  1.000  clean
dvorak-sym9-mvt4           3    18/19       3/3        40/40       0.975  0.975  1.000  clean
tchaikovsky-sym4-mvt2      8    20/20       8/8        67/67       0.925  0.925  1.000  clean
tchaikovsky-sym6-mvt2      4    17/17       4/4        87/86       0.756  0.747  0.985  clean
boulanger-printemps-mvt1     8    43/46       8/8       736/722      0.783  0.768  0.881  clean

OMR-NED (pooled over 9 scores): 0.3562   [lower is better; 0 = identical]
  7574 symbol edits over 10938 truth + 10327 predicted symbols

work                            OMR-NED   edits   truth    pred  dominant error
tchaikovsky-sym4-mvt2            0.0571      88     786     755  wrong note
bruckner-sym5-mvt1               0.1042     205    1007     960  wrong note
beethoven-sym3-mvt1              0.1405     231     882     762  entire measure insert/delete
mozart-sym41-mvt1                0.1541     449    1454    1459  wrong note
mozart-sym40-mvt1                0.1772     273     788     753  wrong note
tchaikovsky-sym6-mvt2            0.1958     279     730     695  wrong note
brahms-sym4-mvt1                 0.2304     429     949     913  wrong note
dvorak-sym9-mvt4                 0.3380     239     373     334  wrong note
boulanger-printemps-mvt1         0.7020    5381    3969    3696  entire measure insert/delete

where the edits are (pooled):
  entire measure insert/delete              3217   42.5%
  wrong note                                1964   25.9%
  entire staff insert/delete                1166   15.4%
  wrong direction                            344    4.5%
  wrong flag/beam                            283    3.7%
  wrong dynamic                              115    1.5%
  (17 more)                                  485    6.4%

wrote benchmarks/omr-corpus-widening-2026-09/out/beamfix_new.json
