/Users/seanjohnson/Library/Python/3.9/lib/python/site-packages/urllib3/__init__.py:35: NotOpenSSLWarning: urllib3 v2 only supports OpenSSL 1.1.1+, currently the 'ssl' module is compiled with 'LibreSSL 2.8.3'. See: https://github.com/urllib3/urllib3/issues/3020
  warnings.warn(
musicxml.m21ToXml: WARNING: we are out of midi channels! help!
musicxml.m21ToXml: WARNING: we are out of midi channels! help!
musicxml.m21ToXml: WARNING: we are out of midi channels! help!
2 margin label(s) read but NOT MATCHED by the lexicon, so they were dropped and this page will behave as if unlabelled there: 'A', 'mpani in C-G' — these are the strings to add to tools/omr/instruments.py
1 margin label(s) read but NOT MATCHED by the lexicon, so they were dropped and this page will behave as if unlabelled there: 'larinetti in B.' — these are the strings to add to tools/omr/instruments.py
musicxml.m21ToXml: WARNING: we are out of midi channels! help!
musicxml.m21ToXml: WARNING: we are out of midi channels! help!
musicxml.m21ToXml: WARNING: we are out of midi channels! help!
musicxml.m21ToXml: WARNING: we are out of midi channels! help!
musicxml.m21ToXml: WARNING: we are out of midi channels! help!
5 margin label(s) read but NOT MATCHED by the lexicon, so they were dropped and this page will behave as if unlabelled there: 'ani in A.D.E.', 'larinetti in A', 'ni in F III IV', 'orni in F I II', '|' — these are the strings to add to tools/omr/instruments.py
work                    bars       parts   measures        notes  recall   prec    dur  dossier
mozart-sym41-mvt1          6    17/17       6/6       228/228      1.000  1.000  0.868  clean
mozart-sym40-mvt1          6    11/11       6/6       164/164      0.762  0.762  0.952  clean
tchaikovsky-sym6-mvt2      4    17/17       4/4        87/86       0.756  0.747  0.985  clean

OMR-NED (pooled over 3 scores): 0.2735   [lower is better; 0 = identical]
  1603 symbol edits over 2972 truth + 2888 predicted symbols

work                            OMR-NED   edits   truth    pred  dominant error
mozart-sym40-mvt1                0.1772     273     788     753  wrong note
tchaikovsky-sym6-mvt2            0.1958     279     730     695  wrong note
mozart-sym41-mvt1                0.3632    1051    1454    1440  wrong note

where the edits are (pooled):
  wrong note                                1205   75.2%
  wrong flag/beam                            154    9.6%
  wrong direction                             69    4.3%
  wrong slur                                  65    4.1%
  wrong articulation                          37    2.3%
  wrong dynamic                               35    2.2%
  (9 more)                                    38    2.4%

wrote benchmarks/omr-corpus-widening-2026-09/out/new_fix3a.json
