/Users/seanjohnson/Library/Python/3.9/lib/python/site-packages/urllib3/__init__.py:35: NotOpenSSLWarning: urllib3 v2 only supports OpenSSL 1.1.1+, currently the 'ssl' module is compiled with 'LibreSSL 2.8.3'. See: https://github.com/urllib3/urllib3/issues/3020
  warnings.warn(
musicxml.m21ToXml: WARNING: we are out of midi channels! help!
musicxml.m21ToXml: WARNING: we are out of midi channels! help!
musicxml.m21ToXml: WARNING: we are out of midi channels! help!
musicxml.m21ToXml: WARNING: we are out of midi channels! help!
musicxml.m21ToXml: WARNING: we are out of midi channels! help!
musicxml.m21ToXml: WARNING: we are out of midi channels! help!
musicxml.m21ToXml: WARNING: we are out of midi channels! help!
musicxml.m21ToXml: WARNING: we are out of midi channels! help!
musicxml.m21ToXml: WARNING: we are out of midi channels! help!
musicxml.m21ToXml: WARNING: we are out of midi channels! help!
musicxml.m21ToXml: WARNING: we are out of midi channels! help!
musicxml.m21ToXml: WARNING: we are out of midi channels! help!
/Users/seanjohnson/Library/Python/3.9/lib/python/site-packages/music21/musicxml/xmlToM21.py:5128: MusicXMLWarning: Could not import wedge: Error in getting DynamicWedges
  warnings.warn(f'Could not import {tag}: {excep}', MusicXMLWarning)
musicxml.m21ToXml: WARNING: we are out of midi channels! help!
musicxml.m21ToXml: WARNING: we are out of midi channels! help!
musicxml.m21ToXml: WARNING: we are out of midi channels! help!
musicxml.m21ToXml: WARNING: we are out of midi channels! help!
musicxml.m21ToXml: WARNING: we are out of midi channels! help!
musicxml.m21ToXml: WARNING: we are out of midi channels! help!
musicxml.m21ToXml: WARNING: we are out of midi channels! help!
musicxml.m21ToXml: WARNING: we are out of midi channels! help!
musicxml.m21ToXml: WARNING: we are out of midi channels! help!
musicxml.m21ToXml: WARNING: we are out of midi channels! help!
musicxml.m21ToXml: WARNING: we are out of midi channels! help!
musicxml.m21ToXml: WARNING: we are out of midi channels! help!
musicxml.m21ToXml: WARNING: we are out of midi channels! help!
musicxml.m21ToXml: WARNING: we are out of midi channels! help!
musicxml.m21ToXml: WARNING: we are out of midi channels! help!
musicxml.m21ToXml: WARNING: we are out of midi channels! help!
musicxml.m21ToXml: WARNING: we are out of midi channels! help!
musicxml.m21ToXml: WARNING: we are out of midi channels! help!
musicxml.m21ToXml: WARNING: we are out of midi channels! help!
musicxml.m21ToXml: WARNING: we are out of midi channels! help!
musicxml.m21ToXml: WARNING: we are out of midi channels! help!
1 margin label(s) read but NOT MATCHED by the lexicon, so they were dropped and this page will behave as if unlabelled there: 'Oboes' — these are the strings to add to tools/omr/instruments.py
work                    bars       parts   measures        notes  recall   prec    dur  dossier
brahms-sym4-mvt1           6    20/20       6/6       175/172      0.959  0.943  0.933  clean
beethoven-sym3-mvt1        8    19/19       8/8        80/80       0.975  0.975  1.000  clean
dvorak-sym9-mvt4           3    18/19       3/3        40/40       0.975  0.975  1.000  clean

OMR-NED (pooled over 3 scores): 0.2130   [lower is better; 0 = identical]
  897 symbol edits over 2204 truth + 2007 predicted symbols

work                            OMR-NED   edits   truth    pred  dominant error
beethoven-sym3-mvt1              0.1405     231     882     762  entire measure insert/delete
brahms-sym4-mvt1                 0.2296     427     949     911  wrong note
dvorak-sym9-mvt4                 0.3380     239     373     334  wrong note

where the edits are (pooled):
  wrong note                                 336   37.5%
  entire measure insert/delete               215   24.0%
  wrong direction                            112   12.5%
  entire staff insert/delete                  42    4.7%
  wrong slur                                  40    4.5%
  wrong flag/beam                             30    3.3%
  (14 more)                                  122   13.6%

wrote benchmarks/omr-corpus-widening-2026-09/out/new_fix3b.json
