  p  0 peak=  9 [9, 6]
  p  1 peak= 10 [10, 10]
  p  2 peak= 10 [10, 6, 7]
  p  3 peak=  9 [9, 9]
  p  4 peak= 10 [10, 10]
  p  5 peak= 10 [10, 10]
  p  6 peak= 10 [9, 10]
  p  7 peak= 10 [10, 9]
  p  8 peak=  9 [9, 9]
  p  9 peak=  8 [8, 8, 6]
  p 10 peak=  9 [7, 9, 5]
  p 11 peak= 10 [7, 5, 10]
  p 12 peak= 10 [10, 7, 4]
  p 13 peak= 10 [10, 10]
  p 14 peak=  9 [9, 9]
  p 15 peak=  9 [4, 9, 6]
  p 16 peak=  9 [9, 9]
  p 17 peak=  9 [9, 9]
  p 18 peak=  9 [8, 9]
  p 19 peak= 10 [10, 10]
  p 20 peak= 10 [10, 10]
  p 21 peak= 10 [10, 7]
  p 22 peak= 10 [9, 10]
  p 23 peak= 10 [10, 7]
  p 24 peak= 10 [10, 10]
  p 25 peak= 10 [10, 10]
  p 26 peak= 10 [10, 10]
  p 27 peak= 11 [8, 11]
  p 28 peak= 10 [10, 8]
  p 29 peak= 11 [11, 10]
  p 30 peak= 10 [10, 10]
  p 31 peak= 10 [10, 10]
  p 32 peak= 10 [10, 10]
  p 33 peak= 10 [10, 9]
  p 34 peak= 10 [10, 1, 9]
  p 35 peak= 10 [10, 10]
  p 36 peak= 10 [10, 10]
  p 37 peak= 10 [10, 10]
  p 38 peak= 11 [11, 3, 5]
  p 39 peak=  9 [9, 9]
  p 40 peak=  9 [9, 9]
  p 41 peak=  8 [6, 7, 8]
  p 42 peak= 10 [9, 10]
  p 43 peak= 10 [10, 10]
  p 44 peak= 10 [10, 9]
  p 45 peak=  9 [9, 9]
  p 46 peak= 13 [13, 3, 4]
  p 47 peak= 12 [12, 12]
  p 48 peak= 12 [12, 12]
  p 49 peak= 11 [11, 11]
  p 50 peak= 11 [11, 10]
  p 51 peak= 10 [10, 9]
  p 52 peak= 12 [11, 12]
  p 53 peak= 11 [11, 11]
  p 54 peak= 14 [10, 14]
  p 55 peak= 14 [14]
  p 56 peak= 13 [13, 7]
  p 57 peak=  9 [6, 7, 9]
  p 58 peak= 11 [11, 3, 4]
  p 59 peak= 12 [12, 12]
  p 60 peak= 12 [12, 11]
  p 61 peak= 12 [12, 12]
  p 62 peak= 12 [12, 10]
  p 63 peak= 10 [7, 10]
  p 64 peak= 10 [10, 9]
  p 65 peak= 12 [9, 12]
  p 66 peak= 12 [12, 10]
  p 67 peak= 11 [11, 8]
  p 68 peak= 12 [9, 12]
  p 69 peak= 12 [12, 11]
  p 70 peak= 12 [12, 12]
  p 71 peak= 12 [12, 10]
  p 72 peak= 12 [11, 12]
  p 73 peak= 11 [11, 11]
  p 74 peak= 11 [11, 8]
  p 75 peak= 12 [10, 12]
  p 76 peak= 12 [12, 11]
  p 77 peak= 10 [9, 10]
  p 78 peak= 11 [11, 11]
  p  0 peak= 13 [13, 9]
  p  1 peak= 11 [11, 11]
  p  2 peak= 12 [11, 12]
  p  3 peak= 12 [11, 12]
  p  4 peak= 11 [11, 11]
  p  5 peak= 12 [12, 11]
  p  6 peak= 11 [11, 10]
  p  7 peak= 13 [13, 13]
  p  8 peak= 13 [12, 13]
  p  9 peak= 13 [13, 11]
  p 10 peak= 11 [11, 11]
  p 11 peak= 11 [11, 11]
  p 12 peak= 13 [12, 13]
  p 13 peak= 13 [11, 13]
  p 14 peak= 12 [12, 12]
  p 15 peak= 11 [11, 11]
  p 16 peak= 13 [11, 13]
  p 17 peak= 13 [13, 11]
  p 18 peak= 11 [11, 11]
  p 19 peak= 12 [11, 12]
  p 20 peak= 12 [11, 12]
  p 21 peak= 11 [11, 11]
  p 22 peak= 12 [11, 12]
  p 23 peak= 13 [13, 13]
  p 24 peak= 13 [13, 12]
  p 25 peak= 13 [11, 13]
  p 26 peak= 12 [12, 12]
  p 27 peak= 13 [13, 12]
  p 28 peak= 13 [12, 13]
  p 29 peak= 13 [13, 11]
  p 30 peak= 11 [11, 11]
  p 31 peak= 12 [11, 12]
  p 32 peak= 12 [12, 12]
  p 33 peak=  9 [6, 7, 9]
  p 34 peak= 11 [11, 11]
  p 35 peak= 13 [13, 11]
  p 36 peak= 11 [11, 11]
  p 37 peak= 13 [12, 13]
  p 38 peak= 13 [13, 12]
  p 39 peak= 12 [12, 12]
  p 40 peak= 13 [12, 13]
  p 41 peak= 16 [16]
  p 42 peak= 15 [15]
  p 43 peak= 12 [11, 12]
  p 44 peak= 16 [16, 10]
  p 45 peak= 13 [13, 10]
  p 46 peak= 16 [16]
  p 47 peak= 16 [16]
  p 48 peak= 12 [12, 10]
  p 49 peak= 10 [10, 10]
  p 50 peak= 13 [5, 5, 13]
  p 51 peak= 12 [12, 12]
  p 52 peak= 15 [15]
  p 53 peak= 12 [11, 12]
  p 54 peak= 16 [16]
  p 55 peak= 16 [16]
  p 56 peak= 15 [15]
  p 57 peak= 15 [15]
  p 58 peak= 15 [15]
  p 59 peak= 15 [15]
  p 60 peak= 15 [15]
  p 61 peak= 15 [15]
  p 62 peak= 15 [15]
  p 63 peak= 16 [16]
  p 64 peak= 16 [16]
  p 65 peak= 16 [16]
  p 66 peak= 16 [16]
  p 67 peak= 16 [16]
  p 68 peak= 16 [16]
  p 69 peak= 16 [16]
  p 70 peak= 12 [10, 12]
  p 71 peak= 12 [12, 12]
  p 72 peak= 13 [13, 13]
  p 73 peak= 13 [13, 11]
  p 74 peak= 11 [11, 11]
  p 75 peak= 13 [11, 13]
  p 76 peak= 16 [16]
  p 77 peak= 16 [16]
  p 78 peak= 16 [16]
  p 79 peak= 16 [16]
  p 80 peak= 16 [16]
  p 81 peak= 16 [16]
  p 82 peak= 16 [16]
  p 83 peak= 16 [16]
  p 84 peak= 13 [11, 13]
  p 85 peak= 16 [16]
  p 86 peak= 16 [16]
  p 87 peak= 16 [16]
  p 88 peak= 12 [12, 12]
  p 89 peak= 13 [11, 13]
  p 90 peak= 16 [16]
  p 91 peak= 16 [16]
  p 92 peak= 16 [16]
  p 93 peak= 16 [16]
  p 94 peak= 16 [16]
  p 95 peak= 16 [16]
  p 96 peak= 16 [16]
  p 97 peak= 16 [16]
  p 98 peak=  0 []
  p  0 peak= 11 [11]
  p  1 peak= 11 [9, 11]
  p  2 peak= 11 [11, 8]
  p  3 peak= 12 [12, 11]
  p  4 peak= 11 [11, 9]
  p  5 peak= 12 [12, 9]
  p  6 peak= 11 [9, 11]
  p  7 peak= 11 [11, 11]
  p  8 peak= 11 [11, 8]
  p  9 peak= 11 [10, 11]
  p 10 peak= 11 [6, 11]
  p 11 peak= 11 [11, 11]
  p 12 peak= 11 [11, 6]
  p 13 peak= 11 [7, 11]
  p 14 peak= 11 [11, 8]
  p 15 peak=  9 [9, 9]
  p 16 peak= 11 [9, 11]
  p 17 peak= 11 [11, 8]
  p 18 peak= 11 [11, 11]
  p 19 peak= 11 [11, 11]
  p 20 peak= 12 [12, 10]
  p 21 peak= 11 [11, 11]
  p 22 peak= 11 [11, 11]
  p 23 peak= 12 [12, 8]
  p 24 peak= 11 [11, 11]
  p 25 peak= 11 [11, 8]
  p 26 peak= 11 [10, 11]
  p 27 peak= 12 [12, 12]
  p 28 peak= 12 [12, 11]
  p 29 peak= 12 [12, 3, 2]
  p 30 peak=  7 [5, 5, 7]
  p 31 peak= 12 [12, 12]
  p 32 peak= 12 [12, 9]
  p 33 peak= 10 [10, 8]
  p 34 peak= 11 [11, 11]
  p 35 peak=  9 [7, 7, 9]
  p 36 peak=  9 [9, 4, 4, 4]
  p 37 peak= 11 [11, 11]
  p 38 peak= 11 [9, 11]
  p 39 peak= 11 [11, 9]
  p 40 peak= 11 [11, 11]
  p 41 peak= 10 [7, 10]
  p 42 peak=  9 [9, 7]
  p 43 peak= 12 [11, 12]
  p 44 peak= 11 [8, 11]
  p 45 peak= 11 [11, 9]
  p 46 peak=  9 [9, 9]
  p 47 peak= 11 [9, 11]
  p 48 peak= 11 [11, 11]
  p 49 peak= 11 [7, 11]
  p 50 peak= 11 [11, 11]
  p 51 peak= 10 [10, 10]
  p 52 peak= 11 [7, 11]
  p 53 peak= 12 [12, 8]
  p 54 peak= 11 [11, 11]
  p 55 peak=  9 [9, 9]
  p 56 peak=  9 [9, 9]
  p 57 peak= 11 [11, 11]
  p 58 peak= 11 [11, 11]
  p 59 peak= 11 [11, 10]
  p 60 peak= 10 [10, 7]
  p 61 peak= 11 [7, 11]
  p 62 peak= 11 [10, 11]
  p 63 peak= 11 [11, 11]
  p 64 peak= 11 [11, 11]
  p 65 peak= 11 [11, 11]
  p 66 peak= 11 [11, 11]
  p 67 peak= 11 [11, 11]
  p 68 peak= 11 [11, 10]
  p 69 peak= 12 [12, 12]
  p 70 peak= 12 [12, 12]
  p 71 peak= 11 [11, 11]
  p 72 peak= 11 [11, 9]
  p 73 peak= 11 [10, 11]
  p 74 peak= 11 [11, 9]
  p 75 peak= 11 [9, 11]
  p 76 peak= 11 [11, 11]
  p 77 peak= 11 [11, 11]
  p 78 peak= 11 [11, 11]
  p 79 peak= 11 [11, 11]
  p 80 peak= 12 [10, 12]
  p 81 peak= 12 [12, 12]
  p 82 peak= 11 [11, 11]
  p 83 peak= 11 [11, 10]
  p 84 peak= 10 [9, 10]
  p 85 peak= 11 [11, 11]
  p 86 peak= 11 [11, 11]
  p 87 peak= 12 [12, 11]
  p 88 peak= 12 [12, 11]
  p  0 peak= 11 [11, 11]
  p  1 peak= 11 [11, 11]
  p  2 peak= 11 [11, 11]
  p  3 peak= 11 [11, 11]
  p  4 peak= 11 [11, 11]
  p  5 peak= 11 [9, 11]
  p  6 peak= 11 [11, 11]
  p  7 peak= 11 [11, 11]
  p  8 peak= 11 [11, 11]
  p  9 peak= 11 [11, 11]
  p 10 peak= 11 [11, 11]
  p 11 peak= 11 [11, 11]
  p 12 peak= 11 [11, 11]
  p 13 peak= 11 [11, 11]
  p 14 peak= 11 [11, 11]
  p 15 peak= 11 [11, 11]
  p 16 peak= 11 [11, 11]
  p 17 peak= 11 [11, 11]
  p 18 peak= 10 [10, 10]
  p 19 peak= 10 [10, 10]
  p 20 peak= 10 [10, 10]
  p 21 peak= 10 [10, 10]
  p 22 peak= 10 [10, 10]
  p 23 peak= 10 [10, 10]
  p 24 peak= 10 [10, 10]
  p 25 peak= 10 [10, 10]
  p 26 peak= 10 [10, 10]
  p 27 peak= 10 [10, 10]
  p 28 peak= 10 [10, 10]
  p 29 peak= 10 [10, 10]
  p 30 peak= 10 [10, 10]
  p 31 peak= 10 [10, 10]
  p 32 peak= 11 [10, 11]
  p 33 peak= 11 [11, 11]
  p 34 peak= 11 [11, 11]
  p 35 peak= 11 [11, 11]
  p 36 peak= 11 [11, 11]
  p 37 peak= 11 [11, 11]
  p 38 peak= 11 [11, 11]
  p 39 peak= 11 [11, 11]
  p 40 peak= 11 [11, 11]
  p 41 peak= 11 [11, 11]
  p 42 peak= 11 [11, 11]
  p 43 peak= 11 [11, 11]
  p 44 peak= 11 [11, 11]
  p 45 peak= 11 [11, 11]
  p 46 peak= 11 [11, 11]
  p 47 peak= 11 [11, 11]
  p 48 peak= 11 [11, 11]
