  p  0 peak=  0 []
  p  1 peak= 12 [12]
  p  2 peak= 11 [11, 11]
  p  3 peak= 11 [11, 8]
  p  4 peak= 11 [11, 11]
  p  5 peak=  9 [9, 7]
  p  6 peak= 12 [10, 12]
  p  7 peak= 11 [11, 11]
  p  8 peak= 11 [9, 11]
  p  9 peak= 12 [12, 10]
  p 10 peak= 11 [11, 11]
  p 11 peak= 11 [9, 11]
  p 12 peak= 12 [12, 11]
  p 13 peak= 11 [11, 11]
  p 14 peak= 12 [12, 11]
  p 15 peak= 11 [11, 11]
  p 16 peak= 11 [11, 11]
  p 17 peak= 12 [12, 4, 4]
  p 18 peak= 11 [11, 8]
  p 19 peak= 11 [11, 9]
  p 20 peak=  8 [8, 8]
  p 21 peak= 11 [11, 9]
  p 22 peak=  9 [9, 8]
  p 23 peak= 12 [9, 12]
  p 24 peak= 11 [11, 11]
  p 25 peak= 11 [8, 11]
  p 26 peak= 11 [11, 7]
  p 27 peak=  8 [8, 8]
  p 28 peak= 12 [8, 12]
  p 29 peak= 11 [11, 8]
  p 30 peak= 12 [12, 8]
  p 31 peak= 12 [7, 12]
  p 32 peak= 11 [11, 5, 4]
  p 33 peak=  9 [9, 9]
  p 34 peak= 11 [11, 11]
  p 35 peak= 11 [11, 10]
  p 36 peak= 11 [11, 9]
  p 37 peak= 10 [10, 5, 8]
  p 38 peak= 12 [12, 12]
  p 39 peak=  8 [4, 7, 8]
  p 40 peak=  7 [7, 7, 7]
  p 41 peak=  7 [5, 7, 7]
  p 42 peak=  6 [5, 6, 5]
  p 43 peak= 10 [5, 10]
  p 44 peak= 17 [17]
  p 45 peak= 17 [17]
  p 46 peak= 17 [17]
  p 47 peak= 17 [17]
  p 48 peak= 17 [17]
  p 49 peak= 17 [17]
  p 50 peak= 17 [17]
  p 51 peak= 17 [17]
  p 52 peak= 17 [17]
  p 53 peak= 17 [17]
  p 54 peak= 17 [17]
  p 55 peak= 17 [17]
  p 56 peak= 10 [10, 9]
  p 57 peak= 15 [9, 15]
  p 58 peak= 17 [17]
  p 59 peak= 17 [17]
  p 60 peak= 17 [17]
  p 61 peak= 17 [17]
  p 62 peak= 17 [17]
  p 63 peak= 10 [6, 7, 10]
  p 64 peak= 17 [17]
  p 65 peak= 16 [16]
  p 66 peak= 17 [17]
  p 67 peak= 17 [17]
  p 68 peak= 17 [17]
  p 69 peak= 17 [17]
  p 70 peak= 17 [17]
  p 71 peak= 17 [17]
  p 72 peak= 17 [17]
  p 73 peak= 17 [17]
  p 74 peak= 17 [17]
  p 75 peak= 17 [17]
  p 76 peak= 17 [17]
  p 77 peak= 17 [17]
  p 78 peak= 17 [17]
  p 79 peak= 17 [17]
  p 80 peak= 17 [17]
  p 81 peak= 17 [17]
  p 82 peak= 17 [17]
  p 83 peak= 17 [17]
  p 84 peak= 17 [17]
  p 85 peak= 17 [17]
  p 86 peak= 16 [16]
  p 87 peak= 17 [17]
  p  0 peak=  0 []
  p  1 peak=  0 []
  p  2 peak=  0 []
  p  3 peak=  0 []
  p  4 peak= 15 [15]
  p  5 peak= 15 [15]
  p  6 peak= 15 [15, 15]
  p  7 peak= 15 [15, 15]
  p  8 peak= 15 [15, 15]
  p  9 peak= 15 [15, 15]
  p 10 peak= 15 [15, 15]
  p 11 peak= 15 [15, 15]
  p 12 peak= 15 [15, 15]
  p 13 peak= 15 [15, 15]
  p 14 peak= 30 [30]
  p 15 peak= 15 [15, 15]
  p 16 peak= 15 [15, 15]
  p 17 peak= 27 [27]
  p 18 peak= 15 [15, 15]
  p 19 peak= 15 [15, 15]
  p 20 peak= 15 [15, 15]
  p 21 peak= 15 [15, 15]
  p 22 peak= 15 [15, 15]
  p 23 peak= 15 [15, 15]
  p 24 peak= 15 [15, 15]
  p 25 peak= 15 [15, 15]
  p 26 peak= 15 [15, 15]
  p 27 peak= 15 [15, 15]
  p 28 peak= 15 [15]
  p 29 peak= 15 [15]
  p 30 peak= 15 [15, 15]
  p 31 peak= 15 [15, 15]
  p 32 peak= 15 [15, 15]
  p 33 peak= 15 [15, 15]
  p 34 peak= 15 [15, 15]
  p 35 peak= 15 [15, 15]
  p 36 peak= 15 [15, 15]
  p 37 peak= 15 [15, 15]
  p 38 peak= 14 [14]
  p 39 peak= 14 [14]
  p 40 peak= 14 [14, 14]
  p 41 peak= 14 [14, 14]
  p 42 peak= 14 [14, 14]
  p 43 peak= 14 [14, 14]
  p 44 peak= 14 [14, 14]
  p 45 peak= 14 [14, 14]
  p 46 peak= 14 [14, 14]
  p 47 peak= 14 [14, 14]
  p 48 peak= 14 [14, 14]
  p 49 peak= 14 [14, 14]
  p 50 peak= 14 [14, 14]
  p 51 peak= 14 [14, 14]
  p 52 peak= 14 [14, 14]
  p 53 peak= 14 [14, 14]
  p 54 peak= 14 [14, 1]
  p 55 peak= 15 [15]
  p 56 peak= 15 [15, 15]
  p 57 peak= 15 [15, 15]
  p 58 peak= 15 [15, 15]
  p 59 peak= 15 [15, 15]
  p 60 peak= 15 [15, 15]
  p 61 peak= 15 [15, 15]
  p 62 peak= 15 [15, 15]
  p 63 peak= 15 [15, 15]
  p 64 peak= 15 [15, 15]
  p 65 peak= 15 [15, 15]
  p 66 peak= 15 [15, 15]
  p 67 peak= 15 [15, 15]
  p 68 peak= 15 [15, 15]
  p 69 peak= 15 [15, 14]
  p 70 peak= 15 [15, 15]
  p 71 peak= 15 [15, 15]
  p 72 peak= 15 [15, 15]
  p 73 peak= 15 [15, 15]
  p 74 peak= 15 [15, 15]
  p 75 peak= 15 [15, 15]
  p 76 peak= 15 [15, 15]
  p 77 peak= 15 [15, 15]
  p 78 peak= 15 [15, 15]
  p 79 peak= 15 [15, 15]
  p  0 peak= 12 [12]
  p  1 peak= 10 [10, 10]
  p  2 peak= 12 [12, 11]
  p  3 peak= 12 [12, 12]
  p  4 peak= 12 [12, 10]
  p  5 peak= 12 [9, 12]
  p  6 peak= 12 [12, 12]
  p  7 peak= 12 [12, 10]
  p  8 peak=  8 [8, 8]
  p  9 peak= 10 [10, 10]
  p 10 peak= 12 [12, 9]
  p 11 peak= 10 [10, 10]
  p 12 peak= 10 [10, 7]
  p 13 peak= 11 [10, 11]
  p 14 peak= 11 [11, 7]
  p 15 peak= 10 [7, 10]
  p 16 peak= 12 [12, 7]
  p 17 peak= 10 [10, 10]
  p 18 peak= 12 [12, 9]
  p 19 peak= 12 [12, 7]
  p 20 peak= 12 [12, 12]
  p 21 peak= 12 [12, 12]
  p 22 peak= 12 [12, 12]
  p 23 peak= 12 [12, 10]
  p 24 peak= 12 [12, 12]
  p 25 peak= 12 [12, 9]
  p 26 peak= 12 [12, 11]
  p 27 peak= 11 [7, 11]
  p 28 peak= 11 [11, 9]
  p 29 peak= 12 [10, 12]
  p 30 peak= 12 [8, 12]
  p 31 peak= 12 [12, 12]
  p 32 peak= 12 [12, 12]
  p 33 peak= 12 [12, 10]
  p 34 peak= 10 [10, 7]
  p 35 peak= 11 [8, 11]
  p 36 peak= 11 [11, 11]
  p 37 peak= 11 [11, 8]
  p 38 peak= 11 [11, 10]
  p 39 peak= 11 [11, 11]
  p 40 peak= 12 [12, 5]
  p 41 peak=  9 [8, 9]
  p 42 peak= 12 [12, 12]
  p 43 peak= 12 [12, 12]
  p 44 peak= 11 [11, 11]
  p 45 peak= 12 [12, 10]
  p 46 peak= 11 [11, 11]
  p 47 peak= 11 [11, 11]
  p 48 peak= 11 [11, 11]
  p 49 peak= 10 [7, 10]
  p 50 peak= 10 [9, 10]
  p 51 peak= 12 [12, 5, 7]
  p 52 peak=  7 [5, 7, 4]
  p 53 peak= 12 [8, 12]
  p 54 peak= 12 [12, 11]
  p 55 peak= 11 [9, 11]
  p 56 peak= 12 [12, 7]
  p 57 peak= 10 [9, 10]
  p 58 peak=  7 [7, 7, 7]
  p 59 peak=  9 [9, 5, 7]
  p 60 peak=  7 [5, 7, 7]
  p 61 peak= 12 [8, 12]
  p 62 peak= 12 [12, 11]
  p 63 peak= 12 [9, 12]
  p 64 peak= 12 [12, 11]
  p 65 peak= 12 [12, 12]
  p 66 peak= 12 [12, 7]
  p 67 peak= 10 [4, 4, 10]
  p 68 peak= 12 [12, 12]
  p 69 peak= 12 [12, 11]
  p 70 peak=  8 [6, 8, 8]
  p 71 peak=  9 [9, 8]
  p 72 peak=  8 [8, 7, 5]
  p 73 peak=  8 [8, 8, 7]
  p 74 peak= 10 [10, 10]
  p 75 peak= 10 [8, 10]
  p 76 peak=  9 [9, 9]
  p 77 peak=  7 [4, 5, 7, 6]
  p 78 peak= 12 [12, 12]
  p 79 peak= 12 [12, 12]
  p 80 peak= 11 [9, 11]
  p 81 peak= 12 [12]
  p 82 peak= 13 [13]
  p 83 peak= 12 [12, 12]
  p 84 peak= 12 [12, 10]
  p 85 peak= 12 [11, 12]
  p 86 peak= 11 [6, 11]
  p 87 peak= 12 [12, 12]
  p 88 peak= 12 [12, 12]
  p  0 peak= 14 [14]
  p  1 peak= 14 [14, 13]
  p  2 peak= 14 [14, 14]
  p  3 peak= 14 [14, 14]
  p  4 peak= 14 [14, 14]
  p  5 peak= 14 [14, 14]
  p  6 peak= 12 [12, 11]
  p  7 peak= 11 [11, 11]
  p  8 peak= 11 [11, 11]
  p  9 peak= 13 [12, 13]
  p 10 peak= 14 [13, 14]
  p 11 peak= 14 [14, 14]
  p 12 peak= 14 [14, 14]
  p 13 peak= 14 [14, 14]
  p 14 peak= 14 [14, 12]
  p 15 peak= 13 [12, 13]
  p 16 peak= 14 [14, 14]
  p 17 peak= 14 [14, 14]
  p 18 peak= 14 [14, 14]
  p 19 peak= 14 [14, 13]
  p 20 peak= 13 [13, 11]
  p 21 peak= 11 [11, 11]
  p 22 peak= 11 [11, 11]
  p 23 peak= 13 [12, 13]
  p 24 peak= 14 [14, 14]
  p 25 peak= 14 [14, 12]
  p 26 peak= 13 [13, 13]
  p 27 peak= 13 [13, 10]
  p 28 peak= 11 [11, 11]
  p 29 peak= 10 [10, 10]
  p 30 peak= 10 [10, 10]
  p 31 peak= 12 [10, 12]
  p 32 peak= 10 [10, 10]
  p 33 peak= 14 [13, 14]
  p 34 peak= 13 [13, 13]
  p 35 peak= 14 [13, 14]
  p 36 peak= 12 [12, 11]
  p 37 peak= 10 [10, 10]
  p 38 peak= 10 [10, 10]
  p 39 peak= 10 [10, 10]
  p 40 peak= 12 [10, 12]
  p 41 peak= 12 [12, 12]
  p 42 peak= 12 [12, 11]
  p 43 peak= 11 [11, 11]
  p 44 peak= 12 [11, 12]
  p 45 peak= 16 [16]
  p 46 peak= 13 [13, 11]
  p 47 peak= 13 [13, 12]
  p 48 peak= 16 [16]
  p 49 peak= 16 [16]
  p 50 peak= 16 [16]
  p 51 peak= 14 [14, 13]
  p 52 peak= 11 [7, 11]
  p 53 peak= 14 [14, 14]
  p 54 peak= 14 [14, 14]
  p 55 peak= 10 [10, 9]
  p 56 peak= 14 [9, 14]
  p 57 peak= 14 [14, 12]
  p 58 peak= 14 [13, 14]
  p 59 peak= 16 [16]
  p 60 peak= 27 [27]
  p 61 peak= 12 [11, 12]
  p 62 peak= 14 [14, 13]
  p 63 peak= 10 [10, 10]
  p 64 peak= 10 [10, 10]
  p 65 peak= 10 [10, 9]
  p 66 peak= 11 [10, 11]
  p 67 peak= 28 [28]
  p 68 peak= 16 [16]
  p 69 peak= 16 [16]
  p 70 peak= 12 [12, 10]
  p 71 peak= 10 [10, 10]
  p 72 peak= 13 [9, 13]
  p 73 peak= 14 [14, 9]
  p 74 peak= 13 [13, 13]
  p 75 peak= 16 [16]
  p 76 peak= 16 [16]
  p 77 peak= 16 [16]
  p 78 peak= 16 [16]
  p 79 peak= 16 [16]
  p 80 peak= 16 [16]
  p 81 peak= 16 [16]
  p 82 peak= 16 [16]
  p 83 peak= 16 [16]
  p 84 peak= 16 [16]
  p 85 peak= 17 [17]
