  p  0 peak= 13 [13]
  p  1 peak= 13 [13]
  p  2 peak= 13 [13]
  p  3 peak= 13 [13, 9]
  p  4 peak= 13 [13]
  p  5 peak= 13 [13]
  p  6 peak= 12 [12, 10]
  p  7 peak= 13 [10, 13]
  p  8 peak= 12 [12, 8]
  p  9 peak= 12 [12, 11]
  p 10 peak= 12 [12, 12]
  p 11 peak= 12 [12]
  p 12 peak= 13 [13]
  p 13 peak= 13 [13]
  p 14 peak= 13 [13]
  p 15 peak= 13 [13]
  p 16 peak= 13 [13]
  p 17 peak= 13 [13]
  p 18 peak= 13 [13, 8]
  p 19 peak= 10 [8, 10]
  p 20 peak= 12 [12, 12]
  p 21 peak= 12 [12, 12]
  p 22 peak=  9 [9, 9]
  p 23 peak= 12 [12, 11]
  p 24 peak= 13 [13, 12]
  p 25 peak= 24 [24]
  p 26 peak= 13 [13]
  p 27 peak= 13 [13]
  p 28 peak= 12 [10, 12]
  p 29 peak= 13 [13]
  p 30 peak= 13 [13]
  p 31 peak= 13 [13]
  p 32 peak= 11 [11, 11]
  p 33 peak= 12 [12, 11]
  p 34 peak= 12 [12]
  p 35 peak= 13 [13]
  p 36 peak= 13 [13]
  p 37 peak= 12 [12, 10]
  p 38 peak= 13 [10, 13]
  p 39 peak= 13 [13]
  p 40 peak= 13 [13]
  p 41 peak= 12 [10, 12]
  p 42 peak= 12 [12, 12]
  p 43 peak= 12 [9, 12]
  p 44 peak= 13 [13]
  p 45 peak= 13 [13]
  p 46 peak= 13 [13]
  p 47 peak= 13 [13]
  p 48 peak= 15 [15]
  p 49 peak= 12 [11, 12]
  p 50 peak= 13 [13]
  p 51 peak= 12 [12, 8]
  p 52 peak= 12 [10, 12]
  p 53 peak= 11 [11, 11]
  p 54 peak= 11 [10, 11]
  p 55 peak= 10 [8, 10]
  p 56 peak= 12 [12, 10]
  p 57 peak= 12 [12, 12]
  p 58 peak= 12 [12, 12]
  p 59 peak= 10 [10, 10]
  p 60 peak= 12 [12, 12]
  p 61 peak= 12 [12, 12]
  p 62 peak= 12 [11, 12]
  p 63 peak= 12 [11, 12]
  p 64 peak=  9 [8, 9, 5]
  p 65 peak= 11 [8, 11]
  p 66 peak= 12 [11, 12]
  p 67 peak= 14 [14]
  p 68 peak= 14 [14]
  p 69 peak= 15 [15]
  p 70 peak= 11 [11, 11]
  p 71 peak= 12 [11, 12]
  p 72 peak= 12 [12, 10]
  p 73 peak= 12 [11, 12]
  p 74 peak= 11 [11, 11]
  p 75 peak= 11 [10, 11]
  p 76 peak= 10 [9, 10]
  p 77 peak= 11 [11, 10]
  p 78 peak= 12 [12, 12]
  p 79 peak= 12 [12, 12]
  p 80 peak= 10 [10, 10]
  p 81 peak= 12 [12, 12]
  p 82 peak= 12 [12, 12]
  p 83 peak= 12 [11, 12]
  p 84 peak= 13 [11, 13]
  p 85 peak= 12 [12, 2, 2, 4]
  p 86 peak= 10 [9, 10]
  p 87 peak= 11 [9, 11]
  p 88 peak=  8 [8, 8]
  p 89 peak=  9 [9, 9]
  p 90 peak= 10 [10, 9]
  p 91 peak= 10 [10, 8]
  p 92 peak= 11 [9, 11]
  p 93 peak= 11 [11, 11]
  p 94 peak= 11 [11, 11]
  p 95 peak= 11 [11, 11]
  p 96 peak= 12 [12, 10]
  p 97 peak= 12 [11, 12]
  p 98 peak= 12 [10, 12]
  p 99 peak= 12 [9, 12]
  p100 peak= 12 [12, 12]
  p101 peak= 13 [13, 6]
  p102 peak= 14 [14]
  p103 peak= 14 [14, 4]
  p104 peak= 10 [8, 10]
  p105 peak= 12 [12, 12]
  p106 peak=  6 [4, 6, 6, 6]
  p107 peak= 12 [6, 6, 12]
  p108 peak= 12 [12, 12]
  p109 peak= 12 [12, 12]
  p110 peak= 12 [12, 12]
  p111 peak= 13 [13]
  p112 peak= 14 [14, 5]
  p113 peak= 13 [13]
  p114 peak= 21 [21]
  p115 peak= 21 [21]
  p116 peak= 21 [21]
  p117 peak= 21 [21]
  p118 peak= 21 [21]
  p119 peak= 21 [21]
  p120 peak= 21 [21]
  p121 peak= 21 [21]
  p122 peak= 21 [21]
  p123 peak= 21 [21]
  p124 peak= 21 [21]
  p125 peak= 21 [21]
  p126 peak= 21 [21]
  p127 peak= 21 [21]
  p128 peak= 21 [21]
  p129 peak= 21 [21]
  p130 peak= 21 [21]
  p131 peak= 21 [21]
  p132 peak= 21 [21]
  p133 peak= 20 [20]
  p134 peak= 21 [21]
  p135 peak= 10 [10, 10]
  p136 peak= 10 [10, 10]
  p137 peak= 10 [10, 10]
  p138 peak=  9 [9, 9]
  p139 peak=  9 [9, 7]
  p140 peak= 21 [21]
  p141 peak= 21 [21]
  p142 peak= 21 [21]
  p143 peak= 21 [21]
  p144 peak= 21 [21]
  p145 peak= 18 [18]
  p146 peak= 18 [18]
  p147 peak= 18 [18]
  p148 peak= 18 [18]
  p149 peak= 18 [18]
  p150 peak= 18 [18]
  p151 peak= 21 [21]
  p152 peak= 21 [21]
  p153 peak= 21 [21]
  p154 peak= 21 [21]
  p155 peak= 21 [21]
  p156 peak= 21 [21]
  p157 peak= 21 [21]
  p158 peak= 21 [21]
  p159 peak= 21 [21]
  p160 peak= 21 [21]
  p161 peak= 21 [21]
  p162 peak= 21 [21]
  p163 peak= 21 [21]
  p164 peak= 21 [21]
  p165 peak= 21 [21]
  p166 peak= 21 [21]
  p167 peak= 23 [23]
  p168 peak= 23 [23]
  p169 peak= 23 [23]
  p170 peak= 23 [23]
  p171 peak= 23 [23]
  p172 peak= 23 [23]
  p173 peak= 23 [23]
  p174 peak= 23 [23]
  p175 peak= 23 [23]
  p176 peak= 23 [23]
  p177 peak= 23 [23]
  p178 peak= 22 [22]
  p179 peak= 22 [22]
  p180 peak= 22 [22]
  p181 peak= 22 [22]
  p182 peak= 22 [1, 22]
  p183 peak= 23 [23]
  p184 peak= 23 [23]
  p185 peak= 23 [23]
  p186 peak= 23 [23]
  p187 peak= 23 [23]
  p188 peak= 23 [23]
  p  0 peak=  0 []
  p  1 peak=  0 []
  p  2 peak= 15 [15]
  p  3 peak= 16 [16]
  p  4 peak= 16 [16]
  p  5 peak= 15 [15]
  p  6 peak= 14 [14]
  p  7 peak= 16 [16]
  p  8 peak= 16 [16]
  p  9 peak= 16 [16]
  p 10 peak= 16 [16]
  p 11 peak= 15 [1, 15]
  p 12 peak= 16 [16]
  p 13 peak= 16 [16]
  p 14 peak= 16 [16]
  p 15 peak= 16 [16]
  p 16 peak= 16 [16]
  p 17 peak= 16 [16]
  p 18 peak= 16 [16]
  p 19 peak= 16 [16]
  p 20 peak= 15 [15]
  p 21 peak= 16 [16]
  p 22 peak= 16 [16]
  p 23 peak= 16 [16]
  p 24 peak= 16 [16]
  p 25 peak= 16 [16]
  p 26 peak= 16 [16]
  p 27 peak= 16 [16]
  p 28 peak= 16 [16]
  p 29 peak= 16 [16]
  p 30 peak= 16 [16]
  p 31 peak= 16 [16]
  p 32 peak= 16 [16]
  p 33 peak= 16 [16]
  p 34 peak= 16 [16]
  p 35 peak= 16 [16]
  p 36 peak= 16 [16]
  p 37 peak= 16 [16]
  p 38 peak= 16 [16]
  p 39 peak= 16 [16]
  p 40 peak= 16 [16]
  p 41 peak= 16 [16]
  p 42 peak= 17 [17]
  p 43 peak= 16 [16]
  p 44 peak= 16 [16]
  p 45 peak= 16 [16]
  p 46 peak= 16 [16]
  p 47 peak= 16 [16]
  p 48 peak= 16 [16]
  p 49 peak= 16 [16]
  p 50 peak= 16 [16]
  p 51 peak= 16 [16]
  p 52 peak= 16 [16]
  p 53 peak= 16 [16]
  p 54 peak= 16 [16]
  p 55 peak= 16 [16]
  p 56 peak= 16 [16]
  p 57 peak= 16 [16]
  p 58 peak= 16 [16]
  p 59 peak= 16 [16]
  p 60 peak= 16 [16]
  p 61 peak= 16 [16]
  p 62 peak= 16 [16]
  p 63 peak= 16 [16]
  p 64 peak= 16 [16]
  p 65 peak= 16 [16]
  p 66 peak= 16 [16]
  p 67 peak= 16 [16]
  p 68 peak= 16 [16]
  p 69 peak= 16 [16]
  p 70 peak= 15 [15]
  p 71 peak= 16 [16]
  p 72 peak= 16 [16]
  p 73 peak= 16 [16]
  p 74 peak= 16 [16]
  p 75 peak= 16 [16]
  p 76 peak= 16 [16]
  p 77 peak= 16 [16]
  p 78 peak= 16 [16]
  p 79 peak= 16 [16]
  p 80 peak= 16 [16]
  p 81 peak= 16 [16]
  p 82 peak= 16 [16]
  p 83 peak= 16 [16]
  p 84 peak= 16 [16]
  p 85 peak= 15 [1, 15]
  p 86 peak= 16 [16]
  p 87 peak= 16 [16]
  p 88 peak= 16 [16]
  p 89 peak= 13 [13, 1]
  p 90 peak= 16 [16]
  p 91 peak= 16 [16]
  p 92 peak= 16 [16]
  p 93 peak= 16 [16]
  p 94 peak= 16 [16]
  p 95 peak= 16 [16]
  p 96 peak= 16 [16]
  p 97 peak= 16 [16]
  p 98 peak= 16 [16]
  p 99 peak= 16 [1, 16]
  p100 peak= 16 [16]
  p101 peak= 17 [17]
  p102 peak= 17 [17]
  p103 peak= 16 [16]
  p104 peak= 14 [14]
  p105 peak=  9 [5, 9]
  p106 peak= 14 [14]
  p107 peak= 14 [14]
  p108 peak= 14 [14]
  p109 peak= 14 [14]
  p110 peak= 14 [14]
  p111 peak= 14 [14]
  p112 peak= 14 [14]
  p113 peak= 14 [14]
  p114 peak= 14 [14]
  p115 peak= 14 [14]
  p116 peak= 14 [14]
  p117 peak= 11 [11, 2]
  p118 peak= 14 [14]
  p119 peak= 14 [14]
  p120 peak= 14 [14]
  p121 peak= 14 [14]
  p122 peak= 13 [13, 1]
  p123 peak= 14 [14]
  p124 peak= 14 [14]
  p125 peak= 14 [14]
  p126 peak= 14 [14]
  p127 peak= 14 [14]
  p128 peak= 14 [14]
  p129 peak= 14 [14]
  p130 peak= 13 [13]
  p131 peak= 14 [14]
  p132 peak= 14 [14]
  p133 peak= 14 [14]
  p134 peak= 14 [14]
  p135 peak= 14 [14]
  p136 peak= 17 [17]
  p137 peak=  5 [5, 5, 5]
  p138 peak=  5 [5, 5, 5]
  p139 peak=  5 [5, 5, 5]
  p140 peak=  7 [5, 5, 7]
  p141 peak=  5 [5, 5, 5]
  p142 peak= 12 [6, 12]
  p143 peak=  8 [8, 8]
  p144 peak=  8 [8, 8]
  p145 peak= 17 [17]
  p146 peak= 16 [16]
  p147 peak= 17 [17]
  p148 peak=  5 [5, 5, 5]
  p149 peak=  5 [5, 5, 5]
  p150 peak=  5 [5, 5, 5]
  p151 peak=  5 [5, 5, 5]
  p152 peak= 17 [17]
  p153 peak= 17 [17]
  p154 peak= 17 [17]
  p155 peak= 17 [17]
  p156 peak= 17 [17]
  p157 peak= 17 [17]
  p158 peak= 17 [17]
  p159 peak= 19 [19]
  p160 peak= 20 [20]
  p161 peak= 19 [19]
  p162 peak= 18 [18]
  p163 peak= 17 [1, 1, 17]
  p164 peak= 19 [19]
  p165 peak= 16 [16, 3]
  p166 peak= 19 [19]
  p167 peak= 19 [19]
  p168 peak= 19 [19]
  p169 peak= 19 [19]
  p170 peak= 19 [19]
  p171 peak= 19 [19]
  p172 peak= 19 [19]
  p173 peak= 19 [19]
  p174 peak= 19 [19]
  p175 peak= 19 [19]
  p176 peak= 19 [19]
  p177 peak= 19 [19]
  p178 peak= 20 [20]
  p179 peak= 19 [19]
  p180 peak= 19 [19]
  p181 peak= 18 [18]
  p182 peak= 19 [19]
  p183 peak= 19 [19]
  p184 peak= 19 [19]
  p185 peak= 19 [19]
  p186 peak= 19 [19]
  p187 peak= 19 [19]
  p188 peak= 19 [19]
  p189 peak= 19 [19]
  p190 peak= 19 [19]
  p191 peak= 19 [19]
  p192 peak= 19 [19]
  p193 peak= 19 [19]
  p194 peak= 19 [19]
  p195 peak= 19 [19]
  p196 peak= 19 [19]
  p197 peak= 19 [19]
  p198 peak= 19 [19]
  p199 peak= 19 [19]
  p200 peak= 19 [19]
  p201 peak= 19 [19]
  p202 peak= 19 [19]
  p203 peak= 19 [19]
  p204 peak= 19 [19]
  p205 peak= 19 [19]
  p206 peak= 19 [19]
  p207 peak= 19 [19]
  p208 peak= 19 [19]
  p209 peak= 19 [19]
  p210 peak= 19 [19]
  p211 peak= 19 [19]
  p212 peak= 19 [19]
  p213 peak= 13 [1, 1, 13, 2, 1, 1]
  p214 peak= 19 [19]
  p215 peak= 19 [19]
  p216 peak= 18 [18, 1]
  p217 peak= 19 [19]
  p218 peak= 19 [19]
  p219 peak= 19 [19]
  p220 peak= 19 [19]
  p221 peak= 19 [19]
  p222 peak= 19 [19]
  p223 peak= 19 [19]
  p224 peak= 19 [19]
  p225 peak=  0 []
