  p  0 peak= 14 [14, 2, 3]
  p  1 peak=  9 [9, 8]
  p  2 peak= 11 [11, 11]
  p  3 peak= 11 [11, 6, 5]
  p  4 peak= 11 [11, 11]
  p  5 peak= 11 [11, 11]
  p  6 peak= 12 [11, 12]
  p  7 peak=  6 [6, 5, 5, 6]
  p  8 peak= 12 [12, 12]
  p  9 peak= 12 [12, 12]
  p 10 peak= 12 [12, 12]
  p 11 peak= 12 [12, 12]
  p 12 peak= 12 [12, 12]
  p 13 peak= 12 [12, 12]
  p 14 peak= 12 [12, 12]
  p 15 peak= 12 [12, 12]
  p 16 peak= 12 [12, 12]
  p 17 peak= 12 [12, 12]
  p 18 peak= 12 [12, 12]
  p 19 peak= 12 [12, 12]
  p 20 peak= 12 [12, 12]
  p 21 peak= 12 [12, 12]
  p 22 peak= 12 [12, 12]
  p 23 peak= 18 [18]
  p 24 peak= 18 [18]
  p 25 peak= 18 [18]
  p 26 peak= 18 [18]
  p 27 peak= 18 [18]
  p 28 peak= 16 [10, 16]
  p 29 peak= 16 [11, 16]
  p 30 peak= 15 [15, 6]
  p 31 peak= 13 [6, 13]
  p 32 peak= 14 [14, 9]
  p 33 peak= 13 [11, 13]
  p 34 peak= 12 [4, 7, 12]
  p 35 peak= 12 [12, 12]
  p 36 peak= 13 [13, 13]
  p 37 peak=  4 [4, 4, 1, 1, 1, 2, 1, 2, 2, 1, 2, 1, 2, 1]
  p 38 peak= 10 [6, 6, 10]
  p 39 peak= 12 [12, 11]
  p 40 peak= 15 [12, 15]
  p 41 peak= 14 [14, 8]
  p 42 peak= 13 [11, 13]
  p 43 peak= 13 [2, 13]
  p 44 peak= 16 [16]
  p 45 peak= 15 [15]
  p 46 peak= 15 [15]
  p 47 peak= 15 [15]
  p 48 peak= 15 [15]
  p 49 peak= 15 [15]
  p 50 peak= 16 [16]
  p 51 peak= 15 [15]
  p 52 peak= 15 [15]
  p 53 peak= 15 [15]
  p 54 peak= 15 [15]
  p 55 peak= 15 [15]
  p 56 peak= 17 [17]
  p 57 peak= 14 [14, 7]
  p 58 peak=  8 [8, 8]
  p 59 peak= 15 [10, 15]
  p 60 peak= 14 [14, 10]
  p 61 peak= 11 [8, 11]
  p 62 peak= 13 [11, 13]
  p 63 peak= 12 [12, 12]
  p 64 peak=  9 [9, 8]
  p 65 peak= 13 [13, 12]
  p 66 peak= 10 [10, 8]
  p 67 peak= 12 [12, 10]
  p 68 peak= 12 [10, 12]
  p 69 peak= 14 [14, 12]
  p 70 peak= 12 [10, 12]
  p 71 peak= 13 [12, 13]
  p 72 peak= 11 [6, 5, 11]
  p 73 peak= 21 [21]
  p 74 peak= 20 [20]
  p 75 peak= 16 [16, 8]
  p 76 peak= 17 [6, 17]
  p 77 peak= 12 [12, 5, 5]
  p 78 peak= 19 [19]
  p 79 peak= 20 [20]
  p 80 peak= 19 [19]
  p 81 peak= 19 [19]
  p 82 peak= 20 [20]
  p 83 peak= 20 [20]
  p 84 peak= 20 [20]
  p 85 peak= 20 [20]
  p 86 peak= 20 [20]
  p 87 peak= 20 [20]
  p 88 peak= 20 [20]
  p 89 peak= 20 [20]
  p 90 peak= 20 [20]
  p 91 peak= 20 [20]
  p 92 peak= 19 [19]
  p 93 peak= 21 [21]
  p 94 peak= 26 [26]
  p 95 peak= 25 [25]
  p 96 peak= 27 [27]
  p 97 peak= 13 [13, 1, 3, 10]
  p 98 peak= 27 [27]
  p 99 peak= 27 [27]
  p100 peak= 26 [26]
  p101 peak= 10 [10, 10]
  p102 peak= 13 [13, 13]
  p103 peak= 20 [20]
  p104 peak= 20 [20]
  p105 peak= 11 [6, 11]
  p106 peak= 15 [15, 9]
  p107 peak= 21 [21]
  p108 peak= 21 [21]
  p109 peak= 21 [21]
  p110 peak= 21 [21]
  p111 peak= 21 [21]
  p112 peak= 21 [21]
  p113 peak= 21 [21]
  p114 peak= 21 [21]
  p115 peak= 21 [21]
  p116 peak= 21 [21]
  p117 peak= 21 [21]
  p118 peak= 21 [21]
  p119 peak= 21 [21]
  p120 peak= 21 [21]
  p121 peak= 21 [21]
  p122 peak= 21 [21]
  p123 peak= 21 [21]
  p124 peak= 21 [21]
  p125 peak= 21 [21]
  p126 peak= 21 [21]
  p127 peak= 19 [19, 3]
  p128 peak= 21 [21]
  p129 peak= 21 [21]
  p130 peak= 21 [21]
  p131 peak= 21 [21]
  p132 peak= 21 [21]
  p133 peak= 21 [21]
  p134 peak= 21 [21]
  p135 peak= 21 [21]
  p136 peak= 21 [21]
  p137 peak= 21 [21]
  p138 peak= 21 [21]
  p139 peak= 22 [22]
  p140 peak= 22 [22]
  p141 peak= 22 [22]
  p142 peak= 21 [21]
  p143 peak= 21 [21]
  p144 peak=  6 [5, 1, 1, 6]
  p145 peak=  5 [4, 2, 1, 1, 1, 1, 5]
  p146 peak=  8 [2, 1, 1, 8]
  p147 peak=  7 [6, 7, 5]
  p  0 peak= 16 [16]
  p  1 peak=  7 [7, 7]
  p  2 peak=  7 [7, 7]
  p  3 peak= 16 [16]
  p  4 peak= 16 [16]
  p  5 peak= 16 [16]
  p  6 peak= 16 [16]
  p  7 peak= 16 [16]
  p  8 peak= 10 [10, 5]
  p  9 peak=  9 [6, 9]
  p 10 peak= 10 [10, 7]
  p 11 peak=  8 [7, 8]
  p 12 peak= 11 [9, 11]
  p 13 peak= 16 [16]
  p 14 peak= 16 [16]
  p 15 peak= 16 [16]
  p 16 peak= 16 [16]
  p 17 peak= 16 [16]
  p 18 peak=  8 [8, 7]
  p 19 peak=  7 [7, 7]
  p 20 peak=  5 [5, 5, 5]
  p 21 peak= 16 [16]
  p 22 peak= 16 [16]
  p 23 peak= 16 [16]
  p 24 peak= 16 [16]
  p 25 peak= 16 [16]
  p 26 peak= 16 [16]
  p 27 peak= 16 [16]
  p 28 peak= 16 [16]
  p 29 peak= 16 [16]
  p 30 peak= 16 [16]
  p 31 peak=  9 [9, 7]
  p 32 peak= 19 [19]
  p 33 peak= 19 [19]
  p 34 peak= 19 [19]
  p 35 peak= 19 [19]
  p 36 peak= 19 [19]
  p 37 peak= 19 [19]
  p 38 peak= 18 [18]
  p 39 peak= 16 [16]
  p 40 peak= 18 [18]
  p 41 peak= 19 [19]
  p 42 peak= 20 [20]
  p 43 peak= 20 [20]
  p 44 peak= 11 [9, 11]
  p 45 peak= 11 [11, 11]
  p 46 peak=  8 [8, 7]
  p 47 peak=  9 [9, 8]
  p 48 peak= 10 [7, 10]
  p 49 peak= 19 [19]
  p 50 peak= 17 [17]
  p 51 peak= 16 [16]
  p 52 peak= 16 [16]
  p 53 peak= 16 [16]
  p 54 peak= 17 [17]
  p 55 peak= 16 [16]
  p 56 peak= 16 [16]
  p 57 peak= 16 [16]
  p 58 peak= 16 [16]
  p 59 peak= 16 [16]
  p 60 peak= 16 [16]
  p 61 peak= 16 [16]
  p 62 peak= 16 [16]
  p 63 peak= 16 [16]
  p 64 peak= 16 [16]
  p 65 peak=  9 [9, 9]
  p 66 peak=  9 [9, 8]
  p 67 peak= 16 [16]
  p 68 peak= 16 [16]
  p 69 peak= 16 [16]
  p 70 peak= 16 [16]
  p 71 peak= 16 [16]
  p 72 peak= 16 [16]
  p 73 peak= 16 [16]
  p 74 peak= 16 [16]
  p 75 peak= 16 [16]
  p 76 peak= 17 [17]
  p 77 peak= 18 [18]
  p 78 peak= 18 [18]
  p 79 peak= 18 [18]
  p 80 peak= 17 [17]
  p 81 peak=  9 [8, 9]
  p 82 peak= 16 [16]
  p 83 peak= 16 [16]
  p 84 peak= 16 [16]
  p 85 peak= 16 [16]
  p 86 peak= 16 [16]
  p 87 peak= 17 [17]
  p 88 peak= 16 [16]
  p 89 peak= 16 [16]
  p 90 peak= 16 [16]
  p 91 peak= 16 [16]
  p 92 peak= 10 [8, 10]
  p 93 peak= 16 [16]
  p 94 peak= 16 [16]
  p 95 peak= 16 [16]
  p 96 peak=  8 [8, 5, 5]
  p 97 peak= 10 [6, 10]
  p 98 peak= 15 [15]
  p 99 peak= 15 [15]
  p100 peak= 10 [10, 10]
  p101 peak= 14 [14]
  p102 peak= 10 [10, 8]
  p103 peak= 16 [16]
  p104 peak= 16 [16]
  p105 peak= 16 [16]
  p106 peak= 16 [16]
  p107 peak= 16 [16]
  p108 peak= 16 [16]
  p109 peak= 16 [16]
  p110 peak= 18 [18]
  p111 peak= 18 [18]
  p112 peak= 18 [18]
  p113 peak= 18 [18]
  p114 peak= 18 [18]
  p115 peak= 19 [19]
  p116 peak= 18 [18]
  p117 peak= 10 [10, 8]
  p118 peak= 11 [9, 11]
  p119 peak=  8 [8, 8]
  p120 peak=  7 [7, 7]
  p121 peak=  9 [7, 9]
  p122 peak= 12 [10, 12]
  p123 peak= 17 [17]
  p124 peak= 18 [18]
  p125 peak= 17 [17]
  p126 peak= 18 [18]
  p127 peak= 18 [18]
  p128 peak= 18 [18]
  p129 peak= 18 [18]
  p130 peak= 18 [18]
  p131 peak= 18 [18]
  p132 peak= 18 [18]
  p133 peak= 18 [18]
  p  0 peak=  0 []
  p  1 peak=  0 []
  p  2 peak=  0 []
  p  3 peak=  0 []
  p  4 peak= 12 [12]
  p  5 peak= 12 [12]
  p  6 peak= 12 [12]
  p  7 peak=  5 [1, 1, 1, 1, 1, 5, 1, 1]
  p  8 peak=  5 [2, 1, 1, 1, 1, 1, 5]
  p  9 peak= 10 [10, 2]
  p 10 peak= 12 [12]
  p 11 peak= 12 [12]
  p 12 peak= 12 [12]
  p 13 peak= 12 [12]
  p 14 peak= 12 [12]
  p 15 peak= 12 [12]
  p 16 peak= 12 [12]
  p 17 peak= 12 [12]
  p 18 peak= 12 [12]
  p 19 peak= 12 [12]
  p 20 peak= 12 [12]
  p 21 peak= 12 [12]
  p 22 peak= 12 [12]
  p 23 peak= 12 [12]
  p 24 peak= 12 [12]
  p 25 peak= 12 [12]
  p 26 peak= 12 [12]
  p 27 peak= 12 [12]
  p 28 peak= 12 [12]
  p 29 peak= 12 [12]
  p 30 peak= 12 [12]
  p 31 peak= 11 [11, 1]
  p 32 peak=  6 [6, 6]
  p 33 peak=  6 [6, 6]
  p 34 peak=  6 [6, 6]
  p 35 peak= 10 [10]
  p 36 peak= 10 [10]
  p 37 peak= 12 [12]
  p 38 peak= 12 [12]
  p 39 peak= 12 [12]
  p 40 peak= 12 [12]
  p 41 peak= 12 [12]
  p 42 peak=  6 [6, 3, 3]
  p 43 peak= 12 [12]
  p 44 peak= 12 [12]
  p 45 peak= 10 [10, 1, 1]
  p 46 peak= 12 [12]
  p 47 peak= 12 [12]
  p 48 peak= 12 [12]
  p 49 peak= 12 [12]
  p 50 peak=  8 [8, 1, 1, 1, 1]
  p 51 peak= 12 [12]
  p 52 peak= 12 [12]
  p 53 peak= 12 [12]
  p 54 peak= 12 [12]
