  p  0 peak=  0 []
  p  1 peak=  0 []
  p  2 peak= 17 [17]
  p  3 peak= 17 [17]
  p  4 peak= 17 [17]
  p  5 peak= 17 [17]
  p  6 peak= 17 [17]
  p  7 peak= 17 [17]
  p  8 peak= 15 [2, 15]
  p  9 peak= 17 [17]
  p 10 peak=  9 [8, 9]
  p 11 peak= 17 [17]
  p 12 peak= 17 [17]
  p 13 peak= 17 [17]
  p 14 peak= 17 [17]
  p 15 peak= 12 [12, 8]
  p 16 peak= 10 [6, 10]
  p 17 peak= 12 [12, 10]
  p 18 peak= 17 [17]
  p 19 peak= 17 [17]
  p 20 peak= 17 [17]
  p 21 peak= 17 [17]
  p 22 peak=  9 [9, 9]
  p 23 peak= 17 [17]
  p 24 peak= 17 [17]
  p 25 peak= 17 [17]
  p 26 peak= 17 [17]
  p 27 peak= 13 [13, 8]
  p 28 peak= 17 [17]
  p 29 peak= 17 [17]
  p 30 peak=  8 [8, 8]
  p 31 peak= 11 [7, 11]
  p 32 peak= 11 [11, 10]
  p 33 peak= 17 [17]
  p 34 peak= 14 [9, 14]
  p 35 peak= 17 [17]
  p 36 peak= 17 [17]
  p 37 peak= 18 [18]
  p 38 peak= 18 [18]
  p 39 peak= 18 [18]
  p 40 peak= 18 [18]
  p 41 peak= 18 [18]
  p 42 peak= 18 [18]
  p 43 peak= 18 [18]
  p 44 peak= 18 [18]
  p 45 peak= 11 [9, 11]
  p 46 peak= 18 [18]
  p 47 peak= 18 [18]
  p 48 peak= 18 [18]
  p 49 peak= 18 [18]
  p 50 peak= 18 [18]
  p 51 peak= 12 [12, 6]
  p 52 peak= 18 [18]
  p 53 peak= 18 [18]
  p 54 peak= 18 [18]
  p 55 peak= 10 [10, 6]
  p 56 peak= 18 [18]
  p 57 peak= 18 [18]
  p 58 peak= 18 [18]
  p 59 peak= 18 [18]
  p 60 peak= 18 [18]
  p 61 peak= 18 [18]
  p 62 peak= 18 [18]
  p 63 peak= 18 [18]
  p 64 peak= 16 [16]
  p 65 peak= 16 [16]
  p 66 peak= 16 [16]
  p 67 peak= 16 [16]
  p 68 peak= 16 [16]
  p 69 peak= 11 [9, 11]
  p 70 peak= 16 [16]
  p 71 peak= 16 [16]
  p 72 peak= 16 [16]
  p 73 peak= 16 [16]
  p 74 peak= 10 [10, 7]
  p 75 peak= 16 [16]
  p 76 peak= 16 [16]
  p 77 peak= 16 [16]
  p 78 peak= 16 [16]
  p 79 peak= 16 [16]
  p 80 peak= 16 [16]
  p 81 peak= 16 [16]
  p 82 peak= 16 [16]
  p 83 peak= 10 [10, 10]
  p 84 peak= 16 [16]
  p 85 peak=  9 [7, 9]
  p 86 peak= 16 [16]
  p 87 peak= 16 [16]
  p 88 peak= 12 [12, 9]
  p 89 peak= 16 [16]
  p 90 peak= 15 [15]
  p 91 peak= 14 [14, 8]
  p 92 peak= 15 [15]
  p 93 peak= 14 [14, 9]
  p 94 peak=  8 [8, 8]
  p 95 peak= 15 [15]
  p 96 peak= 15 [15]
  p 97 peak= 15 [15]
  p 98 peak= 15 [15]
  p 99 peak= 15 [15]
  p100 peak=  9 [8, 9]
  p101 peak= 23 [23]
  p102 peak= 23 [23]
  p103 peak= 23 [23]
  p104 peak= 23 [23]
  p105 peak= 21 [21]
  p106 peak= 20 [20]
  p107 peak= 20 [20]
  p108 peak= 20 [20]
  p109 peak= 20 [20]
  p110 peak= 20 [20]
  p111 peak= 20 [20]
  p112 peak= 20 [20]
  p113 peak= 20 [20]
  p114 peak= 20 [20]
  p115 peak= 20 [20]
  p116 peak= 10 [10, 9]
  p117 peak= 10 [9, 10]
  p118 peak= 11 [11, 10]
  p119 peak= 11 [11, 10]
  p120 peak= 20 [20]
  p121 peak= 20 [20]
  p122 peak= 14 [14, 6]
  p123 peak= 13 [13, 7]
  p124 peak= 20 [20]
  p125 peak= 20 [20]
  p126 peak= 10 [10, 10]
  p127 peak=  7 [6, 7, 7]
  p128 peak= 11 [10, 11]
  p129 peak= 11 [11, 7]
  p130 peak= 11 [10, 11]
  p131 peak= 12 [12, 10]
  p132 peak=  9 [9, 9]
  p133 peak= 11 [11, 8]
  p134 peak= 12 [12, 10]
  p135 peak= 20 [20]
  p136 peak= 20 [20]
  p137 peak= 20 [20]
  p138 peak= 20 [20]
  p139 peak= 20 [20]
  p140 peak= 20 [20]
  p141 peak= 20 [20]
  p142 peak= 10 [10, 7]
  p143 peak= 20 [20]
  p144 peak= 13 [13, 6]
  p145 peak= 12 [6, 12]
  p146 peak= 21 [21]
  p  0 peak= 15 [15]
  p  1 peak= 15 [15]
  p  2 peak= 15 [15]
  p  3 peak= 15 [15]
  p  4 peak= 15 [15]
  p  5 peak= 15 [15]
  p  6 peak= 15 [15]
  p  7 peak= 15 [15]
  p  8 peak= 15 [15]
  p  9 peak= 15 [15]
  p 10 peak= 15 [15]
  p 11 peak= 15 [15]
  p 12 peak= 15 [15]
  p 13 peak= 15 [15]
  p 14 peak= 15 [15]
  p 15 peak= 15 [15]
  p 16 peak= 15 [15]
  p 17 peak= 15 [15]
  p 18 peak= 15 [15]
  p 19 peak= 15 [15]
  p 20 peak= 15 [15]
  p 21 peak= 15 [15]
  p 22 peak= 15 [15]
  p 23 peak= 15 [15]
  p 24 peak= 15 [15]
  p 25 peak= 15 [15]
  p 26 peak= 15 [15]
  p 27 peak= 15 [15]
  p 28 peak= 15 [15]
  p 29 peak= 15 [15]
  p 30 peak= 15 [15]
  p 31 peak= 15 [15]
  p 32 peak= 15 [15]
  p 33 peak= 15 [15]
  p 34 peak= 15 [15]
  p 35 peak= 15 [15]
  p 36 peak= 15 [15]
  p 37 peak= 15 [15]
  p 38 peak= 15 [15]
  p 39 peak= 15 [15]
  p 40 peak= 15 [15]
  p 41 peak= 15 [15]
  p 42 peak= 15 [15]
  p 43 peak= 15 [15]
  p 44 peak= 15 [15]
  p 45 peak= 15 [15]
  p 46 peak= 15 [15]
  p 47 peak= 15 [15]
  p 48 peak= 15 [15]
  p 49 peak= 15 [15]
  p 50 peak= 15 [15]
  p 51 peak= 15 [15]
  p 52 peak= 15 [15]
  p 53 peak= 15 [15]
  p 54 peak= 15 [15]
  p 55 peak= 15 [15]
  p 56 peak= 15 [15]
  p 57 peak= 15 [15]
  p 58 peak= 15 [15]
  p 59 peak= 15 [15]
  p 60 peak= 15 [15]
  p 61 peak= 15 [15]
  p 62 peak= 15 [15]
  p 63 peak= 15 [15]
  p 64 peak= 15 [15]
  p 65 peak= 15 [15]
  p 66 peak= 15 [15]
  p 67 peak= 13 [13, 13]
  p 68 peak= 13 [13, 13]
  p 69 peak= 13 [13, 13]
  p 70 peak= 13 [13, 13]
  p 71 peak= 13 [13, 13]
  p 72 peak= 13 [13, 13]
  p 73 peak= 13 [13, 13]
  p 74 peak= 13 [13, 13]
  p 75 peak= 14 [14, 14]
  p 76 peak= 13 [13, 13]
  p 77 peak= 13 [13, 13]
  p 78 peak= 13 [13, 13]
  p 79 peak= 14 [14, 14]
  p 80 peak= 13 [13, 13]
  p 81 peak= 13 [13, 13]
  p 82 peak= 13 [13, 13]
  p 83 peak= 13 [13, 13]
  p 84 peak= 13 [13, 13]
  p 85 peak= 13 [13, 13]
  p 86 peak= 13 [13, 13]
  p 87 peak= 13 [13, 13]
  p 88 peak= 15 [15]
  p 89 peak= 15 [15]
  p 90 peak= 15 [15]
  p 91 peak= 15 [15]
  p 92 peak= 15 [15]
  p 93 peak= 15 [15]
  p 94 peak= 15 [15]
  p 95 peak= 15 [15]
  p 96 peak= 15 [15]
  p 97 peak= 15 [15]
  p 98 peak= 15 [15]
  p 99 peak= 15 [15]
  p100 peak= 15 [15]
  p101 peak= 15 [15]
  p102 peak= 15 [15]
  p103 peak= 15 [15]
  p104 peak= 15 [15]
  p105 peak= 15 [15]
  p106 peak= 15 [15]
  p107 peak= 15 [15]
  p108 peak= 15 [15]
  p109 peak= 15 [15]
  p110 peak= 15 [15]
  p111 peak= 15 [15]
  p112 peak= 15 [15]
  p113 peak= 15 [15]
  p114 peak= 15 [15]
  p115 peak= 15 [15]
  p116 peak= 15 [15]
  p117 peak= 15 [15]
  p118 peak= 15 [15]
  p119 peak= 15 [15]
  p120 peak= 15 [15]
  p121 peak= 15 [15]
  p122 peak= 15 [15]
  p123 peak= 15 [15]
  p124 peak= 15 [15]
  p125 peak= 15 [15]
  p126 peak= 15 [15]
  p127 peak= 15 [15]
  p128 peak= 15 [15]
  p129 peak= 15 [15]
  p130 peak= 15 [15]
  p131 peak= 15 [15]
  p132 peak= 15 [15]
  p133 peak= 15 [15]
  p134 peak= 15 [15]
  p135 peak= 15 [15]
  p  0 peak= 22 [22]
  p  1 peak= 19 [19]
  p  2 peak= 19 [19]
  p  3 peak= 21 [21]
  p  4 peak= 21 [21]
  p  5 peak= 19 [19]
  p  6 peak= 20 [20]
  p  7 peak= 19 [19]
  p  8 peak= 19 [19]
  p  9 peak= 19 [19]
  p 10 peak= 19 [19]
  p 11 peak= 19 [19]
  p 12 peak= 20 [20]
  p 13 peak= 20 [20]
  p 14 peak= 19 [19]
  p 15 peak= 19 [19]
  p 16 peak= 19 [19]
  p 17 peak= 19 [19]
  p 18 peak= 19 [19]
  p 19 peak= 19 [19]
  p 20 peak= 19 [19]
  p 21 peak= 19 [19]
  p 22 peak= 19 [19]
  p 23 peak= 19 [19]
  p 24 peak= 19 [19]
  p 25 peak= 19 [19]
  p 26 peak= 19 [19]
  p 27 peak= 19 [19]
  p 28 peak= 19 [19]
  p 29 peak= 19 [19]
  p 30 peak= 19 [19]
  p 31 peak= 20 [20]
  p 32 peak= 20 [20]
  p 33 peak= 19 [19]
  p 34 peak= 19 [19]
  p 35 peak= 19 [19]
  p 36 peak= 19 [19]
  p 37 peak= 19 [19]
  p 38 peak= 19 [19]
  p 39 peak= 19 [19]
  p 40 peak= 19 [19]
  p 41 peak= 19 [19]
  p 42 peak= 19 [19]
  p 43 peak= 19 [19]
  p 44 peak= 19 [19]
  p 45 peak= 19 [19]
  p 46 peak= 19 [19]
  p 47 peak= 19 [19]
  p 48 peak= 19 [19]
  p 49 peak= 19 [19]
  p 50 peak= 19 [19]
  p 51 peak= 19 [19]
  p 52 peak= 19 [19]
  p 53 peak= 19 [19]
  p 54 peak= 19 [19]
  p 55 peak= 19 [19]
  p 56 peak= 19 [19]
  p 57 peak= 19 [19]
  p 58 peak= 19 [19]
  p 59 peak= 19 [19]
  p 60 peak= 19 [19]
  p 61 peak= 19 [19]
  p 62 peak= 19 [19]
  p 63 peak= 19 [19]
  p 64 peak= 19 [19]
  p 65 peak= 19 [19]
  p 66 peak= 19 [19]
  p 67 peak= 19 [19]
  p 68 peak= 19 [19]
  p 69 peak= 19 [19]
  p 70 peak= 19 [19]
  p 71 peak= 19 [19]
  p 72 peak= 19 [19]
  p 73 peak= 19 [19]
  p 74 peak= 19 [19]
  p 75 peak= 19 [19]
  p 76 peak= 19 [19]
  p 77 peak= 19 [19]
