  p  0 peak=  0 []
  p  1 peak=  0 []
  p  2 peak= 20 [20]
  p  3 peak= 15 [15, 14]
  p  4 peak= 18 [18]
  p  5 peak= 18 [18]
  p  6 peak= 18 [18]
  p  7 peak= 12 [11, 12]
  p  8 peak= 17 [12, 17]
  p  9 peak= 18 [18]
  p 10 peak= 18 [18]
  p 11 peak= 18 [18]
  p 12 peak= 18 [18]
  p 13 peak= 18 [18]
  p 14 peak= 18 [18]
  p 15 peak= 18 [18]
  p 16 peak= 18 [18]
  p 17 peak= 14 [14, 12]
  p 18 peak= 14 [12, 14]
  p 19 peak= 13 [10, 6, 13]
  p 20 peak= 29 [29]
  p 21 peak= 22 [22]
  p 22 peak= 20 [20]
  p 23 peak= 21 [21]
  p 24 peak= 21 [21]
  p 25 peak= 20 [20]
  p 26 peak= 11 [11, 10]
  p 27 peak= 18 [18]
  p  0 peak=  0 []
  p  1 peak=  0 []
  p  2 peak= 20 [20]
  p  3 peak= 15 [15, 14]
  p  4 peak= 18 [18]
  p  5 peak= 18 [18]
  p  6 peak= 18 [18]
  p  7 peak= 12 [11, 12]
  p  8 peak= 17 [12, 17]
  p  9 peak= 18 [18]
  p 10 peak= 18 [18]
  p 11 peak= 18 [18]
  p 12 peak= 18 [18]
  p 13 peak= 18 [18]
  p 14 peak= 18 [18]
  p 15 peak= 18 [18]
  p 16 peak= 18 [18]
  p 17 peak= 14 [14, 12]
  p 18 peak= 14 [12, 14]
  p 19 peak= 13 [10, 6, 13]
  p 20 peak= 29 [29]
  p 21 peak= 22 [22]
  p 22 peak= 20 [20]
  p 23 peak= 21 [21]
  p 24 peak= 21 [21]
  p 25 peak= 20 [20]
  p 26 peak= 11 [11, 10]
  p 27 peak= 18 [18]
  p 28 peak= 19 [19]
  p 29 peak= 19 [19]
  p 30 peak= 18 [18]
