  p  0 peak= 16 [16]
  p  1 peak=  9 [9, 9]
  p  2 peak= 10 [10, 10]
  p  3 peak=  9 [8, 9]
  p  4 peak= 12 [12, 10]
  p  5 peak= 14 [5, 14]
  p  6 peak= 12 [12, 12]
  p  7 peak= 13 [12, 13]
  p  8 peak= 10 [10, 6, 7]
  p  9 peak=  9 [8, 9]
  p 10 peak= 11 [11, 10]
  p 11 peak= 15 [8, 15]
  p 12 peak=  8 [7, 8, 7]
  p 13 peak= 11 [10, 11]
  p 14 peak= 16 [16]
  p 15 peak= 17 [17]
  p 16 peak= 18 [18]
  p 17 peak= 17 [17]
  p 18 peak= 17 [17]
  p 19 peak= 17 [17]
  p 20 peak= 17 [17]
  p 21 peak= 16 [16]
  p 22 peak= 16 [16]
  p 23 peak= 16 [16]
  p 24 peak= 16 [16]
  p 25 peak= 16 [16]
  p 26 peak= 20 [20]
  p 27 peak= 20 [20]
  p 28 peak= 16 [16]
  p 29 peak= 16 [16]
  p 30 peak= 16 [16]
  p 31 peak= 16 [16]
  p 32 peak= 16 [16]
  p 33 peak= 16 [16]
  p 34 peak= 13 [13, 8]
  p 35 peak= 16 [16, 5]
  p 36 peak=  7 [5, 7, 7]
  p 37 peak= 11 [9, 11]
  p 38 peak= 11 [11, 11]
  p 39 peak= 11 [9, 11]
  p 40 peak= 12 [11, 12]
  p 41 peak= 10 [2, 2, 9, 10]
  p 42 peak= 13 [11, 13]
  p 43 peak= 13 [11, 13]
  p 44 peak= 11 [8, 11]
  p 45 peak= 13 [11, 13]
  p 46 peak= 15 [15, 8]
  p 47 peak= 16 [16]
  p 48 peak= 16 [16]
  p 49 peak= 16 [16]
  p 50 peak= 16 [16]
  p 51 peak= 11 [10, 11]
  p 52 peak= 16 [16]
  p 53 peak= 16 [16]
  p  0 peak= 16 [16]
  p  1 peak=  9 [9, 9]
  p  2 peak= 10 [10, 10]
  p  3 peak=  9 [8, 9]
  p  4 peak= 12 [12, 10]
  p  5 peak= 14 [5, 14]
  p  6 peak= 12 [12, 12]
  p  7 peak= 13 [12, 13]
  p  8 peak= 10 [10, 6, 7]
  p  9 peak=  9 [8, 9]
  p 10 peak= 11 [11, 10]
  p 11 peak= 15 [8, 15]
  p 12 peak=  8 [7, 8, 7]
  p 13 peak= 11 [10, 11]
  p 14 peak= 16 [16]
  p 15 peak= 17 [17]
  p 16 peak= 18 [18]
  p 17 peak= 17 [17]
  p 18 peak= 17 [17]
  p 19 peak= 17 [17]
  p 20 peak= 17 [17]
  p 21 peak= 16 [16]
  p 22 peak= 16 [16]
  p 23 peak= 16 [16]
  p 24 peak= 16 [16]
  p 25 peak= 16 [16]
  p 26 peak= 20 [20]
  p 27 peak= 20 [20]
  p 28 peak= 16 [16]
  p 29 peak= 16 [16]
  p 30 peak= 16 [16]
  p 31 peak= 16 [16]
  p 32 peak= 16 [16]
  p 33 peak= 16 [16]
  p 34 peak= 13 [13, 8]
  p 35 peak= 16 [16, 5]
  p 36 peak=  7 [5, 7, 7]
  p 37 peak= 11 [9, 11]
  p 38 peak= 11 [11, 11]
  p 39 peak= 11 [9, 11]
  p 40 peak= 12 [11, 12]
  p 41 peak= 10 [2, 2, 9, 10]
  p 42 peak= 13 [11, 13]
  p 43 peak= 13 [11, 13]
  p 44 peak= 11 [8, 11]
  p 45 peak= 13 [11, 13]
  p 46 peak= 15 [15, 8]
  p 47 peak= 16 [16]
  p 48 peak= 16 [16]
  p 49 peak= 16 [16]
  p 50 peak= 16 [16]
  p 51 peak= 11 [10, 11]
  p 52 peak= 16 [16]
  p 53 peak= 16 [16]
  p 54 peak= 16 [16]
  p 55 peak= 16 [16]
  p 56 peak= 16 [16]
  p 57 peak= 16 [16]
