bach-brandenburg3-mvt1-468678-p1       exit=0  
beethoven-sym5-mvt1-575951-p1          exit=0  
beethoven-sym5-mvt1-575951-p2          exit=0  
beethoven-sym5-mvt1-575951-p3          exit=0  
beethoven-sym5-mvt1-575951-p4          exit=0  
beethoven-sym5-mvt1-984073-p1          exit=0  
beethoven-sym5-mvt1-984073-p2          exit=0  
beethoven-sym5-mvt1-984073-p3          exit=0  
beethoven-sym5-mvt1-984073-p4          exit=0  
brahms-sym1-mvt1-317803-p1             exit=0  
brahms-sym1-mvt1-317803-p2             exit=0  
brahms-sym1-mvt1-317803-p3             exit=0  
brahms-sym1-mvt1-317803-p4             exit=0  
dvorak-sym9-mvt1-405834-p5             exit=0  
dvorak-sym9-mvt1-405834-p6             exit=0  
dvorak-sym9-mvt1-405834-p7             exit=0  
mahler-sym5-mvt1-local-p2              exit=0  
mahler-sym5-mvt1-local-p3              exit=0  
mahler-sym5-mvt1-local-p4              exit=0  
mahler-sym5-mvt1-local-p5              exit=0  
