bach p2 s0 n=12 partial       bracket=[0, 1, 2, 5, 8] px=[2, 5, 8] cols=[2, 5, 8, 9]
bach p2 s1 n=12 partial       bracket=[2, 5, 8] px=[5, 8] cols=[2, 5, 8, 9]
  [bach p2 5.9s]
bach p3 s0 n=12 partial       bracket=[0, 2, 5, 8, 9, 10] px=[2, 5] cols=[2, 5, 8, 9]
bach p3 s1 n=12 partial       bracket=[2, 5, 8, 9, 10] px=[2, 5, 8] cols=[2, 5, 8, 9]
  [bach p3 5.4s]
bach p4 s0 n=12 partial       bracket=[1, 2, 5, 8, 9, 10] px=[2, 5, 8, 9] cols=[2, 5, 8, 9]
bach p4 s1 n=12 partial       bracket=[2, 5, 8, 9] px=[2, 5, 8] cols=[2, 5, 8, 9]
  [bach p4 6.5s]
bach p5 s0 n=12 partial       bracket=[2, 3, 5, 6, 8, 9, 10] px=[2, 5, 8] cols=[2, 5, 8, 9]
bach p5 s1 n=12 partial       bracket=[2, 5, 8] px=[2, 5] cols=[2, 5, 8, 9]
  [bach p5 6.0s]
bach p6 s0 n=12 partial       bracket=[2, 5, 8, 9] px=[2, 5, 8, 9] cols=[2, 5, 8, 9]
bach p6 s1 n=12 partial       bracket=[2, 5, 8] px=[2, 5, 8] cols=[2, 5, 8, 9]
  [bach p6 5.3s]
bach p7 s0 n=12 partial       bracket=[2, 5, 8, 9] px=[2, 5, 8, 9] cols=[2, 5, 8, 9]
bach p7 s1 n=12 partial       bracket=[9, 10] px=[2, 5, 8, 9] cols=[2, 5, 8, 9]
  [bach p7 2.8s]
bach p8 s0 n=12 partial       bracket=[2, 5, 8, 9] px=[2, 5] cols=[2, 5, 8, 9]
bach p8 s1 n=12 partial       bracket=[2, 5, 8] px=[2, 5, 8, 9] cols=[2, 5, 8, 9]
  [bach p8 2.4s]
bach p9 s0 n=12 partial       bracket=[2, 5, 8, 9, 10] px=[2, 5, 8, 9] cols=[2, 5, 8, 9]
bach p9 s1 n=12 partial       bracket=[9] px=[2, 5, 8, 9] cols=[2, 5, 8, 9]
  [bach p9 2.6s]
bach p10 s0 n=12 partial       bracket=[2, 3, 5, 6, 8] px=[2, 5, 8, 9] cols=[2, 5, 8, 9]
bach p10 s1 n=12 partial       bracket=[2, 5, 8] px=[2, 5, 8] cols=[2, 5, 8, 9]
  [bach p10 3.0s]
bach p11 s0 n=12 partial       bracket=[2, 5, 8, 9] px=[2, 5, 8] cols=[2, 5, 8, 9]
bach p11 s1 n=12 partial       bracket=[0, 2, 5, 8, 9] px=[5, 8] cols=[2, 5, 8, 9]
  [bach p11 2.6s]
bach p12 s0 n=12 partial       bracket=[2, 5, 8, 10] px=[2, 5, 8] cols=[2, 5, 8, 9]
bach p12 s1 n=12 partial       bracket=[5, 9] px=[5, 8] cols=[2, 5, 8]
  [bach p12 3.2s]
  [bach p13 3.3s]
beethoven p2 s0 n=11 no_rule       bracket=[] px=[3, 6] cols=[3, 6]
beethoven p2 s1 n=11 spanning_only bracket=[] px=[3, 6] cols=[3, 6]
  [beethoven p2 1.1s]
beethoven p3 s0 n=11 spanning_only bracket=[] px=[3, 6] cols=[3, 6]
beethoven p3 s1 n= 8 spanning_only bracket=[] px=[2, 3] cols=[2, 3]
  [beethoven p3 0.9s]
beethoven p4 s0 n=11 partial       bracket=[2, 3, 5] px=[3, 5] cols=[3, 5]
beethoven p4 s1 n=11 spanning_only bracket=[] px=[3, 6] cols=[3, 6]
  [beethoven p4 1.1s]
beethoven p5 s0 n= 9 spanning_only bracket=[] px=[3, 4] cols=[3, 4]
beethoven p5 s1 n= 7 spanning_only bracket=[] px=[1, 2] cols=[1, 2]
  [beethoven p5 1.5s]
beethoven p6 s0 n=10 no_rule       bracket=[] px=[3, 4] cols=[3, 4]
beethoven p6 s1 n=12 spanning_only bracket=[] px=[3, 6] cols=[3, 6]
  [beethoven p6 1.4s]
beethoven p7 s0 n=11 no_rule       bracket=[] px=[3, 6] cols=[3, 6]
beethoven p7 s1 n=11 spanning_only bracket=[] px=[3, 6] cols=[3, 6]
  [beethoven p7 1.4s]
beethoven p8 s0 n= 9 spanning_only bracket=[] px=[3, 4] cols=[3, 4]
beethoven p8 s1 n=11 spanning_only bracket=[] px=[3, 5] cols=[3, 5]
  [beethoven p8 1.8s]
beethoven p9 s0 n=12 spanning_only bracket=[] px=[3, 6] cols=[3, 6]
beethoven p9 s1 n=10 partial       bracket=[6] px=[3, 5] cols=[3, 5]
  [beethoven p9 1.6s]
beethoven p10 s0 n=11 spanning_only bracket=[] px=[3, 6] cols=[3, 6]
beethoven p10 s1 n=11 spanning_only bracket=[] px=[3, 6] cols=[3, 6]
  [beethoven p10 1.9s]
beethoven p11 s0 n= 9 no_rule       bracket=[] px=[2, 4] cols=[2, 4]
beethoven p11 s1 n=11 spanning_only bracket=[] px=[3, 5] cols=[3, 5]
  [beethoven p11 2.1s]
beethoven p12 s0 n=12 no_rule       bracket=[] px=[3, 6] cols=[3, 6]
beethoven p12 s1 n=11 spanning_only bracket=[] px=[6] cols=[3, 6]
  [beethoven p12 2.3s]
beethoven p13 s0 n=11 partial       bracket=[1, 2, 3, 5, 8] px=[3, 6] cols=[3, 6]
beethoven p13 s1 n=11 spanning_only bracket=[] px=[3, 6] cols=[3, 6]
  [beethoven p13 1.5s]
brahms p2 s0 n=14 partial       bracket=[8] px=[4, 7] cols=[8]
brahms p2 s1 n=14 partial       bracket=[2, 4, 6, 8, 10] px=[8] cols=[8]
  [brahms p2 9.0s]
brahms p3 s0 n=14 partial       bracket=[2, 4, 6, 8, 10] px=[8] cols=[8]
brahms p3 s1 n=14 partial       bracket=[2, 3, 4, 5, 8, 10, 11] px=[] cols=[8]
  [brahms p3 21.0s]
brahms p4 s0 n=14 partial       bracket=[2, 4, 6, 8, 10] px=[8] cols=[8]
brahms p4 s1 n=14 partial       bracket=[2, 4, 6, 8, 10] px=[8] cols=[8]
  [brahms p4 8.4s]
brahms p5 s0 n=14 partial       bracket=[8, 11] px=[8] cols=[8]
brahms p5 s1 n=14 partial       bracket=[2, 4, 6, 8, 10] px=[] cols=[8]
  [brahms p5 9.0s]
brahms p6 s0 n=12 partial       bracket=[6] px=[6] cols=[6]
brahms p6 s1 n=11 partial       bracket=[3, 5, 7] px=[5] cols=[5]
  [brahms p6 13.0s]
brahms p7 s0 n=11 partial       bracket=[3, 5, 7] px=[5] cols=[5]
brahms p7 s1 n=11 partial       bracket=[5] px=[5] cols=[5]
  [brahms p7 4.2s]
brahms p8 s0 n=11 partial       bracket=[5] px=[5] cols=[5]
brahms p8 s1 n=11 partial       bracket=[3, 5, 7] px=[5] cols=[5]
  [brahms p8 5.1s]
brahms p9 s0 n=12 partial       bracket=[2, 3, 4, 6, 8] px=[6] cols=[6]
brahms p9 s1 n=13 partial       bracket=[2, 7, 9] px=[7] cols=[7]
  [brahms p9 4.8s]
brahms p10 s0 n=13 partial       bracket=[7] px=[7] cols=[7]
brahms p10 s1 n=14 partial       bracket=[2, 4, 6, 8, 10] px=[8] cols=[8]
  [brahms p10 5.2s]
brahms p11 s0 n=14 partial       bracket=[8, 12] px=[8] cols=[8]
brahms p11 s1 n=14 partial       bracket=[0, 2, 4, 6, 8, 10] px=[8] cols=[8]
  [brahms p11 4.8s]
brahms p12 s0 n=14 partial       bracket=[2, 4, 6, 8, 10] px=[8] cols=[8]
brahms p12 s1 n=14 partial       bracket=[2, 4, 6, 8, 10] px=[8] cols=[8]
  [brahms p12 8.6s]
brahms p13 s0 n=14 partial       bracket=[2, 4, 6, 8, 10] px=[8] cols=[8]
brahms p13 s1 n=14 partial       bracket=[1, 8, 12] px=[8] cols=[8]
  [brahms p13 9.3s]
  [dvorak p2 20.8s]
  [dvorak p3 4.3s]
dvorak p4 s0 n=15 partial       bracket=[10, 11, 12] px=[3, 9] cols=[3, 9]
  [dvorak p4 6.4s]
dvorak p5 s0 n=15 partial       bracket=[0, 2, 6, 8, 10, 11, 13] px=[3, 9] cols=[3, 9]
  [dvorak p5 16.6s]
dvorak p6 s0 n=15 partial       bracket=[3, 5, 6, 8, 9, 11, 12] px=[3, 9] cols=[3, 9]
dvorak p6 s1 n=15 partial       bracket=[3, 5, 6, 8, 9, 10, 12] px=[3, 9] cols=[3, 9]
  [dvorak p6 18.4s]
dvorak p7 s0 n=15 no_rule       bracket=[] px=[3, 9] cols=[3, 9]
dvorak p7 s1 n=15 partial       bracket=[3, 5, 6, 8, 9, 11, 12] px=[3, 9] cols=[3, 9]
  [dvorak p7 22.8s]
dvorak p8 s0 n=15 partial       bracket=[3, 5, 6, 8, 9, 11, 12] px=[3, 9] cols=[3, 9]
dvorak p8 s1 n=15 partial       bracket=[3, 9] px=[3, 9] cols=[3, 9]
  [dvorak p8 27.5s]
dvorak p9 s0 n=15 partial       bracket=[3, 5, 6, 8, 9, 11, 12] px=[3, 9] cols=[3, 9]
dvorak p9 s1 n=15 partial       bracket=[3, 5, 6, 8, 12, 13] px=[3, 9] cols=[3, 9]
  [dvorak p9 8.9s]
dvorak p10 s0 n=15 partial       bracket=[0, 5, 9, 13] px=[3, 9] cols=[3, 9]
dvorak p10 s1 n=15 partial       bracket=[3, 5, 6, 8] px=[3, 9] cols=[3, 9]
  [dvorak p10 4.1s]
dvorak p11 s0 n=15 partial       bracket=[1, 3, 13] px=[3, 9] cols=[3, 9]
dvorak p11 s1 n=15 partial       bracket=[3, 5, 6, 8] px=[3, 9] cols=[3, 9]
  [dvorak p11 3.7s]
dvorak p12 s0 n=15 partial       bracket=[3, 5, 6, 8] px=[3, 9] cols=[3, 9]
dvorak p12 s1 n=15 partial       bracket=[3, 5, 6, 8] px=[3, 9] cols=[3, 9]
  [dvorak p12 4.5s]
dvorak p13 s0 n=15 no_rule       bracket=[] px=[3, 9] cols=[3, 9]
dvorak p13 s1 n=15 partial       bracket=[4, 5, 6, 8] px=[3, 9] cols=[3, 9]
  [dvorak p13 3.9s]
mahler p2 s0 n=15 partial       bracket=[0, 1, 3, 4, 5, 6, 7, 9, 10] px=[1, 7, 9] cols=[1, 7, 9]
  [mahler p2 2.8s]
mahler p3 s0 n=21 partial       bracket=[2, 3, 4, 5, 6, 7, 9, 13, 15, 16, 18] px=[3, 9, 13] cols=[3, 9, 13]
  [mahler p3 3.8s]
mahler p4 s0 n=21 partial       bracket=[0, 2, 4, 6, 8, 13, 15, 16, 17, 18, 19] px=[2, 8, 13] cols=[2, 8, 13]
  [mahler p4 2.9s]
mahler p5 s0 n=14 partial       bracket=[2, 6, 8, 12] px=[2, 6, 8] cols=[2, 6, 8]
mahler p5 s1 n= 7 partial       bracket=[1] px=[1] cols=[1]
  [mahler p5 2.2s]
mahler p6 s0 n=16 partial       bracket=[2, 7, 10] px=[2, 7, 10] cols=[2, 7, 10]
  [mahler p6 3.3s]
mahler p7 s0 n=16 partial       bracket=[2, 7, 10] px=[2, 7, 10] cols=[2, 7, 10]
  [mahler p7 3.0s]
mahler p8 s0 n=17 partial       bracket=[1, 3, 5, 7, 9, 11, 12, 13] px=[3, 9, 11] cols=[3, 9, 11]
  [mahler p8 4.3s]
mahler p9 s0 n=17 partial       bracket=[1, 3, 4, 5, 7, 9, 11, 12] px=[3, 9, 11] cols=[3, 9, 11]
  [mahler p9 7.7s]
mahler p10 s0 n=19 partial       bracket=[1, 3, 5, 6, 7, 8, 9, 11, 13, 14, 16] px=[3, 9, 11] cols=[3, 9, 11]
  [mahler p10 2.8s]
mahler p11 s0 n=13 partial       bracket=[2, 4, 5, 9] px=[2, 4, 5] cols=[2, 4, 5]
mahler p11 s1 n=13 partial       bracket=[3, 7, 10] px=[3, 7] cols=[3, 7]
  [mahler p11 7.2s]
mahler p12 s0 n=17 partial       bracket=[4, 8, 11] px=[4, 8, 11] cols=[4, 8, 11]
  [mahler p12 5.3s]
mahler p13 s0 n=16 partial       bracket=[4, 6, 8, 10, 11] px=[4, 8, 10] cols=[4, 8, 10]
  [mahler p13 8.2s]

== verdict distribution (reach) ==
publisher     systems  partial  spanning  no_rule
bach               22       22         0        0
beethoven          24        3        16        5
brahms             24       24         0        0
dvorak             18       16         0        2
mahler             14       14         0        0
TOTAL             102       79        16        7

== agreement on systems where the bracket STATES blocks ==
publisher     sys   both  brkt only  inc only   (incumbent = OMR_BRACKET_COLUMNS on)
bach           22     71         17        16
beethoven       3      3          6         3
brahms         24     24         63         0
dvorak         16     19         61        13
mahler         14     39         45         0
TOTAL          79    156        192        32

== within-page self-consistency of the bracket reading ==
(two systems on one page with the same staff count are the same printed lineup)
  bach        0/11  0.000
  beethoven   1/5  0.200
  brahms      2/9  0.222
  dvorak      1/8  0.125
  mahler      0/1  0.000
  TOTAL       4/34  0.118   (disagreement rate 0.882)

wrote out/vs-incumbent.json
