bach p2 s0 n=12 partial       bracket=[2, 5, 8] px=[2, 5, 8] cols=[2, 5, 8, 9]
bach p2 s1 n=12 partial       bracket=[2, 5, 7, 8] px=[5, 8] cols=[2, 5, 8, 9]
  [bach p2 4.2s]
bach p3 s0 n=12 partial       bracket=[2, 5, 8] px=[2, 5] cols=[2, 5, 8, 9]
bach p3 s1 n=12 partial       bracket=[2, 5, 8] px=[2, 5, 8] cols=[2, 5, 8, 9]
  [bach p3 4.4s]
bach p4 s0 n=12 partial       bracket=[0, 1, 2, 5, 8] px=[2, 5, 8, 9] cols=[2, 5, 8, 9]
bach p4 s1 n=12 partial       bracket=[2, 5, 8, 9] px=[2, 5, 8] cols=[2, 5, 8, 9]
  [bach p4 4.5s]
bach p5 s0 n=12 partial       bracket=[2, 5, 8] px=[2, 5, 8] cols=[2, 5, 8, 9]
bach p5 s1 n=12 partial       bracket=[1, 2, 5, 7] px=[2, 5] cols=[2, 5, 8, 9]
  [bach p5 5.1s]
bach p6 s0 n=12 partial       bracket=[2, 4, 5, 8] px=[2, 5, 8, 9] cols=[2, 5, 8, 9]
bach p6 s1 n=12 partial       bracket=[2, 5, 6, 8] px=[2, 5, 8] cols=[2, 5, 8, 9]
  [bach p6 4.6s]
bach p7 s0 n=12 partial       bracket=[2, 5, 7, 8] px=[2, 5, 8, 9] cols=[2, 5, 8, 9]
bach p7 s1 n=12 partial       bracket=[2, 5, 7, 8] px=[2, 5, 8, 9] cols=[2, 5, 8, 9]
  [bach p7 5.8s]
bach p8 s0 n=12 partial       bracket=[2, 5, 7, 8] px=[2, 5] cols=[2, 5, 8, 9]
bach p8 s1 n=12 partial       bracket=[2, 5, 8, 9] px=[2, 5, 8, 9] cols=[2, 5, 8, 9]
  [bach p8 5.7s]
bach p9 s0 n=12 partial       bracket=[2, 5, 8, 9] px=[2, 5, 8, 9] cols=[2, 5, 8, 9]
bach p9 s1 n=12 partial       bracket=[2, 5, 8, 9] px=[2, 5, 8, 9] cols=[2, 5, 8, 9]
  [bach p9 7.3s]
bach p10 s0 n=12 partial       bracket=[2, 5, 6, 8] px=[2, 5, 8, 9] cols=[2, 5, 8, 9]
bach p10 s1 n=12 partial       bracket=[1, 2, 5, 8] px=[2, 5, 8] cols=[2, 5, 8, 9]
  [bach p10 4.6s]
bach p11 s0 n=12 partial       bracket=[2, 5, 8] px=[2, 5, 8] cols=[2, 5, 8, 9]
bach p11 s1 n=12 partial       bracket=[2, 5, 7, 8] px=[5, 8] cols=[2, 5, 8, 9]
  [bach p11 8.2s]
bach p12 s0 n=12 partial       bracket=[2, 5, 8] px=[2, 5, 8] cols=[2, 5, 8, 9]
bach p12 s1 n=12 partial       bracket=[0, 2, 5, 8] px=[5, 8] cols=[2, 5, 8]
  [bach p12 6.7s]
  [bach p13 17.3s]
beethoven p2 s0 n=11 no_rule       bracket=[] px=[3, 6] cols=[3, 6]
beethoven p2 s1 n=11 no_rule       bracket=[] px=[3, 6] cols=[3, 6]
  [beethoven p2 2.9s]
beethoven p3 s0 n=11 no_rule       bracket=[] px=[3, 6] cols=[3, 6]
beethoven p3 s1 n= 8 spanning_only bracket=[] px=[2, 3] cols=[2, 3]
  [beethoven p3 3.4s]
beethoven p4 s0 n=11 no_rule       bracket=[] px=[3, 5] cols=[3, 5]
beethoven p4 s1 n=11 no_rule       bracket=[] px=[3, 6] cols=[3, 6]
  [beethoven p4 2.1s]
beethoven p5 s0 n= 9 spanning_only bracket=[] px=[3, 4] cols=[3, 4]
beethoven p5 s1 n= 7 spanning_only bracket=[] px=[1, 2] cols=[1, 2]
  [beethoven p5 2.8s]
beethoven p6 s0 n=10 no_rule       bracket=[] px=[3, 4] cols=[3, 4]
beethoven p6 s1 n=12 spanning_only bracket=[] px=[3, 6] cols=[3, 6]
  [beethoven p6 2.1s]
beethoven p7 s0 n=11 no_rule       bracket=[] px=[3, 6] cols=[3, 6]
beethoven p7 s1 n=11 no_rule       bracket=[] px=[3, 6] cols=[3, 6]
  [beethoven p7 4.3s]
beethoven p8 s0 n= 9 no_rule       bracket=[] px=[3, 4] cols=[3, 4]
beethoven p8 s1 n=11 no_rule       bracket=[] px=[3, 5] cols=[3, 5]
  [beethoven p8 4.3s]
beethoven p9 s0 n=12 no_rule       bracket=[] px=[3, 6] cols=[3, 6]
beethoven p9 s1 n=10 spanning_only bracket=[] px=[3, 5] cols=[3, 5]
  [beethoven p9 2.4s]
beethoven p10 s0 n=11 spanning_only bracket=[] px=[3, 6] cols=[3, 6]
beethoven p10 s1 n=11 spanning_only bracket=[] px=[3, 6] cols=[3, 6]
  [beethoven p10 5.5s]
beethoven p11 s0 n= 9 no_rule       bracket=[] px=[2, 4] cols=[2, 4]
beethoven p11 s1 n=11 spanning_only bracket=[] px=[3, 5] cols=[3, 5]
  [beethoven p11 5.4s]
beethoven p12 s0 n=12 no_rule       bracket=[] px=[3, 6] cols=[3, 6]
beethoven p12 s1 n=11 no_rule       bracket=[] px=[6] cols=[3, 6]
  [beethoven p12 7.2s]
beethoven p13 s0 n=11 no_rule       bracket=[] px=[3, 6] cols=[3, 6]
beethoven p13 s1 n=11 spanning_only bracket=[] px=[3, 6] cols=[3, 6]
  [beethoven p13 4.0s]
brahms p2 s0 n=14 no_rule       bracket=[] px=[4, 7] cols=[8]
brahms p2 s1 n=14 partial       bracket=[2, 4, 6, 8] px=[8] cols=[8]
  [brahms p2 52.2s]
brahms p3 s0 n=14 partial       bracket=[8] px=[8] cols=[8]
brahms p3 s1 n=14 partial       bracket=[3, 4, 5] px=[] cols=[8]
  [brahms p3 11.2s]
brahms p4 s0 n=14 partial       bracket=[8] px=[8] cols=[8]
brahms p4 s1 n=14 partial       bracket=[2, 4, 7, 8] px=[8] cols=[8]
  [brahms p4 44.5s]
brahms p5 s0 n=14 partial       bracket=[4, 6, 8, 9, 10] px=[8] cols=[8]
brahms p5 s1 n=14 partial       bracket=[2, 4, 8] px=[] cols=[8]
  [brahms p5 33.6s]
brahms p6 s0 n=12 no_rule       bracket=[] px=[6] cols=[6]
brahms p6 s1 n=11 no_rule       bracket=[] px=[5] cols=[5]
  [brahms p6 38.0s]
brahms p7 s0 n=11 partial       bracket=[4, 5] px=[5] cols=[5]
brahms p7 s1 n=11 partial       bracket=[4, 5, 6, 7] px=[5] cols=[5]
  [brahms p7 36.2s]
brahms p8 s0 n=11 partial       bracket=[5] px=[5] cols=[5]
brahms p8 s1 n=11 no_rule       bracket=[] px=[5] cols=[5]
  [brahms p8 7.1s]
brahms p9 s0 n=12 partial       bracket=[6] px=[6] cols=[6]
brahms p9 s1 n=13 partial       bracket=[7] px=[7] cols=[7]
  [brahms p9 5.1s]
brahms p10 s0 n=13 partial       bracket=[5, 6, 7] px=[7] cols=[7]
brahms p10 s1 n=14 partial       bracket=[1, 7, 8] px=[8] cols=[8]
  [brahms p10 6.0s]
brahms p11 s0 n=14 partial       bracket=[2, 3, 8, 9, 10] px=[8] cols=[8]
brahms p11 s1 n=14 partial       bracket=[2, 4, 5, 8] px=[8] cols=[8]
  [brahms p11 5.0s]
brahms p12 s0 n=14 partial       bracket=[2, 4, 8, 9, 10] px=[8] cols=[8]
brahms p12 s1 n=14 partial       bracket=[5, 6, 8, 10] px=[8] cols=[8]
  [brahms p12 7.1s]
brahms p13 s0 n=14 partial       bracket=[4, 5, 8, 9] px=[8] cols=[8]
brahms p13 s1 n=14 partial       bracket=[7, 8] px=[8] cols=[8]
  [brahms p13 9.4s]
  [dvorak p2 7.7s]
  [dvorak p3 3.5s]
dvorak p4 s0 n=15 no_rule       bracket=[] px=[3, 9] cols=[3, 9]
  [dvorak p4 6.9s]
dvorak p5 s0 n=15 no_rule       bracket=[] px=[3, 9] cols=[3, 9]
  [dvorak p5 7.8s]
dvorak p6 s0 n=15 no_rule       bracket=[] px=[3, 9] cols=[3, 9]
dvorak p6 s1 n=15 partial       bracket=[3, 4, 7, 8, 13] px=[3, 9] cols=[3, 9]
  [dvorak p6 6.2s]
dvorak p7 s0 n=15 no_rule       bracket=[] px=[3, 9] cols=[3, 9]
dvorak p7 s1 n=15 partial       bracket=[3, 5, 7, 8, 11] px=[3, 9] cols=[3, 9]
  [dvorak p7 7.3s]
dvorak p8 s0 n=15 no_rule       bracket=[] px=[3, 9] cols=[3, 9]
dvorak p8 s1 n=15 no_rule       bracket=[] px=[3, 9] cols=[3, 9]
  [dvorak p8 4.6s]
dvorak p9 s0 n=15 no_rule       bracket=[] px=[3, 9] cols=[3, 9]
dvorak p9 s1 n=15 no_rule       bracket=[] px=[3, 9] cols=[3, 9]
  [dvorak p9 8.1s]
dvorak p10 s0 n=15 partial       bracket=[4, 5, 6, 8, 10, 11, 12] px=[3, 9] cols=[3, 9]
dvorak p10 s1 n=15 partial       bracket=[3, 5, 6, 7] px=[3, 9] cols=[3, 9]
  [dvorak p10 4.6s]
dvorak p11 s0 n=15 partial       bracket=[4, 5, 6, 8] px=[3, 9] cols=[3, 9]
dvorak p11 s1 n=15 partial       bracket=[3, 5, 7, 8] px=[3, 9] cols=[3, 9]
  [dvorak p11 4.3s]
dvorak p12 s0 n=15 partial       bracket=[3, 5, 6, 7, 11] px=[3, 9] cols=[3, 9]
dvorak p12 s1 n=15 partial       bracket=[4, 5, 6, 8] px=[3, 9] cols=[3, 9]
  [dvorak p12 3.8s]
dvorak p13 s0 n=15 no_rule       bracket=[] px=[3, 9] cols=[3, 9]
dvorak p13 s1 n=15 no_rule       bracket=[] px=[3, 9] cols=[3, 9]
  [dvorak p13 4.0s]
mahler p2 s0 n=15 partial       bracket=[1, 2, 7] px=[1, 7, 9] cols=[1, 7, 9]
  [mahler p2 2.6s]
mahler p3 s0 n=21 partial       bracket=[3, 9, 13] px=[3, 9, 13] cols=[3, 9, 13]
  [mahler p3 3.3s]
mahler p4 s0 n=21 no_rule       bracket=[] px=[2, 8, 13] cols=[2, 8, 13]
  [mahler p4 3.0s]
mahler p5 s0 n=14 partial       bracket=[2, 4, 6, 8, 10] px=[2, 6, 8] cols=[2, 6, 8]
mahler p5 s1 n= 7 partial       bracket=[1] px=[1] cols=[1]
  [mahler p5 3.7s]
mahler p6 s0 n=16 partial       bracket=[2, 10] px=[2, 7, 10] cols=[2, 7, 10]
  [mahler p6 2.6s]
mahler p7 s0 n=16 partial       bracket=[2, 7, 10] px=[2, 7, 10] cols=[2, 7, 10]
  [mahler p7 5.0s]
mahler p8 s0 n=17 partial       bracket=[3, 11] px=[3, 9, 11] cols=[3, 9, 11]
  [mahler p8 3.4s]
mahler p9 s0 n=17 partial       bracket=[3, 4, 9] px=[3, 9, 11] cols=[3, 9, 11]
  [mahler p9 3.3s]
mahler p10 s0 n=19 partial       bracket=[3, 9, 12] px=[3, 9, 11] cols=[3, 9, 11]
  [mahler p10 4.0s]
mahler p11 s0 n=13 partial       bracket=[2, 3, 4, 5, 7] px=[2, 4, 5] cols=[2, 4, 5]
mahler p11 s1 n=13 partial       bracket=[3, 4, 5, 7, 8] px=[3, 7] cols=[3, 7]
  [mahler p11 3.3s]
mahler p12 s0 n=17 partial       bracket=[4, 8] px=[4, 8, 11] cols=[4, 8, 11]
  [mahler p12 4.1s]
mahler p13 s0 n=16 partial       bracket=[4, 8, 10] px=[4, 8, 10] cols=[4, 8, 10]
  [mahler p13 4.3s]

== verdict distribution (reach) ==
publisher     systems  partial  spanning  no_rule
bach               22       22         0        0
beethoven          24        0         9       15
brahms             24       20         0        4
dvorak             18        8         0       10
mahler             14       13         0        1
TOTAL             102       63         9       30

== agreement on systems where the bracket STATES blocks ==
publisher     sys   both  brkt only  inc only   (incumbent = OMR_BRACKET_COLUMNS on)
bach           22     69         14        18
beethoven       0      0          0         0
brahms         20     19         41         1
dvorak          8      5         33        11
mahler         13     30         10         6
TOTAL          63    123         98        36

== within-page self-consistency of the bracket reading ==
(two systems on one page with the same staff count are the same printed lineup)
  bach        3/11  0.273
  beethoven   4/5  0.800
  brahms      0/9  0.000
  dvorak      3/8  0.375
  mahler      0/1  0.000
  TOTAL       10/34  0.294   (disagreement rate 0.706)

wrote out/vs-incumbent.json
