Breitkopf Brahms 1 pp.0-3
cells measured: 818   EXCLUDED for drift: 0

== Q1 components per cell after the opening  (handoff sec.3 spot-checked ONE cell at 3)
   n=818  median 7  mean 8.3  p10 2  p90 18  max 43
   staff spacing seen: median 100 px

== component HEIGHT in staff spaces  (handoff spot-check: median 8.1; the cap is 8.0)
   n=6816  median 3.20  p10 1.35  p90 12.00  max 16.01
   over the 8.0-space cap: 1500 (22.0%)

== component WIDTH in staff spaces  (the cap is 0.6)
   median 0.21  p90 0.39  max 1.47
   over the 0.6-space cap: 408 (6.0%)

== Q2 how many NOTEHEADS does one component cover?  (2+ is a merge no filter can undo)
   0 head(s)       4210   61.8%
   1 head(s)       1787   26.2%
   2 head(s)        706   10.4%
   3 head(s)         66    1.0%
   4+ heads          47    0.7%

== what each component IS
   covers NO notehead                              4210   61.8%
   covers 1 notehead, >= 2 spaces tall             1467   21.5%
   covers 2+ noteheads (a MERGE across notes)       819   12.0%
   covers 1 notehead, shorter than 2 spaces         320    4.7%

== Q3 the components the census BLAMES, by how many heads they cover
   TALL, 0 head(s)                         1270
   WIDE, 2+ head(s)                         276
   TALL, 2+ head(s)                         106
   TALL, 1 head(s)                           99
   WIDE, 1 head(s)                           78
   WIDE, 0 head(s)                           25
   WIDE+TALL, 0 head(s)                      18
   WIDE+TALL, 2+ head(s)                      6
   WIDE+TALL, 1 head(s)                       1

wrote benchmarks/omr-stem-stroke-2026-09/out/breitkopf-fusion.json
