Processing `/tmp/bench_out/bach-wtc.ly'
Parsing...
Interpreting music...
/tmp/bench_out/bach-wtc.ly:150:24: warning: barcheck failed at: 1/8
        g,16 a,32 b,32 
                       |
/tmp/bench_out/bach-wtc.ly:169:18: warning: barcheck failed at: 9/64
        b'64 e'8 
                 |
/tmp/bench_out/bach-wtc.ly:54:29: warning: barcheck failed at: 1/4
        <e' c''>8 <d' c''>8 
                            |
/tmp/bench_out/bach-wtc.ly:94:13: warning: barcheck failed at: 1/4
        g'4 
            |
/tmp/bench_out/bach-wtc.ly:107:35: warning: barcheck failed at: 17/64
        <g c>64 <a c'>8 d'16 c'16 
                                  |
/tmp/bench_out/bach-wtc.ly:113:65: warning: barcheck failed at: 5/16
        <e g>64 f64 e32 d32 c64 d64 b,32 <a, a>16 <d b>16 fis32 
                                                                |
/tmp/bench_out/bach-wtc.ly:133:43: warning: barcheck failed at: 3/8
        d''8 e''16 d''16 c''16 <b' g''>16 
                                          |
/tmp/bench_out/bach-wtc.ly:88:59: warning: barcheck failed at: 27/64
        c''64 d''64 e''32 f''16.. g''16 f''16 e''16 a''16 
                                                          |
/tmp/bench_out/bach-wtc.ly:164:146: warning: barcheck failed at: 31/64
        <d'' a'>16 <c'' a'>16 <gis' b'>64 <a' fis'>64 gis'64 <a' f'>64 b'32 <c'' e'>16 fis'32 <gis' d'>32 a'64 <b' d'>16 <a' fis'>32 <b' gis'>32 
                                                                                                                                                 |
/tmp/bench_out/bach-wtc.ly:170:45: warning: barcheck failed at: 31/64
        gis'8 b'16 <gis' e''>16 fis'16 a'32 
                                            |
/tmp/bench_out/bach-wtc.ly:181:30: warning: barcheck failed at: 1/2
        e8 fis8 b16 a16 gis8 
                             |
/tmp/bench_out/bach-wtc.ly:128:78: warning: barcheck failed at: 9/16
        <g'' a'>8 <d'' fis''>32 f''8 e''16 d''16 c''16 d''32 <c'' d'>32 b'32 
                                                                             |
/tmp/bench_out/bach-wtc.ly:186:41: warning: barcheck failed at: 9/16
        b,8 <d gis>8 <c a>8 f8 <e c'>16 
                                        |
/tmp/bench_out/bach-wtc.ly:145:47: warning: barcheck failed at: 37/64
        c'32 a32 b32 c'32 d'8 c'32 b32 a64 g4 
                                              |
/tmp/bench_out/bach-wtc.ly:55:21: warning: barcheck failed at: 5/8
        e'8 f'8 e'8 
                    |
/tmp/bench_out/bach-wtc.ly:48:95: warning: barcheck failed at: 41/64
        <g' b'>64 g'16 <a' f'>16 b'16 b'64 d''32 <e'' c'>64 d''32 e''32 fis''16 g''8 <b' g'>8 
                                                                                              |
/tmp/bench_out/bach-wtc.ly:108:50: warning: barcheck failed at: 43/64
        <g b>32 <a cis>8 <d' a>16 e'16 c'16 e'16 
                                                 |
/tmp/bench_out/bach-wtc.ly:134:40: warning: barcheck failed at: 25/32
        <fis' b'>32 r8 a'16 g'16 fis'8 
                                       |
/tmp/bench_out/bach-wtc.ly:151:55: warning: barcheck failed at: 51/64
        c16.. d16 c16 b,16 e32 a,8 d8 d64 e64 d32 c32 
                                                      |
/tmp/bench_out/bach-wtc.ly:56:44: warning: barcheck failed at: 13/16
        <c' a'>16 g'64 f'64 e'32 f'32 d'32 
                                           |
/tmp/bench_out/bach-wtc.ly:187:16: warning: barcheck failed at: 27/32
        d32 e4 
               |
/tmp/bench_out/bach-wtc.ly:114:46: warning: barcheck failed at: 29/32
        a32 <bes e'>8 g8 <d d'>8 d'8 <e b>16 
                                             |
/tmp/bench_out/bach-wtc.ly:165:71: warning: barcheck failed at: 7/32
        <c'' a'>8 <f'' a'>8 <d'' gis'>8 <d'' b'>16 c''32 b'64 b'8 a'8 
                                                                      |
/tmp/bench_out/bach-wtc.ly:109:63: warning: barcheck failed at: 15/64
        <e' a>16 d'8 c'8 c'32 b32 c'32 a32 e'32 d'32 c'32 b32 
                                                              |
/tmp/bench_out/bach-wtc.ly:146:55: warning: barcheck failed at: 1/4
        c16.. d16 c16 b,16 e32 a,8 d8 d64 e64 d32 c32 
                                                      |
/tmp/bench_out/bach-wtc.ly:182:68: warning: barcheck failed at: 19/64
        fis8 e8 <b d>8 b16 c'16 <b e>16 a16 gis64 f64 <a e>64 gis8 
                                                                   |
/tmp/bench_out/bach-wtc.ly:129:74: warning: barcheck failed at: 7/16
        <a' e'>16 c''16 a'16 g'16 r8 c''8 b'16 a'16 <gis' e'>8 <e'' a'>8 
                                                                         |
/tmp/bench_out/bach-wtc.ly:49:94: warning: barcheck failed at: 49/64
        <c'' g'>16 <f' a'>64 <d'' f'>8 c''8 b'16 a'16 g'16.. f'16 g'16 <f' d'>16 e'8 f'8 g'8 
                                                                                             |
/tmp/bench_out/bach-wtc.ly:67:51: warning: barcheck failed at: 25/32
        r8 g32 a32 b16 r1 c'8.. d'16 c'16 b8 e'16 
                                                  |
/tmp/bench_out/bach-wtc.ly:73:51: warning: barcheck failed at: 25/32
        r8 g32 a32 b16 r1 c'8.. d'16 c'16 b8 e'16 
                                                  |
/tmp/bench_out/bach-wtc.ly:95:80: warning: barcheck failed at: 1/8
        d''8 g''8 g''32 a''32 g''32 f''32 r1 e''8 a''8 a''16 b''16 a''16 g''16 
                                                                               |
/tmp/bench_out/bach-wtc.ly:89:80: warning: barcheck failed at: 19/64
        d''8 g''8 g''32 a''32 g''32 f''32 r1 e''8 a''8 a''16 b''16 a''16 g''16 
                                                                               |
/tmp/bench_out/bach-wtc.ly:19:63: warning: barcheck failed at: 3/8
        f'1 c'32 d'32 e'32 r1 f'16 g'16 f'16 <e' c'''>16 a'32 
                                                              |
/tmp/bench_out/bach-wtc.ly:25:63: warning: barcheck failed at: 3/8
        f'1 c'32 d'32 e'32 r1 f'16 g'16 f'16 <e' c'''>16 a'32 
                                                              |
/tmp/bench_out/bach-wtc.ly:50:43: warning: barcheck failed at: 5/8
        g'32 <f' a'>64 b'16 c''2 <b' g'>4 
                                          |
/tmp/bench_out/bach-wtc.ly:20:37: warning: barcheck failed at: 41/64
        <e' g'>64 <a' c'>8 <b' c'>8 
                                    |
/tmp/bench_out/bach-wtc.ly:96:52: warning: barcheck failed at: 55/64
        g'8 a'8 b'8 <c'' e''>16.. d''16 c''16 e''8 
                                                   |
/tmp/bench_out/bach-wtc.ly:26:59: warning: barcheck failed at: 1/32
        d'8 g'8 g'64 a'64 g'32 f'32 e'64 f'64 d'32 d'8 b8 
                                                          |
/tmp/bench_out/bach-wtc.ly:90:31: warning: barcheck failed at: 3/64
        f''2 fis''8 <g'' b'>8 
                              |
/tmp/bench_out/bach-wtc.ly:69:55: warning: barcheck failed at: 11/64
        <f a>64 d'16 <a c'>8 a64 <b g>64 c'32 <d' g>8 
                                                      |
/tmp/bench_out/bach-wtc.ly:21:108: warning: barcheck failed at: 7/32
        <c'' a>16.. d''16 c''16 <b' g'>32 e''32 a'32 g'32 <d'' fis'>32 <d'' fis'>16 e''16 <d'' d'>32 c''32 
                                                                                                           |
/tmp/bench_out/bach-wtc.ly:27:19: warning: barcheck failed at: 9/32
        fis'8 e'8 
                  |
/tmp/bench_out/bach-wtc.ly:75:38: warning: barcheck failed at: 3/8
        g16 f16 <e g>16 d32 a8 g8 f8 
                                     |
Preprocessing graphical objects...
Interpreting music...
/tmp/bench_out/bach-wtc.ly:150:24: warning: barcheck failed at: 1/8
        g,16 a,32 b,32 
                       |
/tmp/bench_out/bach-wtc.ly:169:18: warning: barcheck failed at: 9/64
        b'64 e'8 
                 |
/tmp/bench_out/bach-wtc.ly:54:29: warning: barcheck failed at: 1/4
        <e' c''>8 <d' c''>8 
                            |
/tmp/bench_out/bach-wtc.ly:94:13: warning: barcheck failed at: 1/4
        g'4 
            |
/tmp/bench_out/bach-wtc.ly:107:35: warning: barcheck failed at: 17/64
        <g c>64 <a c'>8 d'16 c'16 
                                  |
/tmp/bench_out/bach-wtc.ly:113:65: warning: barcheck failed at: 5/16
        <e g>64 f64 e32 d32 c64 d64 b,32 <a, a>16 <d b>16 fis32 
                                                                |
/tmp/bench_out/bach-wtc.ly:133:43: warning: barcheck failed at: 3/8
        d''8 e''16 d''16 c''16 <b' g''>16 
                                          |
/tmp/bench_out/bach-wtc.ly:88:59: warning: barcheck failed at: 27/64
        c''64 d''64 e''32 f''16.. g''16 f''16 e''16 a''16 
                                                          |
/tmp/bench_out/bach-wtc.ly:164:146: warning: barcheck failed at: 31/64
        <d'' a'>16 <c'' a'>16 <gis' b'>64 <a' fis'>64 gis'64 <a' f'>64 b'32 <c'' e'>16 fis'32 <gis' d'>32 a'64 <b' d'>16 <a' fis'>32 <b' gis'>32 
                                                                                                                                                 |
/tmp/bench_out/bach-wtc.ly:170:45: warning: barcheck failed at: 31/64
        gis'8 b'16 <gis' e''>16 fis'16 a'32 
                                            |
/tmp/bench_out/bach-wtc.ly:181:30: warning: barcheck failed at: 1/2
        e8 fis8 b16 a16 gis8 
                             |
/tmp/bench_out/bach-wtc.ly:128:78: warning: barcheck failed at: 9/16
        <g'' a'>8 <d'' fis''>32 f''8 e''16 d''16 c''16 d''32 <c'' d'>32 b'32 
                                                                             |
/tmp/bench_out/bach-wtc.ly:186:41: warning: barcheck failed at: 9/16
        b,8 <d gis>8 <c a>8 f8 <e c'>16 
                                        |
/tmp/bench_out/bach-wtc.ly:145:47: warning: barcheck failed at: 37/64
        c'32 a32 b32 c'32 d'8 c'32 b32 a64 g4 
                                              |
/tmp/bench_out/bach-wtc.ly:55:21: warning: barcheck failed at: 5/8
        e'8 f'8 e'8 
                    |
/tmp/bench_out/bach-wtc.ly:48:95: warning: barcheck failed at: 41/64
        <g' b'>64 g'16 <a' f'>16 b'16 b'64 d''32 <e'' c'>64 d''32 e''32 fis''16 g''8 <b' g'>8 
                                                                                              |
/tmp/bench_out/bach-wtc.ly:108:50: warning: barcheck failed at: 43/64
        <g b>32 <a cis>8 <d' a>16 e'16 c'16 e'16 
                                                 |
/tmp/bench_out/bach-wtc.ly:134:40: warning: barcheck failed at: 25/32
        <fis' b'>32 r8 a'16 g'16 fis'8 
                                       |
/tmp/bench_out/bach-wtc.ly:151:55: warning: barcheck failed at: 51/64
        c16.. d16 c16 b,16 e32 a,8 d8 d64 e64 d32 c32 
                                                      |
/tmp/bench_out/bach-wtc.ly:56:44: warning: barcheck failed at: 13/16
        <c' a'>16 g'64 f'64 e'32 f'32 d'32 
                                           |
/tmp/bench_out/bach-wtc.ly:187:16: warning: barcheck failed at: 27/32
        d32 e4 
               |
/tmp/bench_out/bach-wtc.ly:114:46: warning: barcheck failed at: 29/32
        a32 <bes e'>8 g8 <d d'>8 d'8 <e b>16 
                                             |
/tmp/bench_out/bach-wtc.ly:165:71: warning: barcheck failed at: 7/32
        <c'' a'>8 <f'' a'>8 <d'' gis'>8 <d'' b'>16 c''32 b'64 b'8 a'8 
                                                                      |
/tmp/bench_out/bach-wtc.ly:109:63: warning: barcheck failed at: 15/64
        <e' a>16 d'8 c'8 c'32 b32 c'32 a32 e'32 d'32 c'32 b32 
                                                              |
/tmp/bench_out/bach-wtc.ly:146:55: warning: barcheck failed at: 1/4
        c16.. d16 c16 b,16 e32 a,8 d8 d64 e64 d32 c32 
                                                      |
/tmp/bench_out/bach-wtc.ly:182:68: warning: barcheck failed at: 19/64
        fis8 e8 <b d>8 b16 c'16 <b e>16 a16 gis64 f64 <a e>64 gis8 
                                                                   |
/tmp/bench_out/bach-wtc.ly:129:74: warning: barcheck failed at: 7/16
        <a' e'>16 c''16 a'16 g'16 r8 c''8 b'16 a'16 <gis' e'>8 <e'' a'>8 
                                                                         |
/tmp/bench_out/bach-wtc.ly:49:94: warning: barcheck failed at: 49/64
        <c'' g'>16 <f' a'>64 <d'' f'>8 c''8 b'16 a'16 g'16.. f'16 g'16 <f' d'>16 e'8 f'8 g'8 
                                                                                             |
/tmp/bench_out/bach-wtc.ly:67:51: warning: barcheck failed at: 25/32
        r8 g32 a32 b16 r1 c'8.. d'16 c'16 b8 e'16 
                                                  |
/tmp/bench_out/bach-wtc.ly:73:51: warning: barcheck failed at: 25/32
        r8 g32 a32 b16 r1 c'8.. d'16 c'16 b8 e'16 
                                                  |
/tmp/bench_out/bach-wtc.ly:95:80: warning: barcheck failed at: 1/8
        d''8 g''8 g''32 a''32 g''32 f''32 r1 e''8 a''8 a''16 b''16 a''16 g''16 
                                                                               |
/tmp/bench_out/bach-wtc.ly:89:80: warning: barcheck failed at: 19/64
        d''8 g''8 g''32 a''32 g''32 f''32 r1 e''8 a''8 a''16 b''16 a''16 g''16 
                                                                               |
/tmp/bench_out/bach-wtc.ly:19:63: warning: barcheck failed at: 3/8
        f'1 c'32 d'32 e'32 r1 f'16 g'16 f'16 <e' c'''>16 a'32 
                                                              |
/tmp/bench_out/bach-wtc.ly:25:63: warning: barcheck failed at: 3/8
        f'1 c'32 d'32 e'32 r1 f'16 g'16 f'16 <e' c'''>16 a'32 
                                                              |
/tmp/bench_out/bach-wtc.ly:50:43: warning: barcheck failed at: 5/8
        g'32 <f' a'>64 b'16 c''2 <b' g'>4 
                                          |
/tmp/bench_out/bach-wtc.ly:20:37: warning: barcheck failed at: 41/64
        <e' g'>64 <a' c'>8 <b' c'>8 
                                    |
/tmp/bench_out/bach-wtc.ly:96:52: warning: barcheck failed at: 55/64
        g'8 a'8 b'8 <c'' e''>16.. d''16 c''16 e''8 
                                                   |
/tmp/bench_out/bach-wtc.ly:26:59: warning: barcheck failed at: 1/32
        d'8 g'8 g'64 a'64 g'32 f'32 e'64 f'64 d'32 d'8 b8 
                                                          |
/tmp/bench_out/bach-wtc.ly:90:31: warning: barcheck failed at: 3/64
        f''2 fis''8 <g'' b'>8 
                              |
/tmp/bench_out/bach-wtc.ly:69:55: warning: barcheck failed at: 11/64
        <f a>64 d'16 <a c'>8 a64 <b g>64 c'32 <d' g>8 
                                                      |
/tmp/bench_out/bach-wtc.ly:21:108: warning: barcheck failed at: 7/32
        <c'' a>16.. d''16 c''16 <b' g'>32 e''32 a'32 g'32 <d'' fis'>32 <d'' fis'>16 e''16 <d'' d'>32 c''32 
                                                                                                           |
/tmp/bench_out/bach-wtc.ly:27:19: warning: barcheck failed at: 9/32
        fis'8 e'8 
                  |
/tmp/bench_out/bach-wtc.ly:75:38: warning: barcheck failed at: 3/8
        g16 f16 <e g>16 d32 a8 g8 f8 
                                     |
MIDI output to `/tmp/bench_out/bach-wtc.midi'...
Finding the ideal number of pages...
Fitting music on 1 page...
Drawing systems...
Converting to `/tmp/bench_out/bach-wtc.pdf'...
Success: compilation successfully completed
