Processing `/tmp/bench_out/beethoven-5.ly'
Parsing...
Interpreting music...
/tmp/bench_out/beethoven-5.ly:89:29: warning: barcheck failed at: 1/32
    <a b d' b f'>64 <e d>64 
                            |
/tmp/bench_out/beethoven-5.ly:90:28: warning: barcheck failed at: 5/64
    <f f a d d d'>32 c''64 
                           |
/tmp/bench_out/beethoven-5.ly:91:93: warning: barcheck failed at: 3/32
    <g' b' e' a' a' c'' c' d' c' b c' b e c' a b e a a g f g f g e f' a' f' d' d f' d d'>64 
                                                                                            |
/tmp/bench_out/beethoven-5.ly:215:92: warning: barcheck failed at: 3/32
    <e d''' b'' g''' a' a'' e a' a'' e' f'' d'' d'' f'''>32 <a' b'>64 d'64 d''64 <a' a'>64 
                                                                                           |
/tmp/bench_out/beethoven-5.ly:125:34: warning: barcheck failed at: 9/64
    <g''' a e f d>8 <a' a' c'>64 
                                 |
/tmp/bench_out/beethoven-5.ly:143:46: warning: barcheck failed at: 9/64
    <g''' g'' c''' f''' b' b' c'' f>8 e'''64 
                                             |
/tmp/bench_out/beethoven-5.ly:144:81: warning: barcheck failed at: 11/64
    <g'' g'' g'' e'' g'' g'' g'' f''' g'' f'' d'' a' b' f' d'' f'' g''' g'''>32 
                                                                                |
/tmp/bench_out/beethoven-5.ly:56:51: warning: barcheck failed at: 1/4
    <e f''>64 <f'' e>64 <e f''>64 d''16 e64 f'''8 
                                                  |
/tmp/bench_out/beethoven-5.ly:216:73: warning: barcheck failed at: 11/32
    <e' e'' b' a' c'' b c'' f' c'' f e e f f g g a' b a' e e c' d e''>4 
                                                                        |
/tmp/bench_out/beethoven-5.ly:217:34: warning: barcheck failed at: 3/8
    <e'' a' c'' c'' f' e'' f'>32 
                                 |
/tmp/bench_out/beethoven-5.ly:145:31: warning: barcheck failed at: 27/64
    g'''8 <c'' d''' a' d'''>8 
                              |
/tmp/bench_out/beethoven-5.ly:179:56: warning: barcheck failed at: 27/64
    <a'' b'' d'' d'' e' g'''>4 g'64 e'''64 g'''8 c''64 
                                                       |
/tmp/bench_out/beethoven-5.ly:218:41: warning: barcheck failed at: 7/16
    <g' c'' e'' e' c'' a' b b e'' g'>16 
                                        |
/tmp/bench_out/beethoven-5.ly:161:64: warning: barcheck failed at: 31/64
    <g''' d''' f''' d''' f''' a g d>8 d16 <g' a' b'>32 d'64 r4 
                                                               |
/tmp/bench_out/beethoven-5.ly:180:204: warning: barcheck failed at: 31/64
    <c''' g''' d d''' a'' d''' g'' c' e c' a'' c' a'' b g'' b'' e d''' e d' d b'' g'' g''' f' c'' a' e'' g'' b'' f' d'' d' b a e'' b f'' a' a a f' g e'' g g e' e''' f b' f' e''' f e c'' g'' e''>32 c''32 
                                                                                                                                                                                                           |
/tmp/bench_out/beethoven-5.ly:107:58: warning: barcheck failed at: 1/2
    <e''' d''' g''' g''' f f'''>4 a'16 g'''8 <a'' a''>16 
                                                         |
/tmp/bench_out/beethoven-5.ly:197:38: warning: barcheck failed at: 1/2
    <g''' f''' c''' a d' e e'>4 d''4 
                                     |
/tmp/bench_out/beethoven-5.ly:269:44: warning: barcheck failed at: 1/2
    <f''' c''' e''' b' f'' d'' g'''>4 d''4 
                                           |
/tmp/bench_out/beethoven-5.ly:162:43: warning: barcheck failed at: 39/64
    <b c'' a' e'' f f' b f c' c' d f' f>8 
                                          |
/tmp/bench_out/beethoven-5.ly:181:54: warning: barcheck failed at: 39/64
    <g''' g''' g'' g'' a'' g'' a'' a'' b'' g'' c''>8 
                                                     |
/tmp/bench_out/beethoven-5.ly:219:20: warning: barcheck failed at: 11/16
    <e'' f'' e''>4 
                   |
/tmp/bench_out/beethoven-5.ly:233:85: warning: barcheck failed at: 23/32
    <g''' a'' a'' b'' g'' d'' e''' g'' b'' e f''' f>4 <a' a' b'>8 g'''16 a'4 g'''32 
                                                                                    |
/tmp/bench_out/beethoven-5.ly:198:82: warning: barcheck failed at: 3/4
    <g''' g'' g''' g'' f''' g'' f' e'' e'' a' c'' e'' f' a' c'' a' c'' e'' f''>4 
                                                                                 |
/tmp/bench_out/beethoven-5.ly:270:10: warning: barcheck failed at: 3/4
    g''4 
         |
/tmp/bench_out/beethoven-5.ly:182:32: warning: barcheck failed at: 25/32
    f''64 <c' c'>64 g'''8 a'64 
                               |
/tmp/bench_out/beethoven-5.ly:108:111: warning: barcheck failed at: 13/16
    <e''' b'' d''' d c''' e g'' d e f e a'' a g e''' e d a' e'' e' b' f'' g' b' c'' d''>32 f''32 <g''' g'''>4 
                                                                                                              |
/tmp/bench_out/beethoven-5.ly:183:66: warning: barcheck failed at: 27/32
    <g''' c''' c''' b' g''' e'' c''' c'' e''' c'' c'' e'' d d>16 
                                                                 |
/tmp/bench_out/beethoven-5.ly:271:30: warning: barcheck failed at: 7/8
    <g''' g''' f' f'>16 a'16 
                             |
/tmp/bench_out/beethoven-5.ly:126:143: warning: barcheck failed at: 57/64
    <g''' g''' d''' d''' g''' e''' e e e g'' g'' g'' e''' g'' e g'' e e''' f g'' e g'' f c'' f f f a'' f f'' a' d e'' b' e'' f' b'>4 a'4 c''4 
                                                                                                                                              |
/tmp/bench_out/beethoven-5.ly:109:27: warning: barcheck failed at: 31/32
    <c'' c''>32 <g''' d>8 
                          |
/tmp/bench_out/beethoven-5.ly:234:200: warning: barcheck failed at: 31/32
    <f'' d'' a' b' f'' b' c'' c'' f' f''' f f a' g a b a g''' f''' e f e b g g f' e''' e''' b'' c''' b'' d''' d''' e''' c'' b f''' e c'' g'' e'' g'' g'' a'' g'' a'' a'' a'' b'' c''' c''' c''' e'''>4 
                                                                                                                                                                                                       |
/tmp/bench_out/beethoven-5.ly:67:28: warning: barcheck failed at: 3/64
    a''64 a''64 a''64 f''1 
                           |
/tmp/bench_out/beethoven-5.ly:184:45: warning: barcheck failed at: 3/32
    <g''' c'' a' e'' g'' g'' f' d' e' f d>4 
                                            |
/tmp/bench_out/beethoven-5.ly:45:49: warning: barcheck failed at: 7/64
    r1 c''64 b'64 d''64 f''64 g''64 b''64 g''64 
                                                |
/tmp/bench_out/beethoven-5.ly:163:31: warning: barcheck failed at: 7/64
    <e'' f d f d e>8 c''4 a'8 
                              |
/tmp/bench_out/beethoven-5.ly:46:15: warning: barcheck failed at: 1/8
    <a' a'>64 
              |
/tmp/bench_out/beethoven-5.ly:272:51: warning: barcheck failed at: 1/8
    <f'' g''' c'' a' e'' e'' c'' f' a' g''>8 d''8 
                                                  |
/tmp/bench_out/beethoven-5.ly:273:34: warning: barcheck failed at: 3/16
    <g''' a' b' g' c'' f' c''>16 
                                 |
/tmp/bench_out/beethoven-5.ly:93:9: warning: barcheck failed at: 7/32
    e'8 
        |
/tmp/bench_out/beethoven-5.ly:199:50: warning: barcheck failed at: 17/64
    <g''' f'' c'' a' f'>4 <a' a'>4 <g''' f'''>64 
                                                 |
/tmp/bench_out/beethoven-5.ly:94:8: warning: barcheck failed at: 11/32
    d8 
       |
/tmp/bench_out/beethoven-5.ly:235:25: warning: barcheck failed at: 11/32
    <g''' e>8 f''8 f''8 
                        |
/tmp/bench_out/beethoven-5.ly:68:23: warning: barcheck failed at: 23/64
    <e d e d>4 g'''16 
                      |
/tmp/bench_out/beethoven-5.ly:164:33: warning: barcheck failed at: 23/64
    <d e d e e e>8 <e e d d e>8 
                                |
/tmp/bench_out/beethoven-5.ly:127:26: warning: barcheck failed at: 25/64
    d4 <g' a' f' b c''>4 
                         |
/tmp/bench_out/beethoven-5.ly:185:13: warning: barcheck failed at: 13/32
    d4 f'16 
            |
/tmp/bench_out/beethoven-5.ly:220:38: warning: barcheck failed at: 7/16
    <e'' e'' f'' c''>4 f''4 <a'' d>4 
                                     |
/tmp/bench_out/beethoven-5.ly:165:60: warning: barcheck failed at: 31/64
    <c' a' f c' f' f f' c'' a' c'' f' a' d' b d' a a b d>8 
                                                           |
/tmp/bench_out/beethoven-5.ly:221:162: warning: barcheck failed at: 31/64
    <d'' g' b' e' c'' e c' e a a c' b c' a f a b f b e f e f f f e e e' d d d' d' d'' d' c' a' c' c' c' f' g f g a g g b a g a g b b b c'' c'' e'' f' c''>64 d32 
                                                                                                                                                                 |
/tmp/bench_out/beethoven-5.ly:200:40: warning: barcheck failed at: 35/64
    <g'' e'' a' e'' a' g'' e'>4 g'''32 
                                       |
/tmp/bench_out/beethoven-5.ly:222:45: warning: barcheck failed at: 35/64
    <g g e'' d'' c'' d d>64 f'64 c''64 a'64 
                                            |
/tmp/bench_out/beethoven-5.ly:223:33: warning: barcheck failed at: 19/32
    b'64 <g' a' c'' a'>64 g''64 
                                |
/tmp/bench_out/beethoven-5.ly:166:67: warning: barcheck failed at: 39/64
    <e'' f'' d' a' c' c' a' f' c'' e'' a d' g f d d g d e f d f>8 
                                                                  |
/tmp/bench_out/beethoven-5.ly:224:92: warning: barcheck failed at: 5/8
    a64 <a' f' c'' b' d e b b b b b a a g a a g g a g g g c'' f f f f f f f e e c' c' e>64 
                                                                                           |
/tmp/bench_out/beethoven-5.ly:225:15: warning: barcheck failed at: 41/64
    <f' e'>64 
              |
/tmp/bench_out/beethoven-5.ly:226:20: warning: barcheck failed at: 21/32
    <e' d'' c''>64 
                   |
/tmp/bench_out/beethoven-5.ly:227:25: warning: barcheck failed at: 43/64
    <e''' e''' b' e'>64 
                        |
/tmp/bench_out/beethoven-5.ly:274:47: warning: barcheck failed at: 11/16
    <g''' f''' c''' g''' f'' f'>4 <b' a' b'>4 
                                              |
/tmp/bench_out/beethoven-5.ly:251:53: warning: barcheck failed at: 3/4
    <f'' g''' d'' e'' b'' a e'>4 <f' e''>4 g'''4 r1 
                                                    |
/tmp/bench_out/beethoven-5.ly:252:29: warning: barcheck failed at: 13/16
    <g'' g''' g''' f' f'>16 
                            |
/tmp/bench_out/beethoven-5.ly:95:24: warning: barcheck failed at: 27/32
    d8 d8 <c'' a e e>4 
                       |
/tmp/bench_out/beethoven-5.ly:186:26: warning: barcheck failed at: 27/32
    d4 <g''' g'''>8 a'16 
                         |
/tmp/bench_out/beethoven-5.ly:236:114: warning: barcheck failed at: 27/32
    <g''' f''' c'' f' e' c'' e''' c'' d'' e'' e'' a' a' c'' f' a' d' c' e'' g b b a g g a a f f e e e d d>4 f''4 
                                                                                                                 |
/tmp/bench_out/beethoven-5.ly:167:15: warning: barcheck failed at: 55/64
    <d e>8 d8 
              |
/tmp/bench_out/beethoven-5.ly:34:60: warning: barcheck failed at: 7/8
    r1 c''16 a'8 b'8 c''8 <d' e''>16 f''8 g''8 a''16 g''16 
                                                           |
/tmp/bench_out/beethoven-5.ly:201:75: warning: barcheck failed at: 57/64
    <g''' b'' f'' g'' g'' a'' d'' g'' g'' e'' e'' c'' a' g'>4 g'''16 b'32 
                                                                          |
/tmp/bench_out/beethoven-5.ly:275:43: warning: barcheck failed at: 15/16
    <c'' a' g'' f'' c'' g' f' e''' d'''>4 
                                          |
/tmp/bench_out/beethoven-5.ly:168:16: warning: barcheck failed at: 63/64
    <e d e e>8 
               |
/tmp/bench_out/beethoven-5.ly:17:17: warning: barcheck failed at: 1/32
    f'64 c'''64 
                |
/tmp/bench_out/beethoven-5.ly:187:90: warning: barcheck failed at: 1/32
    <a'' b'' c''' b'' c''' c''' d''' c' c' a'' b e''' g''' g'' a' b a b e g a d>16 g'''8 
                                                                                         |
/tmp/bench_out/beethoven-5.ly:253:130: warning: barcheck failed at: 1/16
    <a'' e''' e''' c''' c''' c''' b'' c''' d''' c''' c''' g''' a'' f''' f''' g''' a'' g'' g'' c'' c'' e'' f' a' f' e'' d d d e>4 
                                                                                                                                 |
/tmp/bench_out/beethoven-5.ly:237:24: warning: barcheck failed at: 1/8
    <e'' d d e>4 f''32 
                       |
/tmp/bench_out/beethoven-5.ly:188:151: warning: barcheck failed at: 5/32
    c''16 <d''' d''' d''' d''' c''' c''' c''' c''' c''' b'' b'' e''' b'' e''' a'' b'' d''' d''' b'' e''' b'' f''' e''' e'' e'' c'' e'' c' c' b b d>16 
                                                                                                                                                      |
/tmp/bench_out/beethoven-5.ly:189:12: warning: barcheck failed at: 11/64
    g'''64 
           |
/tmp/bench_out/beethoven-5.ly:96:73: warning: barcheck failed at: 3/16
    a''32 <a'' a'' g''>64 <d'' e'' e'' g'''>64 a''64 g'''64 <c'' a' e>4 
                                                                        |
/tmp/bench_out/beethoven-5.ly:238:47: warning: barcheck failed at: 3/16
    <g''' e' f' c'' e'' c'' a' g' d' d' d'>16 
                                              |
/tmp/bench_out/beethoven-5.ly:190:137: warning: barcheck failed at: 7/32
    c'64 <d' d' g''' e'''>64 <c''' b'' e'' g''' b'' a'' e'' b'' d'' f'' d'' e''' f'' d'' d''' d''' a'' g'' g'' e''' g'' d''' a'' a''>64 
                                                                                                                                        |
/tmp/bench_out/beethoven-5.ly:239:257: warning: barcheck failed at: 7/32
    <a f' g''' g'' g'' f' a c' g''' f''' e''' f''' g'' e''' f''' f''' d''' d''' e''' e''' f''' e''' d''' d''' e''' e''' c''' b'' d''' b'' d''' b'' b'' a'' a'' c''' a'' c''' c''' a'' c''' c''' b'' c''' a'' b'' a'' e f''' g'' g a d' f g c' e e e d'>64 a''64 
                                                                                                                                                                                                                                                                |
/tmp/bench_out/beethoven-5.ly:191:109: warning: barcheck failed at: 15/64
    <g''' c''' f''' e''' e''' d''' c''' g''' d''' f'' f''' a'' a'' a'' b'' b'' b'' c''' d''' f'' f'' g''>64 
                                                                                                            |
/tmp/bench_out/beethoven-5.ly:240:57: warning: barcheck failed at: 1/4
    <g''' c''' c''' g''' d'' c''' f'' g' b c' d>64 a'64 
                                                        |
/tmp/bench_out/beethoven-5.ly:241:33: warning: barcheck failed at: 5/16
    <a' b'>64 f'''64 b'64 e''64 
                                |
/tmp/bench_out/beethoven-5.ly:242:238: warning: barcheck failed at: 3/8
    d'''64 a64 g'''64 <g''' g'' f''' c'' e''' d''' d''' d''' b'' c''' d''' b'' b'' c''' b'' c''' f''' d''' d''' b'' b'' c''' e''' c''' c''' c''' e''' b'' e''' e''' e''' f'' a'' e'' g'' f''' f''' a'' g'' g''' e'' f''' a'' a'' c'' d' d>64 
                                                                                                                                                                                                                                             |
/tmp/bench_out/beethoven-5.ly:202:57: warning: barcheck failed at: 25/64
    <g''' f'' b'' c''' e'' c'' a' c'' a' a' f' f'>4 a'4 
                                                        |
/tmp/bench_out/beethoven-5.ly:243:25: warning: barcheck failed at: 13/32
    <g' e' a'>64 g'''64 
                        |
/tmp/bench_out/beethoven-5.ly:244:47: warning: barcheck failed at: 27/64
    <d b' e' d'' e' b' b' d'' c'' g''' e''>64 
                                              |
/tmp/bench_out/beethoven-5.ly:245:41: warning: barcheck failed at: 29/64
    d64 <g''' c' c' c' c' b b c' b b>64 
                                        |
/tmp/bench_out/beethoven-5.ly:47:140: warning: barcheck failed at: 15/32
    r1 b'64 d''64 f''64 g''64 b''64 g''64 b''64 g''64 b''64 g''64 b''64 g''64 c'''64 b''64 a''64 g''64 b''64 a''64 g''64 f''64 a''64 g''64 
                                                                                                                                           |
/tmp/bench_out/beethoven-5.ly:277:15: warning: barcheck failed at: 1/2
    d''4 e''4 
              |
/tmp/bench_out/beethoven-5.ly:97:110: warning: barcheck failed at: 33/64
    <g''' g''' g'''>64 <g''' f''' g''' f''' f'''>64 d'''64 d4 <g''' g'''>64 <g''' f''' a'' g''' g''' g'''>64 
                                                                                                             |
/tmp/bench_out/beethoven-5.ly:98:38: warning: barcheck failed at: 17/32
    <c'' c'' g g a d' a' d' f' f'>64 
                                     |
/tmp/bench_out/beethoven-5.ly:18:21: warning: barcheck failed at: 9/16
    d4 e'64 d4 a'64 
                    |
/tmp/bench_out/beethoven-5.ly:203:58: warning: barcheck failed at: 37/64
    <e'' f' c'' c'' e'' f' f'>16 a'16 <f''' g''' g'''>16 
                                                         |
/tmp/bench_out/beethoven-5.ly:169:67: warning: barcheck failed at: 39/64
    <a a a' d g b' e' d'' g' e'' c'' d'' f' f'' b' d'>8 d''4 d''4 
                                                                  |
/tmp/bench_out/beethoven-5.ly:278:130: warning: barcheck failed at: 5/8
    <c''' g'' b'' b'' b'' b'' b'' b'' c''' b'' a'' a'' a'' a'' a'' a'' c''' g'' g'' g'' g'' c''' c'' e'' c'' e'' e'' f'' a' f'>8 
                                                                                                                                 |
/tmp/bench_out/beethoven-5.ly:170:78: warning: barcheck failed at: 41/64
    <c'' a a d' c' a c' c' c' c' c' b b b d' a' d' a e' a a b b b b a d d>32 
                                                                             |
/tmp/bench_out/beethoven-5.ly:204:12: warning: barcheck failed at: 41/64
    g'''16 
           |
/tmp/bench_out/beethoven-5.ly:148:9: warning: barcheck failed at: 43/64
    a'4 
        |
/tmp/bench_out/beethoven-5.ly:279:17: warning: barcheck failed at: 43/64
    b'64 f'''32 
                |
/tmp/bench_out/beethoven-5.ly:280:15: warning: barcheck failed at: 11/16
    <a' a'>64 
              |
/tmp/bench_out/beethoven-5.ly:19:28: warning: barcheck failed at: 45/64
    c''16 d''16 <c'' a'>64 
                           |
/tmp/bench_out/beethoven-5.ly:69:68: warning: barcheck failed at: 45/64
    f''2 g''2 a''64 a''64 a''64 f''32 g''64 e''16 f''32 d''32 e''8 
                                                                   |
/tmp/bench_out/beethoven-5.ly:20:144: warning: barcheck failed at: 23/32
    <g''' g''' c'' f'' g'' f''' g'' f''' f''' b'' a'' c''' c''' b'' f''' c''' f' b'' b'' a'' d''' e''' f''' e''' e''' d''' d''' a'' a'' g''>64 
                                                                                                                                               |
/tmp/bench_out/beethoven-5.ly:21:108: warning: barcheck failed at: 47/64
    <c''' g''' e''' g'' g'' g'' a'' a'' g' b'' d''' a' b'' d'' a'' g'' f' b'' e'' e'' e''' c'' e''' e''>64 
                                                                                                           |
/tmp/bench_out/beethoven-5.ly:70:11: warning: barcheck failed at: 49/64
    f''16 
          |
/tmp/bench_out/beethoven-5.ly:99:56: warning: barcheck failed at: 13/16
    <d''' g'''>8 <g''' g'''>64 <d'' f'>8 <g''' c'''>64 
                                                       |
/tmp/bench_out/beethoven-5.ly:71:16: warning: barcheck failed at: 57/64
    g'''16 d16 
               |
/tmp/bench_out/beethoven-5.ly:205:52: warning: barcheck failed at: 1/64
    <e''' f''' e''' f''' e''' g''' f' c'' a'>4 f'8 
                                                   |
/tmp/bench_out/beethoven-5.ly:255:104: warning: barcheck failed at: 5/64
    <e''' e''' e''' c''' e''' c''' a'' a'' b'' a'' b'' a'' b'' g'' e'' c'' c'' f'' d' b' g' d f' f'>64 
                                                                                                       |
/tmp/bench_out/beethoven-5.ly:100:143: warning: barcheck failed at: 3/32
    <c'' e'' f' f' d' d' c' f' c' c' c' d d'>64 <f''' f''' g''' g'''>64 <d' d' d' d a d e c' a c' c' a c' a a b b g e e f f f f f f f g g e>4 
                                                                                                                                              |
/tmp/bench_out/beethoven-5.ly:101:12: warning: barcheck failed at: 7/64
    g'''64 
           |
/tmp/bench_out/beethoven-5.ly:78:18: warning: barcheck failed at: 1/8
    r1 e'8 r1 r1 
                 |
/tmp/bench_out/beethoven-5.ly:206:60: warning: barcheck failed at: 9/64
    <g''' g'''>16 <g''' g''' e'' e'' f' a' e'' f' a' f'>16 
                                                           |
/tmp/bench_out/beethoven-5.ly:79:44: warning: barcheck failed at: 5/32
    <a' f' g' a' a' g'' f' f' f' g'' a'>32 
                                           |
/tmp/bench_out/beethoven-5.ly:207:10: warning: barcheck failed at: 5/32
    g'64 
         |
/tmp/bench_out/beethoven-5.ly:208:38: warning: barcheck failed at: 13/64
    <g''' f' f' e''>64 f'''64 f'''64 
                                     |
/tmp/bench_out/beethoven-5.ly:209:97: warning: barcheck failed at: 17/64
    g'''64 f''32 <g''' g''' f'' f''' c' a' g f'' f e' e' d'' g' b' e e g' e d g' e f' b' e''>64 
                                                                                                |
/tmp/bench_out/beethoven-5.ly:256:57: warning: barcheck failed at: 17/64
    <g''' g''' c' c' d' f e e e d e d' d d d' a'>8 a'16 
                                                        |
/tmp/bench_out/beethoven-5.ly:22:189: warning: barcheck failed at: 31/64
    d4 d4 <g''' f''' e''' e''' e''' e''' d''' c''' f''' a'' f''' d''' f''' c''' a'' a'' c''' c''' c'' c'' e'' g'' g''' a'' b'' a'' e'' d'' a' b'' b'' g'' b'' g'' a' f' g' f'' e' g'' d''>4 
                                                                                                                                                                                            |
/tmp/bench_out/beethoven-5.ly:130:10: warning: barcheck failed at: 41/64
    c''4 
         |
/tmp/bench_out/beethoven-5.ly:257:167: warning: barcheck failed at: 41/64
    <c''' f''' a'' a'' f'' b' f''' c''' c''' a'' g''' f'' g'' c''' d'' g' a' b' c'' b'' c'' a'' c''' b' b'' b'' b'' d''' g'' g''' c'' c''' f' d e'' g>8 a'8 <b' c''>8 
                                                                                                                                                                      |
/tmp/bench_out/beethoven-5.ly:172:132: warning: barcheck failed at: 11/16
    <d c'' c'' d' f' a' d'>64 e'''64 <b g' c' e a' e c' g c' e'' g' a' d'' b' d g c'' f f c'' d' e'' f f g d' g f g f b' f f' e>64 
                                                                                                                                   |
/tmp/bench_out/beethoven-5.ly:173:52: warning: barcheck failed at: 45/64
    <g''' g''' f''' a a b a b a g a a b a g c''>64 
                                                   |
/tmp/bench_out/beethoven-5.ly:258:83: warning: barcheck failed at: 45/64
    <g''' g''' b' e''' g'' f''' f''' e''' g' e''' a' d' d f' d d>32 <g''' g'''>32 
                                                                                  |
/tmp/bench_out/beethoven-5.ly:49:8: warning: barcheck failed at: 23/32
    d4 
       |
/tmp/bench_out/beethoven-5.ly:23:26: warning: barcheck failed at: 47/64
    <g''' f' c'' f' f'>4 
                         |
/tmp/bench_out/beethoven-5.ly:72:29: warning: barcheck failed at: 49/64
    <d g'''>4 d''4 d8 g'''4 
                            |
/tmp/bench_out/beethoven-5.ly:50:68: warning: barcheck failed at: 31/32
    <g''' d d f''' f' g''' g''' a'' g'' g''>8 <f'' g''' f'' g'''>8 
                                                                   |
/tmp/bench_out/beethoven-5.ly:150:21: warning: barcheck failed at: 63/64
    <b' c''>4 d''16 
                    |
/tmp/bench_out/beethoven-5.ly:113:31: warning: barcheck failed at: 1/32
    <g''' a'' a'' d''' a''>16 
                              |
/tmp/bench_out/beethoven-5.ly:259:13: warning: barcheck failed at: 13/64
    f'4 g'4 
            |
/tmp/bench_out/beethoven-5.ly:114:48: warning: barcheck failed at: 9/32
    <a a g g g g g a g g f d' d' f a d' c' f>4 
                                               |
/tmp/bench_out/beethoven-5.ly:58:70: warning: barcheck failed at: 9/16
    <d'' d>2 e2 c''2 <f f''>16 <f'' f>8 <f'' f>8 d''8 e8 r1 d''8 b'8 
                                                                     |
/tmp/bench_out/beethoven-5.ly:59:12: warning: barcheck failed at: 19/32
    g'''32 
           |
/tmp/bench_out/beethoven-5.ly:260:98: warning: barcheck failed at: 19/32
    <d e e>64 b'16 g'''4 <f''' f''' f''' g''' f''' g''' d f f e e g d e' a' f' e f e d f f f'>16 
                                                                                                 |
/tmp/bench_out/beethoven-5.ly:261:37: warning: barcheck failed at: 43/64
    g'''64 g'''64 d''64 b'64 g'''64 
                                    |
/tmp/bench_out/beethoven-5.ly:262:58: warning: barcheck failed at: 45/64
    <d' a' e'' e''' d''' b'' d''' b'' b'' f'''>64 g'''64 
                                                         |
/tmp/bench_out/beethoven-5.ly:151:61: warning: barcheck failed at: 47/64
    g'''8 f'''8 <f'' e''>8 g'''8 <a'' f'>8 <f'' f''' f'''>8 
                                                            |
/tmp/bench_out/beethoven-5.ly:263:12: warning: barcheck failed at: 47/64
    g'''32 
           |
/tmp/bench_out/beethoven-5.ly:132:53: warning: barcheck failed at: 57/64
    <e''' d''' d''' d''' d''' e''' d''' e''' e'''>4 
                                                    |
/tmp/bench_out/beethoven-5.ly:36:157: warning: barcheck failed at: 1/32
    r1 b'8 d''4 f''8 g''32 b''64 g''32 b''32 g''16 <e b''>16 g''16 <a'' e>64 g''64 <c''' f>64 <b'' e>32 g''16 f''16 <b'' e>64 g''16 f''64 e''64 g''32 f''64 
                                                                                                                                                            |
/tmp/bench_out/beethoven-5.ly:80:17: warning: barcheck failed at: 9/32
    e'8 d''1 r1 
                |
/tmp/bench_out/beethoven-5.ly:60:39: warning: barcheck failed at: 11/32
    g'''4 <g''' g'''>8 g'''8 d8 g'''8 
                                      |
/tmp/bench_out/beethoven-5.ly:115:29: warning: barcheck failed at: 17/32
    b'16 a'16 c''16 b'16 e1 
                            |
/tmp/bench_out/beethoven-5.ly:116:196: warning: barcheck failed at: 25/32
    c''16 <g'' g''' e''' e''' e''' e''' e''' f''' d''' d''' f''' d''' d''' d''' d''' c''' g''' f''' e''' e''' f''' f''' f''' c''' a f f g f f f a f a f a' a e e e e e d g g g g g a>16 <c'' c''>8 
                                                                                                                                                                                                   |
/tmp/bench_out/beethoven-5.ly:26:17: warning: barcheck failed at: 51/64
    <e'' f''>16 
                |
/tmp/bench_out/beethoven-5.ly:153:14: warning: barcheck failed at: 57/64
    f'8 e'32 
             |
/tmp/bench_out/beethoven-5.ly:154:149: warning: barcheck failed at: 61/64
    <f'' f'' c''>64 g64 d'64 <c''' b'' b'' g' f''' e'' b'' a' b'' g' a'' f'' f' a'' a'' a'' g'' f' e'' e' g'' g'' g'' f' g'' g'' f'' b'' a' g'''>64 
                                                                                                                                                    |
/tmp/bench_out/beethoven-5.ly:133:11: warning: barcheck failed at: 1/64
    d1 e8 
          |
/tmp/bench_out/beethoven-5.ly:155:265: warning: barcheck failed at: 1/64
    g'''64 d''64 <e'' a'>64 <g''' g''' f''' c''' c''' c''' d''' d''' e''' c''' g'' g'' g'' c' d' a'' d' a'' e''' g' e''' e''' e''' e' a'' c' a f'' f''' a'' a' b' b b g'' e'' a g'' d''' a g'' d' d'' g' e' e' e'' g'' f' f' f' b'' e''' c' b c' d'' b b c' b b f' a>64 
                                                                                                                                                                                                                                                                        |
/tmp/bench_out/beethoven-5.ly:27:11: warning: barcheck failed at: 3/64
    g'''4 
          |
/tmp/bench_out/beethoven-5.ly:134:71: warning: barcheck failed at: 7/64
    e''16 <b'' b'' g''' g'' a'' e'' g'' g'' a' e'' g''' c'' c'' a'>32 
                                                                      |
/tmp/bench_out/beethoven-5.ly:135:9: warning: barcheck failed at: 9/64
    f32 
        |
/tmp/bench_out/beethoven-5.ly:61:60: warning: barcheck failed at: 7/32
    <d g'''>4 g'''8 g'''8 <a' a'>8 <g''' g''' f''' a' f'>4 
                                                           |
/tmp/bench_out/beethoven-5.ly:136:117: warning: barcheck failed at: 15/64
    d32 <g''' g''' a'' a'' e'' e'' d d d>64 <c'' c''>32 <f' g f' g e'' g d g d f f f f f e a d e'' e e e e e f e>64 
                                                                                                                    |
/tmp/bench_out/beethoven-5.ly:117:33: warning: barcheck failed at: 1/4
    <f'' d''>4 b'16 g''32 g'''8 
                                |
/tmp/bench_out/beethoven-5.ly:137:166: warning: barcheck failed at: 17/64
    e''64 <g''' f'' g'' b'' b'' e''' b'' c''' c''' c''' d''' d''' d''' e'' a'' a'' f'' a'' b'' e''' f'' g'' e''' a b b c' a e e e c' c' c' e b e c' b d f f e e f>64 
                                                                                                                                                                     |
/tmp/bench_out/beethoven-5.ly:118:157: warning: barcheck failed at: 11/32
    c''64 a''64 <f' f'>64 <g''' g''' f'' d''' e e a' e g'' a' c'' d' a' f c' d' c'' c' f f b f c' g g c' c' b' g a d' b>64 <g''' e'' e'' f''' g''' d' d'>32 
                                                                                                                                                            |
/tmp/bench_out/beethoven-5.ly:119:83: warning: barcheck failed at: 23/64
    <g''' g''' f' d'' e'' d'' g'' c'' a' b b b d e f f f b g g e a a e e g e a>64 
                                                                                  |
/tmp/bench_out/beethoven-5.ly:28:74: warning: barcheck failed at: 35/64
    <g''' g'''>4 <g g g g f f f g a a a b a b b f' d' d' f' e f' a' a'>4 
                                                                         |
/tmp/bench_out/beethoven-5.ly:83:29: warning: barcheck failed at: 17/32
    g'''8 <g''' g''' f'''>8 
                            |
/tmp/bench_out/beethoven-5.ly:39:190: warning: barcheck failed at: 25/32
    <d d'' b' c'' e'' c'' e''>4 <g''' f''' f''' f''' g''' d' d e'' d' e a a f a b b d' c' d' a b b b c' d' d c' b c' b a d' c' a d' a c' f g e e'' f' f e'' e'' d' b b b c' f>4 <e f e f e>4 
                                                                                                                                                                                             |
Preprocessing graphical objects...
Interpreting music...
warning: MIDI channel wrapped around
warning: remapping modulo 16
warning: MIDI channel wrapped around
warning: remapping modulo 16
/tmp/bench_out/beethoven-5.ly:89:29: warning: barcheck failed at: 1/32
    <a b d' b f'>64 <e d>64 
                            |
/tmp/bench_out/beethoven-5.ly:90:28: warning: barcheck failed at: 5/64
    <f f a d d d'>32 c''64 
                           |
/tmp/bench_out/beethoven-5.ly:91:93: warning: barcheck failed at: 3/32
    <g' b' e' a' a' c'' c' d' c' b c' b e c' a b e a a g f g f g e f' a' f' d' d f' d d'>64 
                                                                                            |
/tmp/bench_out/beethoven-5.ly:215:92: warning: barcheck failed at: 3/32
    <e d''' b'' g''' a' a'' e a' a'' e' f'' d'' d'' f'''>32 <a' b'>64 d'64 d''64 <a' a'>64 
                                                                                           |
/tmp/bench_out/beethoven-5.ly:125:34: warning: barcheck failed at: 9/64
    <g''' a e f d>8 <a' a' c'>64 
                                 |
/tmp/bench_out/beethoven-5.ly:143:46: warning: barcheck failed at: 9/64
    <g''' g'' c''' f''' b' b' c'' f>8 e'''64 
                                             |
/tmp/bench_out/beethoven-5.ly:144:81: warning: barcheck failed at: 11/64
    <g'' g'' g'' e'' g'' g'' g'' f''' g'' f'' d'' a' b' f' d'' f'' g''' g'''>32 
                                                                                |
/tmp/bench_out/beethoven-5.ly:56:51: warning: barcheck failed at: 1/4
    <e f''>64 <f'' e>64 <e f''>64 d''16 e64 f'''8 
                                                  |
/tmp/bench_out/beethoven-5.ly:216:73: warning: barcheck failed at: 11/32
    <e' e'' b' a' c'' b c'' f' c'' f e e f f g g a' b a' e e c' d e''>4 
                                                                        |
/tmp/bench_out/beethoven-5.ly:217:34: warning: barcheck failed at: 3/8
    <e'' a' c'' c'' f' e'' f'>32 
                                 |
/tmp/bench_out/beethoven-5.ly:145:31: warning: barcheck failed at: 27/64
    g'''8 <c'' d''' a' d'''>8 
                              |
/tmp/bench_out/beethoven-5.ly:179:56: warning: barcheck failed at: 27/64
    <a'' b'' d'' d'' e' g'''>4 g'64 e'''64 g'''8 c''64 
                                                       |
/tmp/bench_out/beethoven-5.ly:218:41: warning: barcheck failed at: 7/16
    <g' c'' e'' e' c'' a' b b e'' g'>16 
                                        |
/tmp/bench_out/beethoven-5.ly:161:64: warning: barcheck failed at: 31/64
    <g''' d''' f''' d''' f''' a g d>8 d16 <g' a' b'>32 d'64 r4 
                                                               |
/tmp/bench_out/beethoven-5.ly:180:204: warning: barcheck failed at: 31/64
    <c''' g''' d d''' a'' d''' g'' c' e c' a'' c' a'' b g'' b'' e d''' e d' d b'' g'' g''' f' c'' a' e'' g'' b'' f' d'' d' b a e'' b f'' a' a a f' g e'' g g e' e''' f b' f' e''' f e c'' g'' e''>32 c''32 
                                                                                                                                                                                                           |
/tmp/bench_out/beethoven-5.ly:107:58: warning: barcheck failed at: 1/2
    <e''' d''' g''' g''' f f'''>4 a'16 g'''8 <a'' a''>16 
                                                         |
/tmp/bench_out/beethoven-5.ly:197:38: warning: barcheck failed at: 1/2
    <g''' f''' c''' a d' e e'>4 d''4 
                                     |
/tmp/bench_out/beethoven-5.ly:269:44: warning: barcheck failed at: 1/2
    <f''' c''' e''' b' f'' d'' g'''>4 d''4 
                                           |
/tmp/bench_out/beethoven-5.ly:162:43: warning: barcheck failed at: 39/64
    <b c'' a' e'' f f' b f c' c' d f' f>8 
                                          |
/tmp/bench_out/beethoven-5.ly:181:54: warning: barcheck failed at: 39/64
    <g''' g''' g'' g'' a'' g'' a'' a'' b'' g'' c''>8 
                                                     |
/tmp/bench_out/beethoven-5.ly:219:20: warning: barcheck failed at: 11/16
    <e'' f'' e''>4 
                   |
/tmp/bench_out/beethoven-5.ly:233:85: warning: barcheck failed at: 23/32
    <g''' a'' a'' b'' g'' d'' e''' g'' b'' e f''' f>4 <a' a' b'>8 g'''16 a'4 g'''32 
                                                                                    |
/tmp/bench_out/beethoven-5.ly:198:82: warning: barcheck failed at: 3/4
    <g''' g'' g''' g'' f''' g'' f' e'' e'' a' c'' e'' f' a' c'' a' c'' e'' f''>4 
                                                                                 |
/tmp/bench_out/beethoven-5.ly:270:10: warning: barcheck failed at: 3/4
    g''4 
         |
/tmp/bench_out/beethoven-5.ly:182:32: warning: barcheck failed at: 25/32
    f''64 <c' c'>64 g'''8 a'64 
                               |
/tmp/bench_out/beethoven-5.ly:108:111: warning: barcheck failed at: 13/16
    <e''' b'' d''' d c''' e g'' d e f e a'' a g e''' e d a' e'' e' b' f'' g' b' c'' d''>32 f''32 <g''' g'''>4 
                                                                                                              |
/tmp/bench_out/beethoven-5.ly:183:66: warning: barcheck failed at: 27/32
    <g''' c''' c''' b' g''' e'' c''' c'' e''' c'' c'' e'' d d>16 
                                                                 |
/tmp/bench_out/beethoven-5.ly:271:30: warning: barcheck failed at: 7/8
    <g''' g''' f' f'>16 a'16 
                             |
/tmp/bench_out/beethoven-5.ly:126:143: warning: barcheck failed at: 57/64
    <g''' g''' d''' d''' g''' e''' e e e g'' g'' g'' e''' g'' e g'' e e''' f g'' e g'' f c'' f f f a'' f f'' a' d e'' b' e'' f' b'>4 a'4 c''4 
                                                                                                                                              |
/tmp/bench_out/beethoven-5.ly:109:27: warning: barcheck failed at: 31/32
    <c'' c''>32 <g''' d>8 
                          |
/tmp/bench_out/beethoven-5.ly:234:200: warning: barcheck failed at: 31/32
    <f'' d'' a' b' f'' b' c'' c'' f' f''' f f a' g a b a g''' f''' e f e b g g f' e''' e''' b'' c''' b'' d''' d''' e''' c'' b f''' e c'' g'' e'' g'' g'' a'' g'' a'' a'' a'' b'' c''' c''' c''' e'''>4 
                                                                                                                                                                                                       |
/tmp/bench_out/beethoven-5.ly:67:28: warning: barcheck failed at: 3/64
    a''64 a''64 a''64 f''1 
                           |
/tmp/bench_out/beethoven-5.ly:184:45: warning: barcheck failed at: 3/32
    <g''' c'' a' e'' g'' g'' f' d' e' f d>4 
                                            |
/tmp/bench_out/beethoven-5.ly:45:49: warning: barcheck failed at: 7/64
    r1 c''64 b'64 d''64 f''64 g''64 b''64 g''64 
                                                |
/tmp/bench_out/beethoven-5.ly:163:31: warning: barcheck failed at: 7/64
    <e'' f d f d e>8 c''4 a'8 
                              |
/tmp/bench_out/beethoven-5.ly:46:15: warning: barcheck failed at: 1/8
    <a' a'>64 
              |
/tmp/bench_out/beethoven-5.ly:272:51: warning: barcheck failed at: 1/8
    <f'' g''' c'' a' e'' e'' c'' f' a' g''>8 d''8 
                                                  |
/tmp/bench_out/beethoven-5.ly:273:34: warning: barcheck failed at: 3/16
    <g''' a' b' g' c'' f' c''>16 
                                 |
/tmp/bench_out/beethoven-5.ly:93:9: warning: barcheck failed at: 7/32
    e'8 
        |
/tmp/bench_out/beethoven-5.ly:199:50: warning: barcheck failed at: 17/64
    <g''' f'' c'' a' f'>4 <a' a'>4 <g''' f'''>64 
                                                 |
/tmp/bench_out/beethoven-5.ly:94:8: warning: barcheck failed at: 11/32
    d8 
       |
/tmp/bench_out/beethoven-5.ly:235:25: warning: barcheck failed at: 11/32
    <g''' e>8 f''8 f''8 
                        |
/tmp/bench_out/beethoven-5.ly:68:23: warning: barcheck failed at: 23/64
    <e d e d>4 g'''16 
                      |
/tmp/bench_out/beethoven-5.ly:164:33: warning: barcheck failed at: 23/64
    <d e d e e e>8 <e e d d e>8 
                                |
/tmp/bench_out/beethoven-5.ly:127:26: warning: barcheck failed at: 25/64
    d4 <g' a' f' b c''>4 
                         |
/tmp/bench_out/beethoven-5.ly:185:13: warning: barcheck failed at: 13/32
    d4 f'16 
            |
/tmp/bench_out/beethoven-5.ly:220:38: warning: barcheck failed at: 7/16
    <e'' e'' f'' c''>4 f''4 <a'' d>4 
                                     |
/tmp/bench_out/beethoven-5.ly:165:60: warning: barcheck failed at: 31/64
    <c' a' f c' f' f f' c'' a' c'' f' a' d' b d' a a b d>8 
                                                           |
/tmp/bench_out/beethoven-5.ly:221:162: warning: barcheck failed at: 31/64
    <d'' g' b' e' c'' e c' e a a c' b c' a f a b f b e f e f f f e e e' d d d' d' d'' d' c' a' c' c' c' f' g f g a g g b a g a g b b b c'' c'' e'' f' c''>64 d32 
                                                                                                                                                                 |
/tmp/bench_out/beethoven-5.ly:200:40: warning: barcheck failed at: 35/64
    <g'' e'' a' e'' a' g'' e'>4 g'''32 
                                       |
/tmp/bench_out/beethoven-5.ly:222:45: warning: barcheck failed at: 35/64
    <g g e'' d'' c'' d d>64 f'64 c''64 a'64 
                                            |
/tmp/bench_out/beethoven-5.ly:223:33: warning: barcheck failed at: 19/32
    b'64 <g' a' c'' a'>64 g''64 
                                |
/tmp/bench_out/beethoven-5.ly:166:67: warning: barcheck failed at: 39/64
    <e'' f'' d' a' c' c' a' f' c'' e'' a d' g f d d g d e f d f>8 
                                                                  |
/tmp/bench_out/beethoven-5.ly:224:92: warning: barcheck failed at: 5/8
    a64 <a' f' c'' b' d e b b b b b a a g a a g g a g g g c'' f f f f f f f e e c' c' e>64 
                                                                                           |
/tmp/bench_out/beethoven-5.ly:225:15: warning: barcheck failed at: 41/64
    <f' e'>64 
              |
/tmp/bench_out/beethoven-5.ly:226:20: warning: barcheck failed at: 21/32
    <e' d'' c''>64 
                   |
/tmp/bench_out/beethoven-5.ly:227:25: warning: barcheck failed at: 43/64
    <e''' e''' b' e'>64 
                        |
/tmp/bench_out/beethoven-5.ly:274:47: warning: barcheck failed at: 11/16
    <g''' f''' c''' g''' f'' f'>4 <b' a' b'>4 
                                              |
/tmp/bench_out/beethoven-5.ly:251:53: warning: barcheck failed at: 3/4
    <f'' g''' d'' e'' b'' a e'>4 <f' e''>4 g'''4 r1 
                                                    |
/tmp/bench_out/beethoven-5.ly:252:29: warning: barcheck failed at: 13/16
    <g'' g''' g''' f' f'>16 
                            |
/tmp/bench_out/beethoven-5.ly:95:24: warning: barcheck failed at: 27/32
    d8 d8 <c'' a e e>4 
                       |
/tmp/bench_out/beethoven-5.ly:186:26: warning: barcheck failed at: 27/32
    d4 <g''' g'''>8 a'16 
                         |
/tmp/bench_out/beethoven-5.ly:236:114: warning: barcheck failed at: 27/32
    <g''' f''' c'' f' e' c'' e''' c'' d'' e'' e'' a' a' c'' f' a' d' c' e'' g b b a g g a a f f e e e d d>4 f''4 
                                                                                                                 |
/tmp/bench_out/beethoven-5.ly:167:15: warning: barcheck failed at: 55/64
    <d e>8 d8 
              |
/tmp/bench_out/beethoven-5.ly:34:60: warning: barcheck failed at: 7/8
    r1 c''16 a'8 b'8 c''8 <d' e''>16 f''8 g''8 a''16 g''16 
                                                           |
/tmp/bench_out/beethoven-5.ly:201:75: warning: barcheck failed at: 57/64
    <g''' b'' f'' g'' g'' a'' d'' g'' g'' e'' e'' c'' a' g'>4 g'''16 b'32 
                                                                          |
/tmp/bench_out/beethoven-5.ly:275:43: warning: barcheck failed at: 15/16
    <c'' a' g'' f'' c'' g' f' e''' d'''>4 
                                          |
/tmp/bench_out/beethoven-5.ly:168:16: warning: barcheck failed at: 63/64
    <e d e e>8 
               |
/tmp/bench_out/beethoven-5.ly:17:17: warning: barcheck failed at: 1/32
    f'64 c'''64 
                |
/tmp/bench_out/beethoven-5.ly:187:90: warning: barcheck failed at: 1/32
    <a'' b'' c''' b'' c''' c''' d''' c' c' a'' b e''' g''' g'' a' b a b e g a d>16 g'''8 
                                                                                         |
/tmp/bench_out/beethoven-5.ly:253:130: warning: barcheck failed at: 1/16
    <a'' e''' e''' c''' c''' c''' b'' c''' d''' c''' c''' g''' a'' f''' f''' g''' a'' g'' g'' c'' c'' e'' f' a' f' e'' d d d e>4 
                                                                                                                                 |
/tmp/bench_out/beethoven-5.ly:237:24: warning: barcheck failed at: 1/8
    <e'' d d e>4 f''32 
                       |
/tmp/bench_out/beethoven-5.ly:188:151: warning: barcheck failed at: 5/32
    c''16 <d''' d''' d''' d''' c''' c''' c''' c''' c''' b'' b'' e''' b'' e''' a'' b'' d''' d''' b'' e''' b'' f''' e''' e'' e'' c'' e'' c' c' b b d>16 
                                                                                                                                                      |
/tmp/bench_out/beethoven-5.ly:189:12: warning: barcheck failed at: 11/64
    g'''64 
           |
/tmp/bench_out/beethoven-5.ly:96:73: warning: barcheck failed at: 3/16
    a''32 <a'' a'' g''>64 <d'' e'' e'' g'''>64 a''64 g'''64 <c'' a' e>4 
                                                                        |
/tmp/bench_out/beethoven-5.ly:238:47: warning: barcheck failed at: 3/16
    <g''' e' f' c'' e'' c'' a' g' d' d' d'>16 
                                              |
/tmp/bench_out/beethoven-5.ly:190:137: warning: barcheck failed at: 7/32
    c'64 <d' d' g''' e'''>64 <c''' b'' e'' g''' b'' a'' e'' b'' d'' f'' d'' e''' f'' d'' d''' d''' a'' g'' g'' e''' g'' d''' a'' a''>64 
                                                                                                                                        |
/tmp/bench_out/beethoven-5.ly:239:257: warning: barcheck failed at: 7/32
    <a f' g''' g'' g'' f' a c' g''' f''' e''' f''' g'' e''' f''' f''' d''' d''' e''' e''' f''' e''' d''' d''' e''' e''' c''' b'' d''' b'' d''' b'' b'' a'' a'' c''' a'' c''' c''' a'' c''' c''' b'' c''' a'' b'' a'' e f''' g'' g a d' f g c' e e e d'>64 a''64 
                                                                                                                                                                                                                                                                |
/tmp/bench_out/beethoven-5.ly:191:109: warning: barcheck failed at: 15/64
    <g''' c''' f''' e''' e''' d''' c''' g''' d''' f'' f''' a'' a'' a'' b'' b'' b'' c''' d''' f'' f'' g''>64 
                                                                                                            |
/tmp/bench_out/beethoven-5.ly:240:57: warning: barcheck failed at: 1/4
    <g''' c''' c''' g''' d'' c''' f'' g' b c' d>64 a'64 
                                                        |
/tmp/bench_out/beethoven-5.ly:241:33: warning: barcheck failed at: 5/16
    <a' b'>64 f'''64 b'64 e''64 
                                |
/tmp/bench_out/beethoven-5.ly:242:238: warning: barcheck failed at: 3/8
    d'''64 a64 g'''64 <g''' g'' f''' c'' e''' d''' d''' d''' b'' c''' d''' b'' b'' c''' b'' c''' f''' d''' d''' b'' b'' c''' e''' c''' c''' c''' e''' b'' e''' e''' e''' f'' a'' e'' g'' f''' f''' a'' g'' g''' e'' f''' a'' a'' c'' d' d>64 
                                                                                                                                                                                                                                             |
/tmp/bench_out/beethoven-5.ly:202:57: warning: barcheck failed at: 25/64
    <g''' f'' b'' c''' e'' c'' a' c'' a' a' f' f'>4 a'4 
                                                        |
/tmp/bench_out/beethoven-5.ly:243:25: warning: barcheck failed at: 13/32
    <g' e' a'>64 g'''64 
                        |
/tmp/bench_out/beethoven-5.ly:244:47: warning: barcheck failed at: 27/64
    <d b' e' d'' e' b' b' d'' c'' g''' e''>64 
                                              |
/tmp/bench_out/beethoven-5.ly:245:41: warning: barcheck failed at: 29/64
    d64 <g''' c' c' c' c' b b c' b b>64 
                                        |
/tmp/bench_out/beethoven-5.ly:47:140: warning: barcheck failed at: 15/32
    r1 b'64 d''64 f''64 g''64 b''64 g''64 b''64 g''64 b''64 g''64 b''64 g''64 c'''64 b''64 a''64 g''64 b''64 a''64 g''64 f''64 a''64 g''64 
                                                                                                                                           |
/tmp/bench_out/beethoven-5.ly:277:15: warning: barcheck failed at: 1/2
    d''4 e''4 
              |
/tmp/bench_out/beethoven-5.ly:97:110: warning: barcheck failed at: 33/64
    <g''' g''' g'''>64 <g''' f''' g''' f''' f'''>64 d'''64 d4 <g''' g'''>64 <g''' f''' a'' g''' g''' g'''>64 
                                                                                                             |
/tmp/bench_out/beethoven-5.ly:98:38: warning: barcheck failed at: 17/32
    <c'' c'' g g a d' a' d' f' f'>64 
                                     |
/tmp/bench_out/beethoven-5.ly:18:21: warning: barcheck failed at: 9/16
    d4 e'64 d4 a'64 
                    |
/tmp/bench_out/beethoven-5.ly:203:58: warning: barcheck failed at: 37/64
    <e'' f' c'' c'' e'' f' f'>16 a'16 <f''' g''' g'''>16 
                                                         |
/tmp/bench_out/beethoven-5.ly:169:67: warning: barcheck failed at: 39/64
    <a a a' d g b' e' d'' g' e'' c'' d'' f' f'' b' d'>8 d''4 d''4 
                                                                  |
/tmp/bench_out/beethoven-5.ly:278:130: warning: barcheck failed at: 5/8
    <c''' g'' b'' b'' b'' b'' b'' b'' c''' b'' a'' a'' a'' a'' a'' a'' c''' g'' g'' g'' g'' c''' c'' e'' c'' e'' e'' f'' a' f'>8 
                                                                                                                                 |
/tmp/bench_out/beethoven-5.ly:170:78: warning: barcheck failed at: 41/64
    <c'' a a d' c' a c' c' c' c' c' b b b d' a' d' a e' a a b b b b a d d>32 
                                                                             |
/tmp/bench_out/beethoven-5.ly:204:12: warning: barcheck failed at: 41/64
    g'''16 
           |
/tmp/bench_out/beethoven-5.ly:148:9: warning: barcheck failed at: 43/64
    a'4 
        |
/tmp/bench_out/beethoven-5.ly:279:17: warning: barcheck failed at: 43/64
    b'64 f'''32 
                |
/tmp/bench_out/beethoven-5.ly:280:15: warning: barcheck failed at: 11/16
    <a' a'>64 
              |
/tmp/bench_out/beethoven-5.ly:19:28: warning: barcheck failed at: 45/64
    c''16 d''16 <c'' a'>64 
                           |
/tmp/bench_out/beethoven-5.ly:69:68: warning: barcheck failed at: 45/64
    f''2 g''2 a''64 a''64 a''64 f''32 g''64 e''16 f''32 d''32 e''8 
                                                                   |
/tmp/bench_out/beethoven-5.ly:20:144: warning: barcheck failed at: 23/32
    <g''' g''' c'' f'' g'' f''' g'' f''' f''' b'' a'' c''' c''' b'' f''' c''' f' b'' b'' a'' d''' e''' f''' e''' e''' d''' d''' a'' a'' g''>64 
                                                                                                                                               |
/tmp/bench_out/beethoven-5.ly:21:108: warning: barcheck failed at: 47/64
    <c''' g''' e''' g'' g'' g'' a'' a'' g' b'' d''' a' b'' d'' a'' g'' f' b'' e'' e'' e''' c'' e''' e''>64 
                                                                                                           |
/tmp/bench_out/beethoven-5.ly:70:11: warning: barcheck failed at: 49/64
    f''16 
          |
/tmp/bench_out/beethoven-5.ly:99:56: warning: barcheck failed at: 13/16
    <d''' g'''>8 <g''' g'''>64 <d'' f'>8 <g''' c'''>64 
                                                       |
/tmp/bench_out/beethoven-5.ly:71:16: warning: barcheck failed at: 57/64
    g'''16 d16 
               |
/tmp/bench_out/beethoven-5.ly:205:52: warning: barcheck failed at: 1/64
    <e''' f''' e''' f''' e''' g''' f' c'' a'>4 f'8 
                                                   |
/tmp/bench_out/beethoven-5.ly:255:104: warning: barcheck failed at: 5/64
    <e''' e''' e''' c''' e''' c''' a'' a'' b'' a'' b'' a'' b'' g'' e'' c'' c'' f'' d' b' g' d f' f'>64 
                                                                                                       |
/tmp/bench_out/beethoven-5.ly:100:143: warning: barcheck failed at: 3/32
    <c'' e'' f' f' d' d' c' f' c' c' c' d d'>64 <f''' f''' g''' g'''>64 <d' d' d' d a d e c' a c' c' a c' a a b b g e e f f f f f f f g g e>4 
                                                                                                                                              |
/tmp/bench_out/beethoven-5.ly:101:12: warning: barcheck failed at: 7/64
    g'''64 
           |
/tmp/bench_out/beethoven-5.ly:78:18: warning: barcheck failed at: 1/8
    r1 e'8 r1 r1 
                 |
/tmp/bench_out/beethoven-5.ly:206:60: warning: barcheck failed at: 9/64
    <g''' g'''>16 <g''' g''' e'' e'' f' a' e'' f' a' f'>16 
                                                           |
/tmp/bench_out/beethoven-5.ly:79:44: warning: barcheck failed at: 5/32
    <a' f' g' a' a' g'' f' f' f' g'' a'>32 
                                           |
/tmp/bench_out/beethoven-5.ly:207:10: warning: barcheck failed at: 5/32
    g'64 
         |
/tmp/bench_out/beethoven-5.ly:208:38: warning: barcheck failed at: 13/64
    <g''' f' f' e''>64 f'''64 f'''64 
                                     |
/tmp/bench_out/beethoven-5.ly:209:97: warning: barcheck failed at: 17/64
    g'''64 f''32 <g''' g''' f'' f''' c' a' g f'' f e' e' d'' g' b' e e g' e d g' e f' b' e''>64 
                                                                                                |
/tmp/bench_out/beethoven-5.ly:256:57: warning: barcheck failed at: 17/64
    <g''' g''' c' c' d' f e e e d e d' d d d' a'>8 a'16 
                                                        |
/tmp/bench_out/beethoven-5.ly:22:189: warning: barcheck failed at: 31/64
    d4 d4 <g''' f''' e''' e''' e''' e''' d''' c''' f''' a'' f''' d''' f''' c''' a'' a'' c''' c''' c'' c'' e'' g'' g''' a'' b'' a'' e'' d'' a' b'' b'' g'' b'' g'' a' f' g' f'' e' g'' d''>4 
                                                                                                                                                                                            |
/tmp/bench_out/beethoven-5.ly:130:10: warning: barcheck failed at: 41/64
    c''4 
         |
/tmp/bench_out/beethoven-5.ly:257:167: warning: barcheck failed at: 41/64
    <c''' f''' a'' a'' f'' b' f''' c''' c''' a'' g''' f'' g'' c''' d'' g' a' b' c'' b'' c'' a'' c''' b' b'' b'' b'' d''' g'' g''' c'' c''' f' d e'' g>8 a'8 <b' c''>8 
                                                                                                                                                                      |
/tmp/bench_out/beethoven-5.ly:172:132: warning: barcheck failed at: 11/16
    <d c'' c'' d' f' a' d'>64 e'''64 <b g' c' e a' e c' g c' e'' g' a' d'' b' d g c'' f f c'' d' e'' f f g d' g f g f b' f f' e>64 
                                                                                                                                   |
/tmp/bench_out/beethoven-5.ly:173:52: warning: barcheck failed at: 45/64
    <g''' g''' f''' a a b a b a g a a b a g c''>64 
                                                   |
/tmp/bench_out/beethoven-5.ly:258:83: warning: barcheck failed at: 45/64
    <g''' g''' b' e''' g'' f''' f''' e''' g' e''' a' d' d f' d d>32 <g''' g'''>32 
                                                                                  |
/tmp/bench_out/beethoven-5.ly:49:8: warning: barcheck failed at: 23/32
    d4 
       |
/tmp/bench_out/beethoven-5.ly:23:26: warning: barcheck failed at: 47/64
    <g''' f' c'' f' f'>4 
                         |
/tmp/bench_out/beethoven-5.ly:72:29: warning: barcheck failed at: 49/64
    <d g'''>4 d''4 d8 g'''4 
                            |
/tmp/bench_out/beethoven-5.ly:50:68: warning: barcheck failed at: 31/32
    <g''' d d f''' f' g''' g''' a'' g'' g''>8 <f'' g''' f'' g'''>8 
                                                                   |
/tmp/bench_out/beethoven-5.ly:150:21: warning: barcheck failed at: 63/64
    <b' c''>4 d''16 
                    |
/tmp/bench_out/beethoven-5.ly:113:31: warning: barcheck failed at: 1/32
    <g''' a'' a'' d''' a''>16 
                              |
/tmp/bench_out/beethoven-5.ly:259:13: warning: barcheck failed at: 13/64
    f'4 g'4 
            |
/tmp/bench_out/beethoven-5.ly:114:48: warning: barcheck failed at: 9/32
    <a a g g g g g a g g f d' d' f a d' c' f>4 
                                               |
/tmp/bench_out/beethoven-5.ly:58:70: warning: barcheck failed at: 9/16
    <d'' d>2 e2 c''2 <f f''>16 <f'' f>8 <f'' f>8 d''8 e8 r1 d''8 b'8 
                                                                     |
/tmp/bench_out/beethoven-5.ly:59:12: warning: barcheck failed at: 19/32
    g'''32 
           |
/tmp/bench_out/beethoven-5.ly:260:98: warning: barcheck failed at: 19/32
    <d e e>64 b'16 g'''4 <f''' f''' f''' g''' f''' g''' d f f e e g d e' a' f' e f e d f f f'>16 
                                                                                                 |
/tmp/bench_out/beethoven-5.ly:261:37: warning: barcheck failed at: 43/64
    g'''64 g'''64 d''64 b'64 g'''64 
                                    |
/tmp/bench_out/beethoven-5.ly:262:58: warning: barcheck failed at: 45/64
    <d' a' e'' e''' d''' b'' d''' b'' b'' f'''>64 g'''64 
                                                         |
/tmp/bench_out/beethoven-5.ly:151:61: warning: barcheck failed at: 47/64
    g'''8 f'''8 <f'' e''>8 g'''8 <a'' f'>8 <f'' f''' f'''>8 
                                                            |
/tmp/bench_out/beethoven-5.ly:263:12: warning: barcheck failed at: 47/64
    g'''32 
           |
/tmp/bench_out/beethoven-5.ly:132:53: warning: barcheck failed at: 57/64
    <e''' d''' d''' d''' d''' e''' d''' e''' e'''>4 
                                                    |
/tmp/bench_out/beethoven-5.ly:36:157: warning: barcheck failed at: 1/32
    r1 b'8 d''4 f''8 g''32 b''64 g''32 b''32 g''16 <e b''>16 g''16 <a'' e>64 g''64 <c''' f>64 <b'' e>32 g''16 f''16 <b'' e>64 g''16 f''64 e''64 g''32 f''64 
                                                                                                                                                            |
/tmp/bench_out/beethoven-5.ly:80:17: warning: barcheck failed at: 9/32
    e'8 d''1 r1 
                |
/tmp/bench_out/beethoven-5.ly:60:39: warning: barcheck failed at: 11/32
    g'''4 <g''' g'''>8 g'''8 d8 g'''8 
                                      |
/tmp/bench_out/beethoven-5.ly:115:29: warning: barcheck failed at: 17/32
    b'16 a'16 c''16 b'16 e1 
                            |
/tmp/bench_out/beethoven-5.ly:116:196: warning: barcheck failed at: 25/32
    c''16 <g'' g''' e''' e''' e''' e''' e''' f''' d''' d''' f''' d''' d''' d''' d''' c''' g''' f''' e''' e''' f''' f''' f''' c''' a f f g f f f a f a f a' a e e e e e d g g g g g a>16 <c'' c''>8 
                                                                                                                                                                                                   |
/tmp/bench_out/beethoven-5.ly:26:17: warning: barcheck failed at: 51/64
    <e'' f''>16 
                |
/tmp/bench_out/beethoven-5.ly:153:14: warning: barcheck failed at: 57/64
    f'8 e'32 
             |
/tmp/bench_out/beethoven-5.ly:154:149: warning: barcheck failed at: 61/64
    <f'' f'' c''>64 g64 d'64 <c''' b'' b'' g' f''' e'' b'' a' b'' g' a'' f'' f' a'' a'' a'' g'' f' e'' e' g'' g'' g'' f' g'' g'' f'' b'' a' g'''>64 
                                                                                                                                                    |
/tmp/bench_out/beethoven-5.ly:133:11: warning: barcheck failed at: 1/64
    d1 e8 
          |
/tmp/bench_out/beethoven-5.ly:155:265: warning: barcheck failed at: 1/64
    g'''64 d''64 <e'' a'>64 <g''' g''' f''' c''' c''' c''' d''' d''' e''' c''' g'' g'' g'' c' d' a'' d' a'' e''' g' e''' e''' e''' e' a'' c' a f'' f''' a'' a' b' b b g'' e'' a g'' d''' a g'' d' d'' g' e' e' e'' g'' f' f' f' b'' e''' c' b c' d'' b b c' b b f' a>64 
                                                                                                                                                                                                                                                                        |
/tmp/bench_out/beethoven-5.ly:27:11: warning: barcheck failed at: 3/64
    g'''4 
          |
/tmp/bench_out/beethoven-5.ly:134:71: warning: barcheck failed at: 7/64
    e''16 <b'' b'' g''' g'' a'' e'' g'' g'' a' e'' g''' c'' c'' a'>32 
                                                                      |
/tmp/bench_out/beethoven-5.ly:135:9: warning: barcheck failed at: 9/64
    f32 
        |
/tmp/bench_out/beethoven-5.ly:61:60: warning: barcheck failed at: 7/32
    <d g'''>4 g'''8 g'''8 <a' a'>8 <g''' g''' f''' a' f'>4 
                                                           |
/tmp/bench_out/beethoven-5.ly:136:117: warning: barcheck failed at: 15/64
    d32 <g''' g''' a'' a'' e'' e'' d d d>64 <c'' c''>32 <f' g f' g e'' g d g d f f f f f e a d e'' e e e e e f e>64 
                                                                                                                    |
/tmp/bench_out/beethoven-5.ly:117:33: warning: barcheck failed at: 1/4
    <f'' d''>4 b'16 g''32 g'''8 
                                |
/tmp/bench_out/beethoven-5.ly:137:166: warning: barcheck failed at: 17/64
    e''64 <g''' f'' g'' b'' b'' e''' b'' c''' c''' c''' d''' d''' d''' e'' a'' a'' f'' a'' b'' e''' f'' g'' e''' a b b c' a e e e c' c' c' e b e c' b d f f e e f>64 
                                                                                                                                                                     |
/tmp/bench_out/beethoven-5.ly:118:157: warning: barcheck failed at: 11/32
    c''64 a''64 <f' f'>64 <g''' g''' f'' d''' e e a' e g'' a' c'' d' a' f c' d' c'' c' f f b f c' g g c' c' b' g a d' b>64 <g''' e'' e'' f''' g''' d' d'>32 
                                                                                                                                                            |
/tmp/bench_out/beethoven-5.ly:119:83: warning: barcheck failed at: 23/64
    <g''' g''' f' d'' e'' d'' g'' c'' a' b b b d e f f f b g g e a a e e g e a>64 
                                                                                  |
/tmp/bench_out/beethoven-5.ly:28:74: warning: barcheck failed at: 35/64
    <g''' g'''>4 <g g g g f f f g a a a b a b b f' d' d' f' e f' a' a'>4 
                                                                         |
/tmp/bench_out/beethoven-5.ly:83:29: warning: barcheck failed at: 17/32
    g'''8 <g''' g''' f'''>8 
                            |
/tmp/bench_out/beethoven-5.ly:39:190: warning: barcheck failed at: 25/32
    <d d'' b' c'' e'' c'' e''>4 <g''' f''' f''' f''' g''' d' d e'' d' e a a f a b b d' c' d' a b b b c' d' d c' b c' b a d' c' a d' a c' f g e e'' f' f e'' e'' d' b b b c' f>4 <e f e f e>4 
                                                                                                                                                                                             |
MIDI output to `/tmp/bench_out/beethoven-5.midi'...
Finding the ideal number of pages...
Fitting music on 1 page...
Drawing systems...
warning: compressing over-full page by 97.8 staff-spaces
warning: page 1 has been compressed
Converting to `/tmp/bench_out/beethoven-5.pdf'...
Success: compilation successfully completed
