Processing `/tmp/bench_out/handel-leadsheet.ly'
Parsing...
Interpreting music...
/tmp/bench_out/handel-leadsheet.ly:193:14: warning: barcheck failed at: 1/16
      gis'16 
             |
/tmp/bench_out/handel-leadsheet.ly:214:47: warning: barcheck failed at: 3/32
      fis''64 a''64 b''64 a''64 a''64 cis''64 
                                              |
/tmp/bench_out/handel-leadsheet.ly:221:47: warning: barcheck failed at: 3/32
      fis''64 a''64 b''64 a''64 a''64 cis''64 
                                              |
/tmp/bench_out/handel-leadsheet.ly:64:23: warning: barcheck failed at: 11/32
      b'16 e''32 e''4 
                      |
/tmp/bench_out/handel-leadsheet.ly:78:16: warning: barcheck failed at: 3/8
      c''4 e'8 
               |
/tmp/bench_out/handel-leadsheet.ly:118:17: warning: barcheck failed at: 3/8
      r8 a'8 r8 
                |
/tmp/bench_out/handel-leadsheet.ly:194:22: warning: barcheck failed at: 7/16
      d''8 e''8 d''8 
                     |
/tmp/bench_out/handel-leadsheet.ly:57:15: warning: barcheck failed at: 1/2
      g'4 a'4 
              |
/tmp/bench_out/handel-leadsheet.ly:215:26: warning: barcheck failed at: 17/32
      r16 a''8 a''8 a''8 
                         |
/tmp/bench_out/handel-leadsheet.ly:222:26: warning: barcheck failed at: 17/32
      r16 a''8 a''8 a''8 
                         |
/tmp/bench_out/handel-leadsheet.ly:85:22: warning: barcheck failed at: 3/4
      c''4 d''4 e''4 
                     |
/tmp/bench_out/handel-leadsheet.ly:124:29: warning: barcheck failed at: 7/8
      r8 dis''4 r8 b'8 e''4 
                            |
/tmp/bench_out/handel-leadsheet.ly:134:31: warning: barcheck failed at: 7/8
    r8 fis'8 a'4 r8 gis'8 b'8 
                              |
/tmp/bench_out/handel-leadsheet.ly:200:43: warning: barcheck failed at: 1/32
      b'8 e''4 d''8 e''8.. gis''16 gis''4 
                                          |
/tmp/bench_out/handel-leadsheet.ly:142:69: warning: barcheck failed at: 1/16
    a8 gis16 fis8 fis16 a16 gis16 a16 b8 a16 gis8 gis16 b32 a32 b16 
                                                                    |
/tmp/bench_out/handel-leadsheet.ly:216:18: warning: barcheck failed at: 3/32
      r4 r16 a'4 
                 |
/tmp/bench_out/handel-leadsheet.ly:235:26: warning: barcheck failed at: 1/8
      r4 r8 e'4 gis'4 r4 
                         |
/tmp/bench_out/handel-leadsheet.ly:242:39: warning: barcheck failed at: 1/8
      gis''8 fis''8 e''8 r4 r8 r4 b'8 
                                      |
/tmp/bench_out/handel-leadsheet.ly:256:33: warning: barcheck failed at: 1/8
      e8 b'4 gis8 ais8 b8 e8 e4 
                                |
/tmp/bench_out/handel-leadsheet.ly:263:33: warning: barcheck failed at: 1/8
      e8 b'4 gis8 ais8 b8 e8 e4 
                                |
/tmp/bench_out/handel-leadsheet.ly:79:27: warning: barcheck failed at: 1/4
      fis'4 g'4 r8 fis''4 
                          |
/tmp/bench_out/handel-leadsheet.ly:223:28: warning: barcheck failed at: 11/32
      a''8 a'8 r4 r16 d''4 
                           |
/tmp/bench_out/handel-leadsheet.ly:201:22: warning: barcheck failed at: 13/32
      d''8 e''8 d''8 
                     |
/tmp/bench_out/handel-leadsheet.ly:86:30: warning: barcheck failed at: 1/2
      c''4 r8 e''8 fis'8 g'8 
                             |
/tmp/bench_out/handel-leadsheet.ly:217:17: warning: barcheck failed at: 19/32
      r8 r8 a'4 
                |
/tmp/bench_out/handel-leadsheet.ly:16:40: warning: barcheck failed at: 5/8
    r8 b'8 e''4 e''64 d''64 c''32 b'16 
                                       |
/tmp/bench_out/handel-leadsheet.ly:28:22: warning: barcheck failed at: 3/4
      r4 r8 b'8 f''4 
                     |
/tmp/bench_out/handel-leadsheet.ly:35:22: warning: barcheck failed at: 3/4
      r4 r8 b'8 f''4 
                     |
/tmp/bench_out/handel-leadsheet.ly:100:37: warning: barcheck failed at: 3/4
      r8 fis''8 a''8 r8 fis''8 b''8 
                                    |
/tmp/bench_out/handel-leadsheet.ly:106:37: warning: barcheck failed at: 3/4
      r8 fis''8 a''8 r8 fis''8 b''8 
                                    |
/tmp/bench_out/handel-leadsheet.ly:29:13: warning: barcheck failed at: 25/32
      e''32 
            |
/tmp/bench_out/handel-leadsheet.ly:36:13: warning: barcheck failed at: 25/32
      e''32 
            |
/tmp/bench_out/handel-leadsheet.ly:236:55: warning: barcheck failed at: 27/32
      <e'' e''>8 fis''16 e''8 d''8 cis''8 b'8 cis''32 
                                                      |
/tmp/bench_out/handel-leadsheet.ly:243:55: warning: barcheck failed at: 27/32
      <e'' e''>8 fis''16 e''8 d''8 cis''8 b'8 cis''32 
                                                      |
/tmp/bench_out/handel-leadsheet.ly:17:22: warning: barcheck failed at: 7/8
    f''16 f''16 e''8 
                     |
/tmp/bench_out/handel-leadsheet.ly:202:20: warning: barcheck failed at: 29/32
      e''8 d''8 r4 
                   |
/tmp/bench_out/handel-leadsheet.ly:257:48: warning: barcheck failed at: 15/16
      b'8 cis'8 ais8 fis16 b16 b'8 b,8 <e e>16 
                                               |
/tmp/bench_out/handel-leadsheet.ly:264:48: warning: barcheck failed at: 15/16
      b'8 cis'8 ais8 fis16 b16 b'8 b,8 <e e>16 
                                               |
/tmp/bench_out/handel-leadsheet.ly:65:36: warning: barcheck failed at: 31/32
      e''8 d''16 cis''16 b'8 r4 r1 
                                   |
/tmp/bench_out/handel-leadsheet.ly:244:14: warning: barcheck failed at: 3/32
      r8 b'8 
             |
/tmp/bench_out/handel-leadsheet.ly:58:32: warning: barcheck failed at: 3/16
      a'8 g'8 fis'16 e'8 r4 r1 
                               |
/tmp/bench_out/handel-leadsheet.ly:172:41: warning: barcheck failed at: 3/16
      e''4 fis''4 gis''4.. r1 b''8 b''8 
                                        |
/tmp/bench_out/handel-leadsheet.ly:179:41: warning: barcheck failed at: 3/16
      e''4 fis''4 gis''4.. r1 b''8 b''8 
                                        |
/tmp/bench_out/handel-leadsheet.ly:66:14: warning: barcheck failed at: 7/32
      cis''4 
             |
/tmp/bench_out/handel-leadsheet.ly:224:30: warning: barcheck failed at: 7/32
      r8 e''4 gis''4 r8 a''8 
                             |
/tmp/bench_out/handel-leadsheet.ly:101:17: warning: barcheck failed at: 1/4
      r8 a'4 r8 
                |
/tmp/bench_out/handel-leadsheet.ly:120:29: warning: barcheck failed at: 1/4
      r8 gis'4 e'4 r8 fis'8 
                            |
/tmp/bench_out/handel-leadsheet.ly:80:19: warning: barcheck failed at: 17/64
      c''64 g'''1 
                  |
/tmp/bench_out/handel-leadsheet.ly:203:17: warning: barcheck failed at: 9/32
      r8 r8 b'8 
                |
/tmp/bench_out/handel-leadsheet.ly:126:17: warning: barcheck failed at: 3/8
      r8 r8 b'4 
                |
/tmp/bench_out/handel-leadsheet.ly:155:18: warning: barcheck failed at: 3/8
      r8 cis8 r8 
                 |
/tmp/bench_out/handel-leadsheet.ly:245:32: warning: barcheck failed at: 3/8
      gis'32 b'8 cis''16 d''16 
                               |
/tmp/bench_out/handel-leadsheet.ly:59:14: warning: barcheck failed at: 7/16
      cis''4 
             |
/tmp/bench_out/handel-leadsheet.ly:107:28: warning: barcheck failed at: 1/2
      r8 b'8 r8 b'8 fis''4 
                           |
/tmp/bench_out/handel-leadsheet.ly:173:42: warning: barcheck failed at: 1/2
      r8 <fis'' fis''>16 gis''16 fis''16 
                                         |
/tmp/bench_out/handel-leadsheet.ly:180:42: warning: barcheck failed at: 1/2
      r8 <fis'' fis''>16 gis''16 fis''16 
                                         |
/tmp/bench_out/handel-leadsheet.ly:87:19: warning: barcheck failed at: 33/64
      c''64 g'''1 
                  |
/tmp/bench_out/handel-leadsheet.ly:265:16: warning: barcheck failed at: 9/16
      r8 e4 e4 
               |
/tmp/bench_out/handel-leadsheet.ly:237:77: warning: barcheck failed at: 43/64
      r8 fis'8 fis'8 gis'32 fis'64 <e' d''>32 e'16 gis'16 ais'8 <b' fis''>8 
                                                                            |
/tmp/bench_out/handel-leadsheet.ly:67:28: warning: barcheck failed at: 23/32
      e''8 d''8 cis''8 b'8 
                           |
/tmp/bench_out/handel-leadsheet.ly:161:29: warning: barcheck failed at: 3/4
      cis'8 r8 dis4 r8 dis8 
                            |
/tmp/bench_out/handel-leadsheet.ly:143:71: warning: barcheck failed at: 13/16
    cis'8 b8 a8 a8 cis'8 b8 cis'8 dis'8 cis'8 b8 b8 dis'8 cis'8 dis'8 
                                                                      |
/tmp/bench_out/handel-leadsheet.ly:46:37: warning: barcheck failed at: 7/8
    r1 r4 r8 fis''8 b''8 b'8 cis''8 
                                    |
/tmp/bench_out/handel-leadsheet.ly:174:19: warning: barcheck failed at: 1/8
      r4 r8 gis'4 
                  |
/tmp/bench_out/handel-leadsheet.ly:30:17: warning: barcheck failed at: 5/32
      r1 r8 g'4 
                |
/tmp/bench_out/handel-leadsheet.ly:37:17: warning: barcheck failed at: 5/32
      r1 r8 b'4 
                |
/tmp/bench_out/handel-leadsheet.ly:238:72: warning: barcheck failed at: 15/64
      ais'32 gis'32 fis'32 fis'16 ais'16 b'8 cis''8 b'32 ais'32 gis'32 
                                                                       |
/tmp/bench_out/handel-leadsheet.ly:18:20: warning: barcheck failed at: 1/4
    r1 r8 b'8 e''8 
                   |
/tmp/bench_out/handel-leadsheet.ly:258:29: warning: barcheck failed at: 1/4
      r8 b,16 dis16 b,16 e1 
                            |
/tmp/bench_out/handel-leadsheet.ly:60:46: warning: barcheck failed at: 3/8
      a'4 g'16 fis'16 e'16 e'8 g'8 fis'8 g'8 
                                             |
/tmp/bench_out/handel-leadsheet.ly:181:34: warning: barcheck failed at: 3/8
      gis''8 fis''8 r4 r8 cis''4 
                                 |
/tmp/bench_out/handel-leadsheet.ly:81:47: warning: barcheck failed at: 25/64
      fis''8 fis'8 g'8 b'8 c''4 r8 <c'' c''>4 
                                              |
/tmp/bench_out/handel-leadsheet.ly:88:47: warning: barcheck failed at: 41/64
      fis''8 fis'8 g'8 b'8 c''4 r8 <c'' c''>4 
                                              |
/tmp/bench_out/handel-leadsheet.ly:266:33: warning: barcheck failed at: 11/16
      fis4 r8 fis8 gis4 r8 gis4 
                                |
/tmp/bench_out/handel-leadsheet.ly:144:91: warning: barcheck failed at: 7/8
    e'16 dis'8 cis'8 cis'8 e'8 dis'16 e'16 fis'64 e'64 dis'64 cis'32 b8 fis'8 e'32 fis'64 
                                                                                          |
/tmp/bench_out/handel-leadsheet.ly:175:35: warning: barcheck failed at: 1/4
      r8 cis''4 d''4 r8 d''8 e''4 
                                  |
/tmp/bench_out/handel-leadsheet.ly:259:33: warning: barcheck failed at: 3/8
      fis4 r8 fis8 gis4 r8 gis4 
                                |
/tmp/bench_out/handel-leadsheet.ly:48:23: warning: barcheck failed at: 1/2
    r1 r8 d''8 fis''4 
                      |
/tmp/bench_out/handel-leadsheet.ly:182:35: warning: barcheck failed at: 1/2
      r8 cis''4 d''4 r8 d''8 e''4 
                                  |
Preprocessing graphical objects...
Interpreting music...
/tmp/bench_out/handel-leadsheet.ly:193:14: warning: barcheck failed at: 1/16
      gis'16 
             |
/tmp/bench_out/handel-leadsheet.ly:214:47: warning: barcheck failed at: 3/32
      fis''64 a''64 b''64 a''64 a''64 cis''64 
                                              |
/tmp/bench_out/handel-leadsheet.ly:221:47: warning: barcheck failed at: 3/32
      fis''64 a''64 b''64 a''64 a''64 cis''64 
                                              |
/tmp/bench_out/handel-leadsheet.ly:64:23: warning: barcheck failed at: 11/32
      b'16 e''32 e''4 
                      |
/tmp/bench_out/handel-leadsheet.ly:78:16: warning: barcheck failed at: 3/8
      c''4 e'8 
               |
/tmp/bench_out/handel-leadsheet.ly:118:17: warning: barcheck failed at: 3/8
      r8 a'8 r8 
                |
/tmp/bench_out/handel-leadsheet.ly:194:22: warning: barcheck failed at: 7/16
      d''8 e''8 d''8 
                     |
/tmp/bench_out/handel-leadsheet.ly:57:15: warning: barcheck failed at: 1/2
      g'4 a'4 
              |
/tmp/bench_out/handel-leadsheet.ly:215:26: warning: barcheck failed at: 17/32
      r16 a''8 a''8 a''8 
                         |
/tmp/bench_out/handel-leadsheet.ly:222:26: warning: barcheck failed at: 17/32
      r16 a''8 a''8 a''8 
                         |
/tmp/bench_out/handel-leadsheet.ly:85:22: warning: barcheck failed at: 3/4
      c''4 d''4 e''4 
                     |
/tmp/bench_out/handel-leadsheet.ly:124:29: warning: barcheck failed at: 7/8
      r8 dis''4 r8 b'8 e''4 
                            |
/tmp/bench_out/handel-leadsheet.ly:134:31: warning: barcheck failed at: 7/8
    r8 fis'8 a'4 r8 gis'8 b'8 
                              |
/tmp/bench_out/handel-leadsheet.ly:200:43: warning: barcheck failed at: 1/32
      b'8 e''4 d''8 e''8.. gis''16 gis''4 
                                          |
/tmp/bench_out/handel-leadsheet.ly:142:69: warning: barcheck failed at: 1/16
    a8 gis16 fis8 fis16 a16 gis16 a16 b8 a16 gis8 gis16 b32 a32 b16 
                                                                    |
/tmp/bench_out/handel-leadsheet.ly:216:18: warning: barcheck failed at: 3/32
      r4 r16 a'4 
                 |
/tmp/bench_out/handel-leadsheet.ly:235:26: warning: barcheck failed at: 1/8
      r4 r8 e'4 gis'4 r4 
                         |
/tmp/bench_out/handel-leadsheet.ly:242:39: warning: barcheck failed at: 1/8
      gis''8 fis''8 e''8 r4 r8 r4 b'8 
                                      |
/tmp/bench_out/handel-leadsheet.ly:256:33: warning: barcheck failed at: 1/8
      e8 b'4 gis8 ais8 b8 e8 e4 
                                |
/tmp/bench_out/handel-leadsheet.ly:263:33: warning: barcheck failed at: 1/8
      e8 b'4 gis8 ais8 b8 e8 e4 
                                |
/tmp/bench_out/handel-leadsheet.ly:79:27: warning: barcheck failed at: 1/4
      fis'4 g'4 r8 fis''4 
                          |
/tmp/bench_out/handel-leadsheet.ly:223:28: warning: barcheck failed at: 11/32
      a''8 a'8 r4 r16 d''4 
                           |
/tmp/bench_out/handel-leadsheet.ly:201:22: warning: barcheck failed at: 13/32
      d''8 e''8 d''8 
                     |
/tmp/bench_out/handel-leadsheet.ly:86:30: warning: barcheck failed at: 1/2
      c''4 r8 e''8 fis'8 g'8 
                             |
/tmp/bench_out/handel-leadsheet.ly:217:17: warning: barcheck failed at: 19/32
      r8 r8 a'4 
                |
/tmp/bench_out/handel-leadsheet.ly:16:40: warning: barcheck failed at: 5/8
    r8 b'8 e''4 e''64 d''64 c''32 b'16 
                                       |
/tmp/bench_out/handel-leadsheet.ly:28:22: warning: barcheck failed at: 3/4
      r4 r8 b'8 f''4 
                     |
/tmp/bench_out/handel-leadsheet.ly:35:22: warning: barcheck failed at: 3/4
      r4 r8 b'8 f''4 
                     |
/tmp/bench_out/handel-leadsheet.ly:100:37: warning: barcheck failed at: 3/4
      r8 fis''8 a''8 r8 fis''8 b''8 
                                    |
/tmp/bench_out/handel-leadsheet.ly:106:37: warning: barcheck failed at: 3/4
      r8 fis''8 a''8 r8 fis''8 b''8 
                                    |
/tmp/bench_out/handel-leadsheet.ly:29:13: warning: barcheck failed at: 25/32
      e''32 
            |
/tmp/bench_out/handel-leadsheet.ly:36:13: warning: barcheck failed at: 25/32
      e''32 
            |
/tmp/bench_out/handel-leadsheet.ly:236:55: warning: barcheck failed at: 27/32
      <e'' e''>8 fis''16 e''8 d''8 cis''8 b'8 cis''32 
                                                      |
/tmp/bench_out/handel-leadsheet.ly:243:55: warning: barcheck failed at: 27/32
      <e'' e''>8 fis''16 e''8 d''8 cis''8 b'8 cis''32 
                                                      |
/tmp/bench_out/handel-leadsheet.ly:17:22: warning: barcheck failed at: 7/8
    f''16 f''16 e''8 
                     |
/tmp/bench_out/handel-leadsheet.ly:202:20: warning: barcheck failed at: 29/32
      e''8 d''8 r4 
                   |
/tmp/bench_out/handel-leadsheet.ly:257:48: warning: barcheck failed at: 15/16
      b'8 cis'8 ais8 fis16 b16 b'8 b,8 <e e>16 
                                               |
/tmp/bench_out/handel-leadsheet.ly:264:48: warning: barcheck failed at: 15/16
      b'8 cis'8 ais8 fis16 b16 b'8 b,8 <e e>16 
                                               |
/tmp/bench_out/handel-leadsheet.ly:65:36: warning: barcheck failed at: 31/32
      e''8 d''16 cis''16 b'8 r4 r1 
                                   |
/tmp/bench_out/handel-leadsheet.ly:244:14: warning: barcheck failed at: 3/32
      r8 b'8 
             |
/tmp/bench_out/handel-leadsheet.ly:58:32: warning: barcheck failed at: 3/16
      a'8 g'8 fis'16 e'8 r4 r1 
                               |
/tmp/bench_out/handel-leadsheet.ly:172:41: warning: barcheck failed at: 3/16
      e''4 fis''4 gis''4.. r1 b''8 b''8 
                                        |
/tmp/bench_out/handel-leadsheet.ly:179:41: warning: barcheck failed at: 3/16
      e''4 fis''4 gis''4.. r1 b''8 b''8 
                                        |
/tmp/bench_out/handel-leadsheet.ly:66:14: warning: barcheck failed at: 7/32
      cis''4 
             |
/tmp/bench_out/handel-leadsheet.ly:224:30: warning: barcheck failed at: 7/32
      r8 e''4 gis''4 r8 a''8 
                             |
/tmp/bench_out/handel-leadsheet.ly:101:17: warning: barcheck failed at: 1/4
      r8 a'4 r8 
                |
/tmp/bench_out/handel-leadsheet.ly:120:29: warning: barcheck failed at: 1/4
      r8 gis'4 e'4 r8 fis'8 
                            |
/tmp/bench_out/handel-leadsheet.ly:80:19: warning: barcheck failed at: 17/64
      c''64 g'''1 
                  |
/tmp/bench_out/handel-leadsheet.ly:203:17: warning: barcheck failed at: 9/32
      r8 r8 b'8 
                |
/tmp/bench_out/handel-leadsheet.ly:126:17: warning: barcheck failed at: 3/8
      r8 r8 b'4 
                |
/tmp/bench_out/handel-leadsheet.ly:155:18: warning: barcheck failed at: 3/8
      r8 cis8 r8 
                 |
/tmp/bench_out/handel-leadsheet.ly:245:32: warning: barcheck failed at: 3/8
      gis'32 b'8 cis''16 d''16 
                               |
/tmp/bench_out/handel-leadsheet.ly:59:14: warning: barcheck failed at: 7/16
      cis''4 
             |
/tmp/bench_out/handel-leadsheet.ly:107:28: warning: barcheck failed at: 1/2
      r8 b'8 r8 b'8 fis''4 
                           |
/tmp/bench_out/handel-leadsheet.ly:173:42: warning: barcheck failed at: 1/2
      r8 <fis'' fis''>16 gis''16 fis''16 
                                         |
/tmp/bench_out/handel-leadsheet.ly:180:42: warning: barcheck failed at: 1/2
      r8 <fis'' fis''>16 gis''16 fis''16 
                                         |
/tmp/bench_out/handel-leadsheet.ly:87:19: warning: barcheck failed at: 33/64
      c''64 g'''1 
                  |
/tmp/bench_out/handel-leadsheet.ly:265:16: warning: barcheck failed at: 9/16
      r8 e4 e4 
               |
/tmp/bench_out/handel-leadsheet.ly:237:77: warning: barcheck failed at: 43/64
      r8 fis'8 fis'8 gis'32 fis'64 <e' d''>32 e'16 gis'16 ais'8 <b' fis''>8 
                                                                            |
/tmp/bench_out/handel-leadsheet.ly:67:28: warning: barcheck failed at: 23/32
      e''8 d''8 cis''8 b'8 
                           |
/tmp/bench_out/handel-leadsheet.ly:161:29: warning: barcheck failed at: 3/4
      cis'8 r8 dis4 r8 dis8 
                            |
/tmp/bench_out/handel-leadsheet.ly:143:71: warning: barcheck failed at: 13/16
    cis'8 b8 a8 a8 cis'8 b8 cis'8 dis'8 cis'8 b8 b8 dis'8 cis'8 dis'8 
                                                                      |
/tmp/bench_out/handel-leadsheet.ly:46:37: warning: barcheck failed at: 7/8
    r1 r4 r8 fis''8 b''8 b'8 cis''8 
                                    |
/tmp/bench_out/handel-leadsheet.ly:174:19: warning: barcheck failed at: 1/8
      r4 r8 gis'4 
                  |
/tmp/bench_out/handel-leadsheet.ly:30:17: warning: barcheck failed at: 5/32
      r1 r8 g'4 
                |
/tmp/bench_out/handel-leadsheet.ly:37:17: warning: barcheck failed at: 5/32
      r1 r8 b'4 
                |
/tmp/bench_out/handel-leadsheet.ly:238:72: warning: barcheck failed at: 15/64
      ais'32 gis'32 fis'32 fis'16 ais'16 b'8 cis''8 b'32 ais'32 gis'32 
                                                                       |
/tmp/bench_out/handel-leadsheet.ly:18:20: warning: barcheck failed at: 1/4
    r1 r8 b'8 e''8 
                   |
/tmp/bench_out/handel-leadsheet.ly:258:29: warning: barcheck failed at: 1/4
      r8 b,16 dis16 b,16 e1 
                            |
/tmp/bench_out/handel-leadsheet.ly:60:46: warning: barcheck failed at: 3/8
      a'4 g'16 fis'16 e'16 e'8 g'8 fis'8 g'8 
                                             |
/tmp/bench_out/handel-leadsheet.ly:181:34: warning: barcheck failed at: 3/8
      gis''8 fis''8 r4 r8 cis''4 
                                 |
/tmp/bench_out/handel-leadsheet.ly:81:47: warning: barcheck failed at: 25/64
      fis''8 fis'8 g'8 b'8 c''4 r8 <c'' c''>4 
                                              |
/tmp/bench_out/handel-leadsheet.ly:88:47: warning: barcheck failed at: 41/64
      fis''8 fis'8 g'8 b'8 c''4 r8 <c'' c''>4 
                                              |
/tmp/bench_out/handel-leadsheet.ly:266:33: warning: barcheck failed at: 11/16
      fis4 r8 fis8 gis4 r8 gis4 
                                |
/tmp/bench_out/handel-leadsheet.ly:144:91: warning: barcheck failed at: 7/8
    e'16 dis'8 cis'8 cis'8 e'8 dis'16 e'16 fis'64 e'64 dis'64 cis'32 b8 fis'8 e'32 fis'64 
                                                                                          |
/tmp/bench_out/handel-leadsheet.ly:175:35: warning: barcheck failed at: 1/4
      r8 cis''4 d''4 r8 d''8 e''4 
                                  |
/tmp/bench_out/handel-leadsheet.ly:259:33: warning: barcheck failed at: 3/8
      fis4 r8 fis8 gis4 r8 gis4 
                                |
/tmp/bench_out/handel-leadsheet.ly:48:23: warning: barcheck failed at: 1/2
    r1 r8 d''8 fis''4 
                      |
/tmp/bench_out/handel-leadsheet.ly:182:35: warning: barcheck failed at: 1/2
      r8 cis''4 d''4 r8 d''8 e''4 
                                  |
MIDI output to `/tmp/bench_out/handel-leadsheet.midi'...
Finding the ideal number of pages...
Fitting music on 1 or 2 pages...
Drawing systems...
Converting to `/tmp/bench_out/handel-leadsheet.pdf'...
Success: compilation successfully completed
