start Mon Jul 13 23:16:42 MST 2026
  beet5-p2-sys0-s0-m0: dets=4  ported=0  conf_range=[0.49..0.81]
  beet5-p2-sys0-s1-m0: dets=4  ported=0  conf_range=[0.41..0.71]
  beet5-p2-sys0-s2-m0: dets=3  ported=0  conf_range=[0.44..0.50]
  beet5-p2-sys0-s3-m0: dets=7  ported=0  conf_range=[0.41..0.65]
  beet5-p2-sys1-s4-m0: dets=8  ported=0  conf_range=[0.41..0.59]
  beet5-p2-sys1-s5-m0: dets=11  ported=0  conf_range=[0.42..0.62]
  beet5-p2-sys1-s6-m0: dets=2  ported=0  conf_range=[0.40..0.52]
  beet5-p2-sys2-s7-m0: dets=6  ported=0  conf_range=[0.41..0.83]
  beet5-p2-sys2-s8-m0: dets=4  ported=0  conf_range=[0.51..0.65]
  beet5-p2-sys2-s9-m0: dets=5  ported=0  conf_range=[0.48..0.74]
  beet5-p2-sys2-s10-m0: dets=3  ported=0  conf_range=[0.50..0.57]
  beet5-p2-sys2-s11-m0: dets=1  ported=0  conf_range=[0.55..0.55]
  bolero-p2-sys0-s0-m0: dets=2  ported=0  conf_range=[0.73..0.92]
  bolero-p2-sys0-s1-m0: dets=4  ported=0  conf_range=[0.46..0.91]
  bolero-p2-sys0-s2-m0: dets=4  ported=0  conf_range=[0.50..0.92]
  bolero-p2-sys0-s3-m0: dets=1  ported=0  conf_range=[0.78..0.78]
  bolero-p2-sys0-s4-m0: dets=4  ported=0  conf_range=[0.52..0.93]
  bolero-p2-sys0-s5-m0: dets=4  ported=0  conf_range=[0.45..0.92]
  bolero-p2-sys0-s6-m0: dets=5  ported=0  conf_range=[0.42..0.92]
  bolero-p2-sys0-s7-m0: dets=3  ported=0  conf_range=[0.43..0.76]
  bolero-p2-sys0-s8-m0: dets=4  ported=0  conf_range=[0.48..0.86]
  bolero-p2-sys1-s9-m0: dets=4  ported=0  conf_range=[0.46..0.91]
  bolero-p2-sys1-s10-m0: dets=3  ported=0  conf_range=[0.41..0.93]
  bolero-p2-sys1-s11-m0: dets=3  ported=0  conf_range=[0.56..0.93]
  bolero-p2-sys1-s12-m0: dets=2  ported=0  conf_range=[0.73..0.87]
  bolero-p2-sys1-s13-m0: dets=3  ported=0  conf_range=[0.59..0.92]
  bolero-p2-sys1-s14-m0: dets=3  ported=0  conf_range=[0.44..0.92]
  bolero-p2-sys1-s15-m0: dets=10  ported=0  conf_range=[0.49..0.92]
  bolero-p2-sys1-s16-m0: dets=10  ported=0  conf_range=[0.44..0.91]
  bolero-p2-sys1-s17-m0: dets=2  ported=0  conf_range=[0.76..0.85]
  bolero-p2-sys2-s18-m0: dets=3  ported=0  conf_range=[0.45..0.60]
  bolero-p2-sys3-s19-m0: dets=1  ported=0  conf_range=[0.83..0.83]
  bolero-p2-sys3-s20-m0: dets=1  ported=0  conf_range=[0.80..0.80]
  bolero-p2-sys3-s21-m0: dets=5  ported=0  conf_range=[0.45..0.80]
  bolero-p2-sys3-s22-m0: dets=4  ported=0  conf_range=[0.58..0.88]
  bolero-p2-sys3-s23-m0: dets=1  ported=0  conf_range=[0.78..0.78]
  mahler5-p2-sys0-s0-m0: dets=3  ported=0  conf_range=[0.40..0.76]
  mahler5-p2-sys0-s1-m0: dets=8  ported=0  conf_range=[0.48..0.69]
  mahler5-p2-sys0-s2-m0: dets=6  ported=0  conf_range=[0.41..0.67]
  mahler5-p2-sys0-s3-m0: dets=11  ported=0  conf_range=[0.41..0.70]
  mahler5-p2-sys0-s4-m0: dets=7  ported=0  conf_range=[0.40..0.78]
  mahler5-p2-sys1-s5-m0: dets=8  ported=0  conf_range=[0.42..0.79]
  mahler5-p2-sys1-s6-m0: dets=6  ported=0  conf_range=[0.42..0.72]
  mahler5-p2-sys2-s7-m0: dets=7  ported=0  conf_range=[0.41..0.70]
  mahler5-p2-sys2-s8-m0: dets=2  ported=0  conf_range=[0.40..0.41]
  mahler5-p2-sys3-s9-m0: dets=11  ported=0  conf_range=[0.41..0.78]
  mahler5-p2-sys3-s10-m0: dets=8  ported=0  conf_range=[0.42..0.75]
  mahler5-p2-sys3-s11-m0: dets=16  ported=0  conf_range=[0.43..0.74]
  mahler5-p2-sys3-s12-m0: dets=16  ported=0  conf_range=[0.41..0.93]
  mahler5-p2-sys4-s13-m0: dets=10  ported=0  conf_range=[0.40..0.68]
  mahler5-p2-sys4-s14-m0: dets=8  ported=0  conf_range=[0.42..0.75]
  mahler5-p2-sys4-s15-m0: dets=10  ported=0  conf_range=[0.40..0.87]
  mahler5-p2-sys5-s16-m0: dets=6  ported=0  conf_range=[0.55..0.74]
  mahler5-p2-sys5-s17-m0: dets=4  ported=0  conf_range=[0.65..0.79]
  wtc-p3-sys0-s0-m0: dets=36  ported=0  conf_range=[0.48..0.95]
  wtc-p3-sys0-s1-m0: dets=12  ported=0  conf_range=[0.41..0.91]
  kirchhoff-p2-sys0-s0-m0: dets=7  ported=0  conf_range=[0.55..0.97]
  kirchhoff-p2-sys0-s1-m0: dets=107  ported=0  conf_range=[0.51..0.94]
  kirchhoff-p6-sys0-s0-m0: dets=11  ported=0  conf_range=[0.44..0.96]
  kirchhoff-p6-sys0-s1-m0: dets=92  ported=0  conf_range=[0.45..0.94]
  kirchhoff-p6-sys0-s2-m0: dets=6  ported=0  conf_range=[0.46..0.96]
  kirchhoff-p6-sys0-s3-m0: dets=110  ported=0  conf_range=[0.44..0.95]
  kirchhoff-p6-sys0-s4-m0: dets=5  ported=0  conf_range=[0.62..0.96]
  kirchhoff-p6-sys0-s5-m0: dets=105  ported=0  conf_range=[0.40..0.95]
  kirchhoff-p6-sys0-s6-m0: dets=4  ported=0  conf_range=[0.63..0.96]
  kirchhoff-p6-sys0-s7-m0: dets=124  ported=0  conf_range=[0.44..0.95]
  kirchhoff-p10-sys0-s0-m0: dets=4  ported=0  conf_range=[0.41..0.81]
  kirchhoff-p10-sys0-s1-m0: dets=12  ported=0  conf_range=[0.41..0.75]

wrote benchmarks/omr-labeling-timesig-2026-07-13/yolo-scratch/_summary.json
DONE Mon Jul 13 23:17:12 MST 2026
