changed pitch subjects: 53
pitch-changed-but-not-refused groups: 17
rendering page 3 at 600 dpi ...
P01-glyph-3-0-0-1-right ['g3:kept:decided=0.62/raw=56%', 'g9:kept:decided=1.00/raw=91%', 'g10:kept:decided=0.68/raw=70%']
P02-glyph-3-0-0-2-right ['g4:kept:decided=1.00/raw=81%', 'g9:kept:decided=1.00/raw=99%']
P03-glyph-3-0-0-7-right ['g1:kept:decided=1.00/raw=76%', 'g2:kept:decided=1.00/raw=79%']
P04-glyph-3-0-1-3-right ['g8:kept:decided=0.58/raw=54%', 'g10:kept:decided=0.75/raw=77%']
P05-glyph-3-0-1-6-right ['g2:kept:decided=0.84/raw=86%', 'g3:kept:decided=0.74/raw=67%']
P06-glyph-3-0-4-13-left ['g2:kept:decided=0.78/raw=74%', 'g6:kept:decided=0.73/raw=70%']
P07-glyph-3-0-8-9-left ['g0:kept:decided=1.00/raw=86%', 'g2:kept:decided=1.00/raw=77%', 'g3:kept:decided=1.00/raw=97%']
P08-glyph-3-0-9-5-left ['g2:kept:decided=0.71/raw=66%', 'g5:kept:decided=0.88/raw=82%']
P09-glyph-3-0-9-6-left ['g5:kept:decided=0.70/raw=73%', 'g6:kept:decided=0.96/raw=76%', 'g7:kept:decided=0.64/raw=74%']
P10-glyph-3-1-2-4-right ['g2:kept:decided=0.77/raw=71%', 'g3:kept:decided=0.65/raw=71%']
P11-glyph-3-1-2-5-left ['g0:kept:decided=0.77/raw=75%', 'g2:kept:decided=0.78/raw=80%']
P12-glyph-3-1-2-6-right ['g1:kept:decided=0.60/raw=54%', 'g3:kept:decided=0.78/raw=78%']
P13-glyph-3-1-2-7-left ['g0:kept:decided=0.71/raw=70%', 'g1:kept:decided=0.80/raw=81%']
P14-glyph-3-1-2-10-left ['g1:kept:decided=0.67/raw=63%', 'g2:kept:decided=0.75/raw=76%']
P15-glyph-3-1-2-16-left ['g2:kept:decided=0.66/raw=76%', 'g3:kept:decided=0.58/raw=64%']
P16-glyph-3-1-3-2-left ['g3:kept:decided=0.72/raw=75%', 'g4:kept:decided=0.71/raw=76%']
P17-glyph-3-1-4-1-right ['g1:kept:decided=1.00/raw=99%', 'g4:kept:decided=1.00/raw=96%']
17 crops written
