rendering page 3 at 600 dpi ...
G01-glyph-3-0-0-0-right ['g8:REFUSED:decided=0.62/raw=55%', 'g13:kept:decided=0.70/raw=62%', 'g15:kept:decided=0.76/raw=74%']
G02-glyph-3-0-0-4-right ['g7:kept:decided=0.88/raw=85%', 'g8:REFUSED:decided=0.88/raw=88%', 'g9:kept:decided=0.95/raw=68%']
G03-glyph-3-0-1-4-left ['g10:REFUSED:decided=0.65/raw=70%', 'g12:REFUSED:decided=0.75/raw=68%', 'g13:kept:decided=0.82/raw=55%']
G04-glyph-3-0-10-6-left ['g2:REFUSED:decided=0.84/raw=62%', 'g3:REFUSED:decided=0.51/raw=77%', 'g4:kept:decided=0.98/raw=71%']
G05-glyph-3-0-2-3-right ['g10:kept:decided=0.73/raw=76%', 'g13:REFUSED:decided=0.60/raw=67%']
G06-glyph-3-0-2-4-right ['g6:kept:decided=0.67/raw=78%', 'g9:REFUSED:decided=0.66/raw=78%']
G07-glyph-3-0-3-5-right ['g2:REFUSED:decided=0.77/raw=69%', 'g10:kept:decided=0.77/raw=71%']
G08-glyph-3-0-3-6-right ['g2:kept:decided=0.69/raw=77%', 'g3:REFUSED:decided=0.66/raw=80%', 'g5:REFUSED:decided=0.68/raw=75%']
G09-glyph-3-0-4-11-right ['g2:kept:decided=0.55/raw=69%', 'g4:REFUSED:decided=0.55/raw=69%']
G10-glyph-3-0-4-12-right ['g2:REFUSED:decided=0.65/raw=73%', 'g3:kept:decided=1.00/raw=77%']
G11-glyph-3-0-4-6-left ['g4:REFUSED:decided=0.63/raw=80%', 'g5:kept:decided=0.71/raw=83%', 'g6:REFUSED:decided=0.49/raw=74%']
G12-glyph-3-0-5-2-left ['g2:kept:decided=1.00/raw=77%', 'g7:REFUSED:decided=0.96/raw=68%', 'g8:kept:decided=1.00/raw=93%']
G13-glyph-3-0-5-4-left ['g4:REFUSED:decided=0.64/raw=80%', 'g5:kept:decided=0.97/raw=72%']
G14-glyph-3-0-5-5-left ['g6:REFUSED:decided=0.82/raw=73%', 'g7:kept:decided=0.83/raw=73%']
G15-glyph-3-0-5-6-left ['g2:REFUSED:decided=0.88/raw=77%', 'g4:kept:decided=0.88/raw=77%']
G16-glyph-3-0-6-5-left ['g3:kept:decided=0.94/raw=73%', 'g4:REFUSED:decided=0.58/raw=77%']
G17-glyph-3-0-8-7-left ['g0:kept:decided=1.00/raw=77%', 'g8:REFUSED:decided=0.57/raw=72%', 'g9:kept:decided=0.96/raw=94%']
G18-glyph-3-0-9-0-left ['g5:kept:decided=0.84/raw=67%', 'g7:REFUSED:decided=0.80/raw=74%', 'g9:REFUSED:decided=0.73/raw=74%', 'g12:kept:decided=0.81/raw=68%']
G19-glyph-3-1-2-11-left ['g1:kept:decided=0.74/raw=67%', 'g2:REFUSED:decided=0.63/raw=75%', 'g3:kept:decided=0.71/raw=77%']
G20-glyph-3-1-2-15-right ['g0:kept:decided=0.71/raw=66%', 'g2:REFUSED:decided=0.64/raw=80%']
G21-glyph-3-1-2-8-right ['g4:kept:decided=0.76/raw=74%', 'g5:REFUSED:decided=0.72/raw=77%', 'g9:REFUSED:decided=0.63/raw=73%', 'g10:kept:decided=0.67/raw=73%']
G22-glyph-3-1-2-9-left ['g1:REFUSED:decided=0.65/raw=73%', 'g2:REFUSED:decided=0.64/raw=76%', 'g3:kept:decided=0.66/raw=73%', 'g5:REFUSED:decided=0.65/raw=77%']
G23-glyph-3-1-3-0-left ['g6:kept:decided=0.73/raw=75%', 'g7:REFUSED:decided=0.69/raw=77%']
G24-glyph-3-1-3-3-left ['g1:REFUSED:decided=0.73/raw=79%', 'g2:kept:decided=0.73/raw=77%']
G25-glyph-3-1-3-8-left ['g3:REFUSED:decided=0.79/raw=79%', 'g4:kept:decided=0.91/raw=75%', 'g5:kept:decided=0.81/raw=79%']
G26-glyph-3-1-4-12-right ['g2:kept:decided=1.00/raw=89%', 'g3:REFUSED:decided=0.51/raw=64%']
G27-glyph-3-1-5-11-left ['g2:REFUSED:decided=0.69/raw=77%', 'g3:kept:decided=0.79/raw=75%']
G28-glyph-3-1-5-13-left ['g0:REFUSED:decided=0.68/raw=73%', 'g2:kept:decided=0.69/raw=73%']
G29-glyph-3-1-5-15-left ['g0:REFUSED:decided=0.63/raw=78%', 'g2:kept:decided=0.64/raw=77%']
G30-glyph-3-1-5-5-left ['g0:REFUSED:decided=0.76/raw=80%', 'g2:kept:decided=0.88/raw=78%']
G31-glyph-3-1-5-6-left ['g2:kept:decided=0.90/raw=82%', 'g6:REFUSED:decided=0.86/raw=77%']
G32-glyph-3-1-5-7-left ['g1:kept:decided=0.58/raw=72%', 'g2:REFUSED:decided=0.54/raw=76%']
G33-glyph-3-1-6-1-right ['g0:kept:decided=0.85/raw=86%', 'g1:REFUSED:decided=0.77/raw=82%']
G34-glyph-3-1-6-10-right ['g1:kept:decided=0.79/raw=82%', 'g4:REFUSED:decided=0.75/raw=80%']
G35-glyph-3-1-6-15-right ['g0:REFUSED:decided=0.69/raw=74%', 'g1:kept:decided=0.69/raw=76%']
G36-glyph-3-1-6-17-right ['g1:kept:decided=0.78/raw=83%', 'g2:REFUSED:decided=0.77/raw=83%']
G37-glyph-3-1-6-3-right ['g1:kept:decided=0.66/raw=76%', 'g2:REFUSED:decided=0.65/raw=76%']
G38-glyph-3-1-6-4-right ['g1:kept:decided=0.72/raw=74%', 'g3:REFUSED:decided=0.71/raw=72%']
G39-glyph-3-1-6-5-right ['g0:REFUSED:decided=0.74/raw=81%', 'g1:kept:decided=0.75/raw=81%']
G40-glyph-3-1-6-6-right ['g1:REFUSED:decided=0.60/raw=73%', 'g3:kept:decided=0.63/raw=73%']
G41-glyph-3-1-7-17-right ['g3:REFUSED:decided=0.67/raw=70%', 'g5:REFUSED:decided=0.69/raw=70%', 'g6:kept:decided=0.74/raw=75%']
41 crops written to out/print/2.42/litolff
